ninja: Entering directory `/home/adi/.cache/chia-pin-smoke/bassert_g'
[1/1076] Building ArcPassesEnums.h.inc...
[2/1076] Building ArcPassesEnums.cpp.inc...
[3/1076] Building ESIPasses.h.inc...
[4/1076] Building FIRRTLEnums.h.inc...
[5/1076] Building ArcPasses.h.inc...
[6/1076] Building FIRRTLEnums.cpp.inc...
[7/1076] Building HandshakeEnums.cpp.inc...
[8/1076] Building HWAttributes.h.inc...
[9/1076] Building RTGEnums.cpp.inc...
[10/1076] Building RTGEnums.h.inc...
[11/1076] Building HWAttributes.cpp.inc...
[12/1076] Building OMAttributes.cpp.inc...
[13/1076] Building OMEnums.cpp.inc...
[14/1076] Building HandshakeEnums.h.inc...
[15/1076] Building OMEnums.h.inc...
[16/1076] Building RTGOpInterfaces.cpp.inc...
[17/1076] Building OMAttributes.h.inc...
[18/1076] Building SeqEnums.cpp.inc...
[19/1076] Building SeqEnums.h.inc...
[20/1076] Building FIRRTLAttributes.cpp.inc...
[21/1076] Building RTGOpInterfaces.h.inc...
[22/1076] Building HWEnums.h.inc...
[23/1076] Building HWEnums.cpp.inc...
[24/1076] Building VerifEnums.h.inc...
[25/1076] Building VerifEnums.cpp.inc...
[26/1076] Building Passes.h.inc...
[27/1076] Building FIRRTLAttributes.h.inc...
[28/1076] Building ArcEnums.cpp.inc...
[29/1076] Building HandshakeInterfaces.cpp.inc...
[30/1076] Building ArcEnums.h.inc...
[31/1076] Building ESIEnums.cpp.inc...
[32/1076] Building RTGTypeInterfaces.cpp.inc...
[33/1076] Building ESIEnums.h.inc...
[34/1076] Building RTGTypeInterfaces.h.inc...
[35/1076] Building Passes.h.inc...
[36/1076] Building HandshakeInterfaces.h.inc...
[37/1076] Building OMOpInterfaces.h.inc...
[38/1076] Building HandshakeAttributes.cpp.inc...
[39/1076] Building KanagawaPasses.h.inc...
[40/1076] Building LLHDEnums.cpp.inc...
[41/1076] Building OMOpInterfaces.cpp.inc...
[42/1076] Building HandshakeAttributes.h.inc...
[43/1076] Building RTGAttrInterfaces.cpp.inc...
[44/1076] Building LLHDEnums.h.inc...
[45/1076] Building RTGAttrInterfaces.h.inc...
[46/1076] Building HWCanonicalization.cpp.inc...
[47/1076] Building SimOpInterfaces.cpp.inc...
[48/1076] Building SimOpInterfaces.h.inc...
[49/1076] Building SynthOpInterfaces.cpp.inc...
[50/1076] Building SeqAttributes.h.inc...
[51/1076] Building RTGISAAssemblyAttrInterfaces.h.inc...
[52/1076] Building SynthOpInterfaces.h.inc...
[53/1076] Building SeqAttributes.cpp.inc...
[54/1076] Building RTGISAAssemblyAttrInterfaces.cpp.inc...
[55/1076] Building SystemCEnums.h.inc...
[56/1076] Building VerifOpInterfaces.cpp.inc...
[57/1076] Building FIRRTLCanonicalization.h.inc...
[58/1076] Building VerifOpInterfaces.h.inc...
[59/1076] Building SystemCEnums.cpp.inc...
[60/1076] Building InstanceGraphInterface.h.inc...
[61/1076] Building InstanceGraphInterface.cpp.inc...
[62/1076] Building AXI4Enums.cpp.inc...
[63/1076] Building FIRRTLOpInterfaces.cpp.inc...
[64/1076] Building AXI4Enums.h.inc...
[65/1076] Building FIRRTLOpInterfaces.h.inc...
[66/1076] Building ArcAttributes.cpp.inc...
[67/1076] Building CalyxEnums.h.inc...
[68/1076] Building ArcAttributes.h.inc...
[69/1076] Building CalyxEnums.cpp.inc...
[70/1076] Building ESIAttributes.cpp.inc...
[71/1076] Building HWOpInterfaces.cpp.inc...
[72/1076] Building HandshakeCanonicalization.h.inc...
[73/1076] Building ESIAttributes.h.inc...
[74/1076] Building FIRRTLTypeInterfaces.h.inc...
[75/1076] Building FIRRTLTypeInterfaces.cpp.inc...
[76/1076] Building HWOpInterfaces.h.inc...
[77/1076] Building HWArithEnums.h.inc...
[78/1076] Building HWArithEnums.cpp.inc...
[79/1076] Building LLHDAttributes.cpp.inc...
[80/1076] Building LLHDAttributes.h.inc...
[81/1076] Building LTLEnums.h.inc...
[82/1076] Building KanagawaInterfaces.h.inc...
[83/1076] Building KanagawaInterfaces.cpp.inc...
[84/1076] Building LTLEnums.cpp.inc...
[85/1076] Building RTGISAAssemblyTypeInterfaces.cpp.inc...
[86/1076] Building SeqPasses.h.inc...
[87/1076] Building MooreEnums.h.inc...
[88/1076] Building MooreEnums.cpp.inc...
[89/1076] Building RTGISAAssemblyTypeInterfaces.h.inc...
[90/1076] Building SimEnums.h.inc...
[91/1076] Building SimEnums.cpp.inc...
[92/1076] Building SynthEnums.h.inc...
[93/1076] Building SystemCAttributes.h.inc...
[94/1076] Building SynthEnums.cpp.inc...
[95/1076] Generating Version.cpp
-- Determining version with `git rev-parse --short HEAD`
-- CIRCT version: 5056ff0
[96/1076] Building SystemCAttributes.cpp.inc...
[97/1076] Building SVEnums.cpp.inc...
[98/1076] Building SVEnums.h.inc...
[99/1076] Building ArcInterfaces.h.inc...
[100/1076] Building ArcInterfaces.cpp.inc...
[101/1076] Building ArcDialect.cpp.inc...
[102/1076] Building ArcTypes.cpp.inc...
[103/1076] Building ArcDialect.h.inc...
[104/1076] Building ArcTypes.h.inc...
[105/1076] Building Arc.h.inc...
[106/1076] Building AXI4.cpp.inc...
[107/1076] Building AXI4Types.cpp.inc...
[108/1076] Building AXI4Dialect.h.inc...
[109/1076] Building AXI4Types.h.inc...
[110/1076] Building AXI4Dialect.cpp.inc...
[111/1076] Building AXI4.h.inc...
[112/1076] Building AXI4Attributes.cpp.inc...
[113/1076] Building Arc.cpp.inc...
[114/1076] Building AXI4Attributes.h.inc...
[115/1076] Building CalyxInterfaces.cpp.inc...
[116/1076] Building CalyxTypes.cpp.inc...
[117/1076] Building Calyx.cpp.inc...
[118/1076] Building CalyxDialect.cpp.inc...
[119/1076] Building CalyxInterfaces.h.inc...
[120/1076] Building CalyxTypes.h.inc...
[121/1076] Building CalyxDialect.h.inc...
[122/1076] Building Comb.h.inc...
[123/1076] Building Comb.cpp.inc...
[124/1076] Building CombDialect.cpp.inc...
[125/1076] Building CombDialect.h.inc...
[126/1076] Building CombTypes.h.inc...
[127/1076] Building Calyx.h.inc...
[128/1076] Building CombEnums.h.inc...
[129/1076] Building CombEnums.cpp.inc...
[130/1076] Building Datapath.h.inc...
[131/1076] Building DatapathDialect.h.inc...
[132/1076] Building CombTypes.cpp.inc...
[133/1076] Building DatapathDialect.cpp.inc...
[134/1076] Building Datapath.cpp.inc...
[135/1076] Building DatapathTypes.cpp.inc...
[136/1076] Building DatapathTypes.h.inc...
[137/1076] Building DCDialect.cpp.inc...
[138/1076] Building DCTypes.cpp.inc...
[139/1076] Building Debug.cpp.inc...
[140/1076] Building DCDialect.h.inc...
[141/1076] Building DCTypes.h.inc...
[142/1076] Building Debug.h.inc...
[143/1076] Building DebugDialect.cpp.inc...
[144/1076] Building DC.cpp.inc...
[145/1076] Building DC.h.inc...
[146/1076] Building DebugTypes.cpp.inc...
[147/1076] Building DebugDialect.h.inc...
[148/1076] Building DebugTypes.h.inc...
[149/1076] Building EmitDialect.h.inc...
[150/1076] Building EmitOpInterfaces.cpp.inc...
[151/1076] Building EmitDialect.cpp.inc...
[152/1076] Building Emit.cpp.inc...
[153/1076] Building Emit.h.inc...
[154/1076] Building EmitTypes.cpp.inc...
[155/1076] Building EmitOpInterfaces.h.inc...
[156/1076] Building EmitTypes.h.inc...
[157/1076] Building ESIInterfaces.cpp.inc...
[158/1076] Building ESIInterfaces.h.inc...
[159/1076] Building ESIDialect.cpp.inc...
[160/1076] Building ESIDialect.h.inc...
[161/1076] Building FSM.h.inc...
[162/1076] Building FSM.cpp.inc...
[163/1076] Building ESI.cpp.inc...
[164/1076] Building ESITypes.h.inc...
[165/1076] Building FSMDialect.cpp.inc...
[166/1076] Building ESITypes.cpp.inc...
[167/1076] Building ESI.h.inc...
[168/1076] Building FSMTypes.cpp.inc...
[169/1076] Building HandshakePasses.h.inc...
[170/1076] Building FSMDialect.h.inc...
[171/1076] Building HandshakeDialect.cpp.inc...
[172/1076] Building FSMTypes.h.inc...
[173/1076] Building Handshake.cpp.inc...
[174/1076] Building Handshake.h.inc...
[175/1076] Building HandshakeTypes.h.inc...
[176/1076] Building HandshakeTypes.cpp.inc...
[177/1076] Building HandshakeDialect.h.inc...
[178/1076] Building HWDialect.cpp.inc...
[179/1076] Building HWTypes.h.inc...
[180/1076] Building HWTypes.cpp.inc...
[181/1076] Building HWArith.cpp.inc...
[182/1076] Building HW.h.inc...
[183/1076] Building HWTypeInterfaces.cpp.inc...
[184/1076] Building HW.cpp.inc...
[185/1076] Building HWTypeInterfaces.h.inc...
[186/1076] Building HWArith.h.inc...
[187/1076] Building HWDialect.h.inc...
[188/1076] Building HWArithDialect.cpp.inc...
[189/1076] Building HWArithTypes.cpp.inc...
[190/1076] Building Interop.cpp.inc...
[191/1076] Building HWArithTypes.h.inc...
[192/1076] Building HWArithDialect.h.inc...
[193/1076] Building InteropDialect.cpp.inc...
[194/1076] Building InteropTypes.cpp.inc...
[195/1076] Building Interop.h.inc...
[196/1076] Building HWArithCanonicalizations.h.inc...
[197/1076] Building InteropTypes.h.inc...
[198/1076] Building InteropDialect.h.inc...
[199/1076] Building InteropEnums.h.inc...
[200/1076] Building InteropEnums.cpp.inc...
[201/1076] Building LLHDPasses.h.inc...
[202/1076] Building LLHDTypes.h.inc...
[203/1076] Building LoopSchedule.h.inc...
[204/1076] Building LLHDDialect.h.inc...
[205/1076] Building LLHDTypes.cpp.inc...
[206/1076] Building LLHD.h.inc...
[207/1076] Building LLHDDialect.cpp.inc...
[208/1076] Building LoopScheduleDialect.cpp.inc...
[209/1076] Building LoopScheduleDialect.h.inc...
[210/1076] Building LoopSchedule.cpp.inc...
[211/1076] Building LoopScheduleTypes.cpp.inc...
[212/1076] Building LLHD.cpp.inc...
[213/1076] Building LTLTypes.cpp.inc...
[214/1076] Building LoopScheduleTypes.h.inc...
[215/1076] Building LTLDialect.h.inc...
[216/1076] Building LTLTypes.h.inc...
[217/1076] Building LTL.h.inc...
[218/1076] Building LTLDialect.cpp.inc...
[219/1076] Building LTLFolds.cpp.inc...
[220/1076] Building LTL.cpp.inc...
[221/1076] Building MooreTypes.h.inc...
[222/1076] Building MooreTypes.cpp.inc...
[223/1076] Building MooreAttributes.cpp.inc...
[224/1076] Building MooreDialect.cpp.inc...
[225/1076] Building MooreDialect.h.inc...
[226/1076] Building MooreAttributes.h.inc...
[227/1076] Building MSFT.h.inc...
[228/1076] Building MSFT.cpp.inc...
[229/1076] Building MSFTDialect.cpp.inc...
[230/1076] Building MSFTTypes.h.inc...
[231/1076] Building MSFTAttributes.cpp.inc...
[232/1076] Building MSFTTypes.cpp.inc...
[233/1076] Building MSFTOpInterfaces.cpp.inc...
[234/1076] Building MSFTAttributes.h.inc...
[235/1076] Building MSFTEnums.h.inc...
[236/1076] Building MSFTDialect.h.inc...
[237/1076] Building MSFTOpInterfaces.h.inc...
[238/1076] Building MSFTEnums.cpp.inc...
[239/1076] Building OMDialect.h.inc...
[240/1076] Building OMTypes.h.inc...
[241/1076] Building OMTypes.cpp.inc...
[242/1076] Building Pipeline.h.inc...
[243/1076] Building Pipeline.cpp.inc...
[244/1076] Building OMDialect.cpp.inc...
[245/1076] Building OM.cpp.inc...
[246/1076] Building PipelineDialect.cpp.inc...
[247/1076] Building OM.h.inc...
[248/1076] Building PipelineDialect.h.inc...
[249/1076] Building PipelineTypes.h.inc...
[250/1076] Building PipelineTypes.cpp.inc...
[251/1076] Building Probe.cpp.inc...
[252/1076] Building Probe.h.inc...
[253/1076] Building ProbeTypes.cpp.inc...
[254/1076] Building ProbeDialect.cpp.inc...
[255/1076] Building ProbeDialect.h.inc...
[256/1076] Building ProbeTypes.h.inc...
[257/1076] Building Moore.h.inc...
[258/1076] Building Moore.cpp.inc...
[259/1076] Building KanagawaDialect.cpp.inc...
[260/1076] Building KanagawaTypes.cpp.inc...
[261/1076] Building KanagawaAttributes.h.inc...
[262/1076] Building KanagawaTypes.h.inc...
[263/1076] Building KanagawaAttributes.cpp.inc...
[264/1076] Building Kanagawa.cpp.inc...
[265/1076] Building KanagawaDialect.h.inc...
[266/1076] Building Kanagawa.h.inc...
[267/1076] Building KanagawaEnums.cpp.inc...
[268/1076] Building KanagawaEnums.h.inc...
[269/1076] Building RTGISAAssemblyOpInterfaces.cpp.inc...
[270/1076] Building RTGTypes.cpp.inc...
[271/1076] Building RTGISAAssemblyOpInterfaces.h.inc...
[272/1076] Building RTG.cpp.inc...
[273/1076] Building RTG.h.inc...
[274/1076] Building RTGDialect.h.inc...
[275/1076] Building RTGDialect.cpp.inc...
[276/1076] Building RTGTypes.h.inc...
[277/1076] Building RTGTestDialect.cpp.inc...
[278/1076] Building RTGTest.cpp.inc...
[279/1076] Building RTGTestTypes.h.inc...
[280/1076] Building RTGTestDialect.h.inc...
[281/1076] Building RTGTestTypes.cpp.inc...
[282/1076] Building SeqOpInterfaces.cpp.inc...
[283/1076] Building RTGTest.h.inc...
[284/1076] Building SeqDialect.h.inc...
[285/1076] Building SeqOpInterfaces.h.inc...
[286/1076] Building SeqTypes.cpp.inc...
[287/1076] Building SeqDialect.cpp.inc...
[288/1076] Building SeqTypes.h.inc...
[289/1076] Building Seq.cpp.inc...
[290/1076] Building SimPasses.h.inc...
[291/1076] Building Seq.h.inc...
[292/1076] Building SimTypes.h.inc...
[293/1076] Building SSPDialect.cpp.inc...
[294/1076] Building SimTypes.cpp.inc...
[295/1076] Building SSP.h.inc...
[296/1076] Building Sim.h.inc...
[297/1076] Building SimDialect.cpp.inc...
[298/1076] Building SimDialect.h.inc...
[299/1076] Building SSP.cpp.inc...
[300/1076] Building SSPTypes.cpp.inc...
[301/1076] Building SSPTypes.h.inc...
[302/1076] Building SSPAttributes.h.inc...
[303/1076] Building SSPDialect.h.inc...
[304/1076] Building Sim.cpp.inc...
[305/1076] Building SSPAttributes.cpp.inc...
[306/1076] Building SVDialect.cpp.inc...
[307/1076] Building SVTypes.cpp.inc...
[308/1076] Building SVTypes.h.inc...
[309/1076] Building SVAttributes.cpp.inc...
[310/1076] Building SVDialect.h.inc...
[311/1076] Building Synth.cpp.inc...
[312/1076] Building Synth.h.inc...
[313/1076] Building SynthDialect.h.inc...
[314/1076] Building SynthTypes.cpp.inc...
[315/1076] Building SynthDialect.cpp.inc...
[316/1076] Building SVAttributes.h.inc...
[317/1076] Building SynthAttributes.cpp.inc...
[318/1076] Building SynthTypes.h.inc...
[319/1076] Building SV.h.inc...
[320/1076] Building SynthAttributes.h.inc...
[321/1076] Building SystemCOpInterfaces.h.inc...
[322/1076] Building SystemC.h.inc...
[323/1076] Building SystemCOpInterfaces.cpp.inc...
[324/1076] Building SystemCDialect.cpp.inc...
[325/1076] Building SystemC.cpp.inc...
[326/1076] Building SystemCDialect.h.inc...
[327/1076] Building SystemCTypes.h.inc...
[328/1076] Building SV.cpp.inc...
[329/1076] Building SystemCTypes.cpp.inc...
[330/1076] Building Verif.cpp.inc...
[331/1076] Building VerifDialect.cpp.inc...
[332/1076] Building VerifDialect.h.inc...
[333/1076] Building VerifTypes.h.inc...
[334/1076] Building Verif.h.inc...
[335/1076] Building VerifTypes.cpp.inc...
[336/1076] Building CXX object lib/Support/CMakeFiles/obj.CIRCTSupport.dir/APInt.cpp.o
[337/1076] Building CXX object lib/Support/CMakeFiles/obj.CIRCTSupport.dir/FieldRef.cpp.o
[338/1076] Building CXX object tools/circt-tblgen/CMakeFiles/circt-tblgen.dir/RTGInstructionUtils.cpp.o
[339/1076] Linking CXX executable bin/circt-tblgen
[340/1076] Building FIRRTLAnnotationDetails.h.inc...
[341/1076] Building FIRRTLAnnotationRecords.h.inc...
[342/1076] Building _home_adi__cache_chia_pin_smoke_bassert_g_docs_Dialects_FIRRTLAnnotations_md...
[343/1076] Building FIRRTLIntrinsics.cpp.inc...
[344/1076] Generating ../../../../docs/Dialects/FIRRTLAnnotations.md
[345/1076] Building CHIRRTL.cpp.inc...
[346/1076] Building CHIRRTL.h.inc...
[347/1076] Building CHIRRTLDialect.cpp.inc...
[348/1076] Building CXX object lib/Support/CMakeFiles/obj.CIRCTSupport.dir/CustomDirectiveImpl.cpp.o
[349/1076] Building CHIRRTLDialect.h.inc...
[350/1076] Building CHIRRTLTypes.cpp.inc...
[351/1076] Building CHIRRTLTypes.h.inc...
[352/1076] Building CXX object lib/Support/CMakeFiles/obj.CIRCTSupport.dir/Path.cpp.o
[353/1076] Building FIRRTL.cpp.inc...
[354/1076] Building CXX object lib/Support/CMakeFiles/obj.CIRCTSupport.dir/JSON.cpp.o
[355/1076] Building FIRRTL.h.inc...
[356/1076] Building FIRRTLDialect.cpp.inc...
[357/1076] Building FIRRTLDialect.h.inc...
[358/1076] Building CXX object lib/Support/CMakeFiles/obj.CIRCTSupport.dir/FVInt.cpp.o
[359/1076] Building FIRRTLTypes.cpp.inc...
[360/1076] Building FIRRTLTypes.h.inc...
[361/1076] Building CXX object lib/Support/CMakeFiles/obj.CIRCTSupport.dir/Naming.cpp.o
[362/1076] Building CXX object lib/Support/CMakeFiles/obj.CIRCTSupport.dir/LoweringOptions.cpp.o
[363/1076] Building CXX object lib/Support/CMakeFiles/obj.CIRCTSupport.dir/PrettyPrinter.cpp.o
[364/1076] Building CXX object lib/Support/CMakeFiles/obj.CIRCTSupport.dir/ParsingUtils.cpp.o
[365/1076] Building CXX object lib/Support/CMakeFiles/obj.CIRCTSupport.dir/SATSolver.cpp.o
[366/1076] Building CXX object lib/Support/CMakeFiles/obj.CIRCTSupport.dir/Version.cpp.o
[367/1076] Building CXX object lib/Support/CMakeFiles/obj.CIRCTSupport.dir/PrettyPrinterHelpers.cpp.o
[368/1076] Building CXX object lib/Support/CMakeFiles/obj.CIRCTSupport.dir/Debug.cpp.o
[369/1076] Building CXX object lib/Support/CMakeFiles/obj.CIRCTSupport.dir/InstanceGraph.cpp.o
[370/1076] Building CXX object lib/Support/CMakeFiles/obj.CIRCTSupport.dir/ProceduralRegionTrait.cpp.o
[371/1076] Building CXX object lib/Support/CMakeFiles/obj.CIRCTSupport.dir/Passes.cpp.o
[372/1076] Building CXX object lib/Support/CMakeFiles/obj.CIRCTSupport.dir/SymCache.cpp.o
[373/1076] Building CXX object lib/Support/CMakeFiles/obj.CIRCTSupport.dir/BackedgeBuilder.cpp.o
[374/1076] Building CXX object lib/Support/CMakeFiles/obj.CIRCTSupport.dir/TruthTable.cpp.o
[375/1076] Building CXX object lib/Dialect/HW/CMakeFiles/obj.CIRCTHW.dir/CustomDirectiveImpl.cpp.o
[376/1076] Building CXX object lib/Dialect/HW/CMakeFiles/obj.CIRCTHW.dir/HWEnums.cpp.o
[377/1076] Building CXX object lib/Dialect/HW/CMakeFiles/obj.CIRCTHW.dir/HWTypeInterfaces.cpp.o
[378/1076] Building CXX object lib/Support/CMakeFiles/obj.CIRCTSupport.dir/ValueMapper.cpp.o
[379/1076] Building CXX object lib/Dialect/HW/CMakeFiles/obj.CIRCTHW.dir/HWInstanceGraph.cpp.o
[380/1076] Building CXX object lib/Dialect/HW/CMakeFiles/obj.CIRCTHW.dir/HWModuleOpInterface.cpp.o
[381/1076] Building CXX object lib/Dialect/HW/CMakeFiles/obj.CIRCTHW.dir/HierPathCache.cpp.o
[382/1076] Linking CXX static library lib/libCIRCTSupport.a
[383/1076] Building CXX object lib/Dialect/HW/CMakeFiles/obj.CIRCTHW.dir/HWInstanceImplementation.cpp.o
[384/1076] Building CXX object lib/Dialect/HW/CMakeFiles/obj.CIRCTHW.dir/ConversionPatterns.cpp.o
[385/1076] Building CXX object lib/Dialect/HW/CMakeFiles/obj.CIRCTHW.dir/ModuleImplementation.cpp.o
[386/1076] Building CXX object lib/Dialect/HW/CMakeFiles/obj.CIRCTHW.dir/InferIntRangeInterfaceImpls.cpp.o
[387/1076] Building CXX object lib/Dialect/HW/CMakeFiles/obj.CIRCTHW.dir/InnerSymbolTable.cpp.o
[388/1076] Building CXX object lib/Dialect/HW/CMakeFiles/obj.CIRCTHW.dir/PortConverter.cpp.o
[389/1076] Building CXX object lib/Dialect/HW/CMakeFiles/obj.CIRCTHW.dir/HWOpInterfaces.cpp.o
[390/1076] Building CXX object lib/Dialect/HW/CMakeFiles/obj.CIRCTHW.dir/HWAttributes.cpp.o
[391/1076] Building CXX object lib/Dialect/Emit/CMakeFiles/obj.CIRCTEmit.dir/EmitOpInterfaces.cpp.o
[392/1076] Building CXX object lib/Dialect/Comb/CMakeFiles/obj.CIRCTComb.dir/CombAnalysis.cpp.o
[393/1076] Building CXX object lib/Dialect/Comb/CMakeFiles/obj.CIRCTComb.dir/InferIntRangeInterfaceImpls.cpp.o
[394/1076] Building CXX object lib/Dialect/HW/CMakeFiles/obj.CIRCTHW.dir/HWTypes.cpp.o
[395/1076] Building CXX object lib/Dialect/Emit/CMakeFiles/obj.CIRCTEmit.dir/EmitOps.cpp.o
[396/1076] Building CXX object lib/Dialect/HW/CMakeFiles/obj.CIRCTHW.dir/HWDialect.cpp.o
[397/1076] Building CXX object lib/Dialect/Emit/CMakeFiles/obj.CIRCTEmit.dir/EmitDialect.cpp.o
[398/1076] Building CXX object lib/Dialect/Seq/CMakeFiles/obj.CIRCTSeq.dir/SeqAttributes.cpp.o
[399/1076] Building CXX object lib/Dialect/LTL/CMakeFiles/obj.CIRCTLTL.dir/LTLFolds.cpp.o
[400/1076] Building CXX object lib/Dialect/Seq/CMakeFiles/obj.CIRCTSeq.dir/SeqOpInterfaces.cpp.o
[401/1076] Building CXX object lib/Dialect/LTL/CMakeFiles/obj.CIRCTLTL.dir/LTLDialect.cpp.o
[402/1076] Building CXX object lib/Dialect/Comb/CMakeFiles/obj.CIRCTComb.dir/CombDialect.cpp.o
[403/1076] Building MSFTPasses.h.inc...
[404/1076] Building CXX object lib/Dialect/Comb/CMakeFiles/obj.CIRCTComb.dir/CombFolds.cpp.o
[405/1076] Building CXX object lib/Dialect/Seq/CMakeFiles/obj.CIRCTSeq.dir/SeqDialect.cpp.o
[406/1076] Building CXX object lib/Dialect/SV/CMakeFiles/obj.CIRCTSV.dir/SVTypes.cpp.o
[407/1076] Building CXX object lib/Dialect/LTL/CMakeFiles/obj.CIRCTLTL.dir/LTLOps.cpp.o
[408/1076] Building CXX object lib/Dialect/Seq/CMakeFiles/obj.CIRCTSeq.dir/SeqTypes.cpp.o
[409/1076] Building CXX object lib/Dialect/MSFT/CMakeFiles/obj.CIRCTMSFT.dir/MSFTAttributes.cpp.o
[410/1076] Building CXX object lib/Dialect/Comb/CMakeFiles/obj.CIRCTComb.dir/CombOps.cpp.o
[411/1076] Building CXX object lib/Dialect/MSFT/CMakeFiles/obj.CIRCTMSFT.dir/DeviceDB.cpp.o
[412/1076] Building CXX object lib/Dialect/SV/CMakeFiles/obj.CIRCTSV.dir/SVAttributes.cpp.o
[413/1076] Building CXX object lib/Dialect/HW/CMakeFiles/obj.CIRCTHW.dir/HWOps.cpp.o
/home/adi/.cache/chia-pin-smoke/src/lib/Dialect/HW/HWOps.cpp:807:3: warning: 'modifyModulePorts' is deprecated [-Wdeprecated-declarations]
  807 |   modifyModulePorts(*this, insertInputs, insertOutputs, eraseInputs,
      |   ^
/home/adi/.cache/chia-pin-smoke/src/lib/Dialect/HW/HWOps.cpp:697:3: note: 'modifyModulePorts' has been explicitly marked deprecated here
  697 | [[deprecated]] static void
      |   ^
/home/adi/.cache/chia-pin-smoke/src/lib/Dialect/HW/HWOps.cpp:859:3: warning: 'modifyModulePorts' is deprecated [-Wdeprecated-declarations]
  859 |   modifyModulePorts(*this, insertInputs, insertOutputs, eraseInputs,
      |   ^
/home/adi/.cache/chia-pin-smoke/src/lib/Dialect/HW/HWOps.cpp:697:3: note: 'modifyModulePorts' has been explicitly marked deprecated here
  697 | [[deprecated]] static void
      |   ^
/home/adi/.cache/chia-pin-smoke/src/lib/Dialect/HW/HWOps.cpp:898:3: warning: 'modifyModulePorts' is deprecated [-Wdeprecated-declarations]
  898 |   modifyModulePorts(*this, insertInputs, insertOutputs, eraseInputs,
      |   ^
/home/adi/.cache/chia-pin-smoke/src/lib/Dialect/HW/HWOps.cpp:697:3: note: 'modifyModulePorts' has been explicitly marked deprecated here
  697 | [[deprecated]] static void
      |   ^
/home/adi/.cache/chia-pin-smoke/src/lib/Dialect/HW/HWOps.cpp:1188:3: warning: 'modifyModulePorts' is deprecated [-Wdeprecated-declarations]
 1188 |   modifyModulePorts(getOperation(), {std::make_pair(index, port)}, {}, {}, {},
      |   ^
/home/adi/.cache/chia-pin-smoke/src/lib/Dialect/HW/HWOps.cpp:697:3: note: 'modifyModulePorts' has been explicitly marked deprecated here
  697 | [[deprecated]] static void
      |   ^
/home/adi/.cache/chia-pin-smoke/src/lib/Dialect/HW/HWOps.cpp:1210:3: warning: 'modifyModulePorts' is deprecated [-Wdeprecated-declarations]
 1210 |   modifyModulePorts(getOperation(), {}, indexedNewPorts, {}, {},
      |   ^
/home/adi/.cache/chia-pin-smoke/src/lib/Dialect/HW/HWOps.cpp:697:3: note: 'modifyModulePorts' has been explicitly marked deprecated here
  697 | [[deprecated]] static void
      |   ^
5 warnings generated.
[414/1076] Linking CXX static library lib/libCIRCTHW.a
[415/1076] Linking CXX static library lib/libCIRCTComb.a
[416/1076] Linking CXX static library lib/libCIRCTEmit.a
[417/1076] Linking CXX static library lib/libCIRCTLTL.a
[418/1076] Building CXX object lib/Dialect/MSFT/CMakeFiles/obj.CIRCTMSFT.dir/MSFTDialect.cpp.o
[419/1076] Building CXX object lib/Dialect/MSFT/CMakeFiles/obj.CIRCTMSFT.dir/MSFTOpInterfaces.cpp.o
[420/1076] Building CXX object lib/Dialect/MSFT/CMakeFiles/obj.CIRCTMSFT.dir/MSFTOps.cpp.o
[421/1076] Building CXX object lib/Dialect/OM/CMakeFiles/obj.CIRCTOM.dir/OMAttributes.cpp.o
[422/1076] Building CXX object lib/Dialect/OM/CMakeFiles/obj.CIRCTOM.dir/OMOpInterfaces.cpp.o
[423/1076] Building CXX object lib/Dialect/MSFT/Transforms/CMakeFiles/obj.CIRCTMSFTTransforms.dir/MSFTLowerConstructs.cpp.o
[424/1076] Building Conversion.capi.cpp.inc...
[425/1076] Building Conversion.capi.h.inc...
[426/1076] Building Passes.h.inc...
[427/1076] Building RTGTestInstructionMethods.cpp.inc...
[428/1076] Building SynthPasses.h.inc...
[429/1076] Building Passes.h.inc...
[430/1076] Building Transforms.capi.cpp.inc...
[431/1076] Building Transforms.capi.h.inc...
[432/1076] Building CXX object lib/Dialect/MSFT/Transforms/CMakeFiles/obj.CIRCTMSFTTransforms.dir/PassCommon.cpp.o
[433/1076] Building CXX object lib/Dialect/MSFT/CMakeFiles/obj.CIRCTMSFT.dir/ExportQuartusTcl.cpp.o
[434/1076] Building CXX object lib/Dialect/MSFT/Transforms/CMakeFiles/obj.CIRCTMSFTTransforms.dir/MSFTExportTcl.cpp.o
[435/1076] Building CXX object lib/Dialect/OM/CMakeFiles/obj.CIRCTOM.dir/OMTypes.cpp.o
[436/1076] Building CXX object lib/Dialect/OM/CMakeFiles/obj.CIRCTOM.dir/OMUtils.cpp.o
[437/1076] Building CXX object lib/Dialect/OM/CMakeFiles/obj.CIRCTOM.dir/OMDialect.cpp.o
[438/1076] Building CXX object lib/Analysis/CMakeFiles/obj.CIRCTOpCountAnalysis.dir/OpCountAnalysis.cpp.o
[439/1076] Building CXX object lib/Dialect/Seq/CMakeFiles/obj.CIRCTSeq.dir/SeqOps.cpp.o
[440/1076] Linking CXX static library lib/libCIRCTSeq.a
[441/1076] Building CXX object lib/Dialect/ESI/CMakeFiles/obj.CIRCTESI.dir/AppID.cpp.o
[442/1076] Building CXX object lib/Dialect/MSFT/Transforms/CMakeFiles/obj.CIRCTMSFTTransforms.dir/MSFTLowerInstances.cpp.o
[443/1076] Building CXX object lib/Dialect/ESI/CMakeFiles/obj.CIRCTESI.dir/ESIAttributes.cpp.o
[444/1076] Building CXX object lib/Dialect/ESI/CMakeFiles/obj.CIRCTESI.dir/ESIFolds.cpp.o
[445/1076] Building CXX object lib/Dialect/SV/CMakeFiles/obj.CIRCTSV.dir/SVDialect.cpp.o
[446/1076] Building CXX object lib/Dialect/ESI/CMakeFiles/obj.CIRCTESI.dir/ESIPasses.cpp.o
[447/1076] Building CXX object lib/Dialect/ESI/CMakeFiles/obj.CIRCTESI.dir/ESIStdServices.cpp.o
[448/1076] Building CXX object lib/Dialect/ESI/CMakeFiles/obj.CIRCTESI.dir/ESIServices.cpp.o
[449/1076] Building CXX object lib/Dialect/OM/CMakeFiles/obj.CIRCTOM.dir/OMOps.cpp.o
[450/1076] Building CXX object lib/Dialect/ESI/CMakeFiles/obj.CIRCTESI.dir/Passes/ESILowerPhysical.cpp.o
[451/1076] Building CXX object lib/Dialect/ESI/CMakeFiles/obj.CIRCTESI.dir/Passes/ESICleanMetadata.cpp.o
[452/1076] Building CXX object lib/Dialect/ESI/CMakeFiles/obj.CIRCTESI.dir/Passes/ESILowerToHW.cpp.o
[453/1076] Building CXX object lib/Dialect/ESI/CMakeFiles/obj.CIRCTESI.dir/Passes/ESILowerTypes.cpp.o
[454/1076] Building CXX object lib/Dialect/ESI/CMakeFiles/obj.CIRCTESI.dir/Passes/ESILowerBundles.cpp.o
[455/1076] Building CXX object lib/Dialect/ESI/CMakeFiles/obj.CIRCTESI.dir/ESITypes.cpp.o
[456/1076] Building CXX object lib/Dialect/ESI/CMakeFiles/obj.CIRCTESI.dir/Passes/ESILowerPorts.cpp.o
[457/1076] Building CXX object lib/Dialect/FIRRTL/CMakeFiles/obj.CIRCTFIRRTL.dir/CHIRRTLTypes.cpp.o
[458/1076] Building CXX object lib/Dialect/ESI/CMakeFiles/obj.CIRCTESI.dir/Passes/ESIVerifyConnections.cpp.o
[459/1076] Building CXX object lib/Dialect/ESI/CMakeFiles/obj.CIRCTESI.dir/ESIOps.cpp.o
[460/1076] Building CXX object lib/Dialect/ESI/CMakeFiles/obj.CIRCTESI.dir/Passes/ESIAppIDHier.cpp.o
[461/1076] Building CXX object lib/Dialect/ESI/CMakeFiles/obj.CIRCTESI.dir/Passes/ESIBuildManifest.cpp.o
[462/1076] Building CXX object lib/Dialect/FIRRTL/CMakeFiles/obj.CIRCTFIRRTL.dir/FIRRTLAttributes.cpp.o
[463/1076] Building CXX object lib/Dialect/ESI/CMakeFiles/obj.CIRCTESI.dir/ESIDialect.cpp.o
[464/1076] Building CXX object lib/Dialect/FIRRTL/CMakeFiles/obj.CIRCTFIRRTL.dir/FIRRTLAnnotations.cpp.o
[465/1076] Building CXX object lib/Dialect/FIRRTL/CMakeFiles/obj.CIRCTFIRRTL.dir/CHIRRTLDialect.cpp.o
[466/1076] Building CXX object lib/Dialect/FIRRTL/CMakeFiles/obj.CIRCTFIRRTL.dir/FIRRTLAnnotationHelper.cpp.o
[467/1076] Building CXX object lib/Dialect/FIRRTL/CMakeFiles/obj.CIRCTFIRRTL.dir/FIRRTLFieldSource.cpp.o
[468/1076] Building CXX object lib/Dialect/FIRRTL/CMakeFiles/obj.CIRCTFIRRTL.dir/FieldRefCache.cpp.o
[469/1076] Building CXX object lib/Dialect/FIRRTL/CMakeFiles/obj.CIRCTFIRRTL.dir/FIRRTLInstanceImplementation.cpp.o
[470/1076] Building CXX object lib/Dialect/FIRRTL/CMakeFiles/obj.CIRCTFIRRTL.dir/FIRRTLInstanceGraph.cpp.o
[471/1076] Building CXX object lib/Dialect/FIRRTL/CMakeFiles/obj.CIRCTFIRRTL.dir/FIRRTLIntrinsics.cpp.o
[472/1076] Building CXX object lib/Dialect/FIRRTL/CMakeFiles/obj.CIRCTFIRRTL.dir/FIRRTLOpInterfaces.cpp.o
[473/1076] Building CXX object lib/Dialect/FSM/CMakeFiles/obj.CIRCTFSM.dir/FSMDialect.cpp.o
[474/1076] Linking CXX static library lib/libCIRCTOM.a
[475/1076] Building CXX object lib/Dialect/FIRRTL/CMakeFiles/obj.CIRCTFIRRTL.dir/NLATable.cpp.o
[476/1076] Building CXX object lib/Dialect/FIRRTL/CMakeFiles/obj.CIRCTFIRRTL.dir/FIRRTLTypes.cpp.o
[477/1076] Building CXX object lib/Dialect/FSM/CMakeFiles/obj.CIRCTFSM.dir/FSMGraph.cpp.o
[478/1076] Building CXX object lib/Dialect/FSM/CMakeFiles/obj.CIRCTFSM.dir/FSMTypes.cpp.o
[479/1076] Building CalyxPasses.h.inc...
[480/1076] Building Passes.h.inc...
[481/1076] Building DatapathPasses.h.inc...
[482/1076] Building DCPasses.h.inc...
[483/1076] Building EmitPasses.h.inc...
[484/1076] Building OMPasses.h.inc...
[485/1076] Building RTGAttributes.cpp.inc...
[486/1076] Building RTGAttributes.h.inc...
[487/1076] Building RTGTestEnums.cpp.inc...
[488/1076] Building RTGTestEnums.h.inc...
[489/1076] Building SVPasses.h.inc...
[490/1076] Building Passes.h.inc...
[491/1076] Building CXX object lib/Dialect/Synth/CMakeFiles/obj.CIRCTSynth.dir/SynthOpInterfaces.cpp.o
[492/1076] Linking CXX static library lib/libCIRCTOpCountAnalysis.a
[493/1076] Building CXX object lib/Dialect/Synth/CMakeFiles/obj.CIRCTSynth.dir/SynthAttributes.cpp.o
[494/1076] Building CXX object lib/Dialect/FIRRTL/CMakeFiles/obj.CIRCTFIRRTL.dir/GatedClockConversion.cpp.o
[495/1076] Building CXX object lib/Dialect/FIRRTL/CMakeFiles/obj.CIRCTFIRRTL.dir/FIRRTLUtils.cpp.o
[496/1076] Building CXX object lib/Dialect/SV/CMakeFiles/obj.CIRCTSV.dir/SVOps.cpp.o
[497/1076] Linking CXX static library lib/libCIRCTSV.a
[498/1076] Linking CXX static library lib/libCIRCTMSFT.a
[499/1076] Linking CXX static library lib/libCIRCTMSFTTransforms.a
[500/1076] Building CXX object lib/Analysis/CMakeFiles/obj.CIRCTDependenceAnalysis.dir/DependenceAnalysis.cpp.o
[501/1076] Building CXX object lib/Dialect/FSM/CMakeFiles/obj.CIRCTFSM.dir/FSMOps.cpp.o
[502/1076] Building CXX object lib/Dialect/FIRRTL/CMakeFiles/obj.CIRCTFIRRTL.dir/FIRRTLFolds.cpp.o
[503/1076] Building CXX object lib/Dialect/Synth/CMakeFiles/obj.CIRCTSynth.dir/SynthDialect.cpp.o
[504/1076] Building CXX object lib/Conversion/Utils/CMakeFiles/obj.CIRCTSVLoweringUtils.dir/SVLoweringUtils.cpp.o
[505/1076] Building CXX object lib/Dialect/Synth/CMakeFiles/obj.CIRCTSynth.dir/SynthOps.cpp.o
[506/1076] Building CXX object lib/Dialect/Arc/CMakeFiles/obj.CIRCTArc.dir/ArcAttributes.cpp.o
[507/1076] Building CXX object lib/Dialect/Arc/CMakeFiles/obj.CIRCTArc.dir/ArcFolds.cpp.o
[508/1076] Building CXX object lib/Dialect/Arc/CMakeFiles/obj.CIRCTArc.dir/ArcTypes.cpp.o
[509/1076] Building CXX object lib/Conversion/CombToArith/CMakeFiles/obj.CIRCTCombToArith.dir/CombToArith.cpp.o
[510/1076] Building CXX object lib/Conversion/CombToLLVM/CMakeFiles/obj.CIRCTCombToLLVM.dir/CombToLLVM.cpp.o
[511/1076] Building CXX object lib/Dialect/Arc/CMakeFiles/obj.CIRCTArc.dir/ArcCostModel.cpp.o
[512/1076] Building CXX object lib/Analysis/CMakeFiles/obj.CIRCTFIRRTLAnalysis.dir/FIRRTLInstanceInfo.cpp.o
[513/1076] Building CXX object lib/Dialect/Arc/Interfaces/CMakeFiles/obj.CIRCTArcExternalInterfaces.dir/RuntimeCostEstimateInterfaceImpl.cpp.o
[514/1076] Building CXX object lib/Dialect/Datapath/CMakeFiles/obj.CIRCTDatapath.dir/DatapathDialect.cpp.o
[515/1076] Building CXX object lib/Dialect/Arc/CMakeFiles/obj.CIRCTArc.dir/ModelInfo.cpp.o
[516/1076] Building CXX object lib/Conversion/HWToLLVM/CMakeFiles/obj.CIRCTHWToLLVM.dir/HWToLLVM.cpp.o
[517/1076] Building CXX object lib/Dialect/Datapath/CMakeFiles/obj.CIRCTDatapath.dir/DatapathFolds.cpp.o
[518/1076] Building CXX object lib/Dialect/Datapath/CMakeFiles/obj.CIRCTDatapath.dir/DatapathOps.cpp.o
[519/1076] Building CXX object lib/Dialect/Arc/CMakeFiles/obj.CIRCTArc.dir/ArcDialect.cpp.o
[520/1076] Linking CXX static library lib/libCIRCTESI.a
[521/1076] Linking CXX static library lib/libCIRCTFSM.a
[522/1076] Building CXX object lib/Dialect/Debug/CMakeFiles/obj.CIRCTDebug.dir/DebugDialect.cpp.o
[523/1076] Building CXX object lib/Dialect/DC/CMakeFiles/obj.CIRCTDC.dir/DCDialect.cpp.o
[524/1076] Building CXX object lib/Dialect/DC/CMakeFiles/obj.CIRCTDC.dir/DCTypes.cpp.o
[525/1076] Building CXX object lib/Dialect/Debug/CMakeFiles/obj.CIRCTDebug.dir/DebugTypes.cpp.o
[526/1076] Building CXX object lib/Dialect/DC/CMakeFiles/obj.CIRCTDC.dir/DCOps.cpp.o
[527/1076] Building CXX object lib/Dialect/Debug/CMakeFiles/obj.CIRCTDebug.dir/DebugOps.cpp.o
[528/1076] Building CXX object lib/Dialect/Handshake/CMakeFiles/obj.CIRCTHandshake.dir/HandshakeExecutableOps.cpp.o
[529/1076] Building CXX object lib/Dialect/Arc/CMakeFiles/obj.CIRCTArc.dir/ArcOps.cpp.o
[530/1076] Building CXX object lib/Dialect/Calyx/CMakeFiles/obj.CIRCTCalyx.dir/CalyxDialect.cpp.o
[531/1076] Building CXX object lib/Dialect/Handshake/CMakeFiles/obj.CIRCTHandshake.dir/HandshakeUtils.cpp.o
[532/1076] Building CXX object lib/Dialect/Handshake/CMakeFiles/obj.CIRCTHandshake.dir/HandshakeDialect.cpp.o
[533/1076] Linking CXX static library lib/libCIRCTSynth.a
[534/1076] Building CXX object lib/Dialect/LLHD/IR/CMakeFiles/obj.CIRCTLLHD.dir/LLHDTypes.cpp.o
[535/1076] Building CXX object lib/Dialect/LLHD/IR/CMakeFiles/obj.CIRCTLLHD.dir/LLHDDialect.cpp.o
[536/1076] Building CXX object lib/Dialect/Handshake/CMakeFiles/obj.CIRCTHandshake.dir/HandshakeOps.cpp.o
[537/1076] Building CXX object lib/Dialect/Sim/CMakeFiles/obj.CIRCTSim.dir/SimTypes.cpp.o
[538/1076] Building CXX object lib/Dialect/Pipeline/CMakeFiles/obj.CIRCTPipelineOps.dir/PipelineOps.cpp.o
[539/1076] Building CXX object lib/Dialect/Synth/Analysis/CMakeFiles/obj.CIRCTSynthAnalysis.dir/PrintLongestPathAnalysis.cpp.o
[540/1076] Building CXX object lib/Dialect/LLHD/IR/CMakeFiles/obj.CIRCTLLHD.dir/LLHDOps.cpp.o
[541/1076] Building CXX object lib/Dialect/Verif/CMakeFiles/obj.CIRCTVerif.dir/VerifOpInterfaces.cpp.o
[542/1076] Building CXX object lib/Dialect/Synth/Analysis/CMakeFiles/obj.CIRCTSynthAnalysis.dir/ResourceUsageAnalysis.cpp.o
[543/1076] Building CXX object lib/Dialect/Calyx/CMakeFiles/obj.CIRCTCalyx.dir/CalyxOps.cpp.o
[544/1076] Building CXX object lib/Scheduling/CMakeFiles/obj.CIRCTScheduling.dir/ASAPScheduler.cpp.o
[545/1076] Building CXX object lib/Dialect/Verif/CMakeFiles/obj.CIRCTVerif.dir/VerifDialect.cpp.o
[546/1076] Building CXX object lib/Scheduling/CMakeFiles/obj.CIRCTScheduling.dir/Problems.cpp.o
[547/1076] Building CXX object lib/Dialect/FIRRTL/CMakeFiles/obj.CIRCTFIRRTL.dir/FIRRTLDialect.cpp.o
[548/1076] Building CXX object lib/Dialect/Synth/Analysis/CMakeFiles/obj.CIRCTSynthAnalysis.dir/LongestPathAnalysis.cpp.o
[549/1076] Building CXX object lib/Scheduling/CMakeFiles/obj.CIRCTScheduling.dir/ChainingSupport.cpp.o
[550/1076] Building CXX object lib/Scheduling/CMakeFiles/obj.CIRCTScheduling.dir/SimplexSchedulers.cpp.o
[551/1076] Building CXX object lib/Scheduling/CMakeFiles/obj.CIRCTScheduling.dir/Utilities.cpp.o
[552/1076] Building CXX object lib/Transforms/CMakeFiles/obj.CIRCTTransforms.dir/IndexSwitchToIf.cpp.o
[553/1076] Building CXX object lib/Transforms/CMakeFiles/obj.CIRCTTransforms.dir/HierarchicalRunner.cpp.o
[554/1076] Building CXX object lib/Transforms/CMakeFiles/obj.CIRCTTransforms.dir/FlattenMemRefs.cpp.o
[555/1076] Building CXX object lib/Dialect/Verif/CMakeFiles/obj.CIRCTVerif.dir/VerifOps.cpp.o
[556/1076] Building Passes.h.inc...
[557/1076] Building MoorePasses.h.inc...
[558/1076] Building CXX object lib/Transforms/CMakeFiles/obj.CIRCTTransforms.dir/InsertMergeBlocks.cpp.o
[559/1076] Building PipelinePasses.h.inc...
[560/1076] Building RTGPasses.capi.cpp.inc...
[561/1076] Building RTGPasses.capi.h.inc...
[562/1076] Building RTGPasses.h.inc...
[563/1076] Building RTGTestAttributes.cpp.inc...
[564/1076] Building RTGTestAttributes.h.inc...
[565/1076] Building SSPPasses.h.inc...
[566/1076] Building Passes.h.inc...
[567/1076] Building BMCTransforms.capi.cpp.inc...
[568/1076] Building BMCTransforms.capi.h.inc...
[569/1076] Building Passes.h.inc...
[570/1076] Building LECTransforms.capi.cpp.inc...
[571/1076] Building Passes.h.inc...
[572/1076] Building LECTransforms.capi.h.inc...
[573/1076] Building CXX object lib/Transforms/CMakeFiles/obj.CIRCTTransforms.dir/MapArithToComb.cpp.o
[574/1076] Linking CXX static library lib/libCIRCTDependenceAnalysis.a
[575/1076] Building CXX object lib/Transforms/CMakeFiles/obj.CIRCTTransforms.dir/ConvertIndexToUInt.cpp.o
[576/1076] Building CXX object lib/Analysis/CMakeFiles/obj.CIRCTDebugAnalysis.dir/DebugInfo.cpp.o
[577/1076] Building CXX object lib/Analysis/CMakeFiles/obj.CIRCTDebugAnalysis.dir/DebugAnalysis.cpp.o
[578/1076] Linking CXX static library lib/libCIRCTCombToArith.a
[579/1076] Building CXX object lib/Transforms/CMakeFiles/obj.CIRCTTransforms.dir/StripDebugInfoWithPred.cpp.o
[580/1076] Linking CXX static library lib/libCIRCTCombToLLVM.a
[581/1076] Building CXX object lib/Transforms/CMakeFiles/obj.CIRCTTransforms.dir/MaximizeSSA.cpp.o
[582/1076] Building CXX object lib/Dialect/Sim/CMakeFiles/obj.CIRCTSim.dir/SimDialect.cpp.o
[583/1076] Building CXX object lib/Transforms/CMakeFiles/obj.CIRCTTransforms.dir/CellIFT.cpp.o
[584/1076] Building CXX object lib/Transforms/CMakeFiles/obj.CIRCTTransforms.dir/PrintOpCount.cpp.o
[585/1076] Building CXX object lib/Analysis/CMakeFiles/obj.CIRCTSchedulingAnalysis.dir/SchedulingAnalysis.cpp.o
[586/1076] Building CXX object lib/Dialect/Sim/CMakeFiles/obj.CIRCTSim.dir/SimOps.cpp.o
[587/1076] Building CXX object lib/Dialect/FIRRTL/CMakeFiles/obj.CIRCTFIRRTL.dir/FIRRTLOps.cpp.o
[588/1076] Linking CXX static library lib/libCIRCTFIRRTL.a
[589/1076] Linking CXX static library lib/libCIRCTFIRRTLAnalysis.a
[590/1076] Building CXX object lib/Transforms/CMakeFiles/obj.CIRCTTransforms.dir/MemoryBanking.cpp.o
[591/1076] Building CXX object lib/Conversion/ExportVerilog/CMakeFiles/obj.CIRCTExportVerilog.dir/ApplyLoweringOptions.cpp.o
[592/1076] Building CXX object lib/Conversion/CombToSynth/CMakeFiles/obj.CIRCTCombToSynth.dir/CombToSynth.cpp.o
[593/1076] Building CXX object lib/Conversion/ExportAIGER/CMakeFiles/obj.CIRCTExportAIGER.dir/ExportAIGER.cpp.o
[594/1076] Building CXX object lib/Conversion/CombToDatapath/CMakeFiles/obj.CIRCTCombToDatapath.dir/CombToDatapath.cpp.o
[595/1076] Building CXX object lib/Conversion/ConvertToArcs/CMakeFiles/obj.CIRCTConvertToArcs.dir/ConvertToArcs.cpp.o
[596/1076] Linking CXX static library lib/libCIRCTHWToLLVM.a
[597/1076] Building CXX object lib/Conversion/CFToHandshake/CMakeFiles/obj.CIRCTCFToHandshake.dir/CFToHandshake.cpp.o
[598/1076] Building CXX object lib/Conversion/DatapathToComb/CMakeFiles/obj.CIRCTDatapathToComb.dir/DatapathToComb.cpp.o
[599/1076] Building CXX object lib/Conversion/ExportVerilog/CMakeFiles/obj.CIRCTExportVerilog.dir/LegalizeAnonEnums.cpp.o
[600/1076] Building CXX object lib/Conversion/ExportVerilog/CMakeFiles/obj.CIRCTExportVerilog.dir/LegalizeNames.cpp.o
[601/1076] Building CXX object lib/Conversion/ArcToLLVM/CMakeFiles/obj.CIRCTArcToLLVM.dir/LowerArcToLLVM.cpp.o
[602/1076] Building CXX object lib/Conversion/HWToSMT/CMakeFiles/obj.CIRCTHWToSMT.dir/HWToSMT.cpp.o
[603/1076] Building CXX object lib/Conversion/ExportVerilog/CMakeFiles/obj.CIRCTExportVerilog.dir/PrepareForEmission.cpp.o
[604/1076] Building CXX object lib/Conversion/HWToBTOR2/CMakeFiles/obj.CIRCTHWToBTOR2.dir/HWToBTOR2.cpp.o
[605/1076] Linking CXX static library lib/libCIRCTSVLoweringUtils.a
[606/1076] Building CXX object lib/Conversion/HandshakeToDC/CMakeFiles/obj.CIRCTHandshakeToDC.dir/HandshakeToDC.cpp.o
[607/1076] Linking CXX static library lib/libCIRCTArc.a
[608/1076] Building CXX object lib/Conversion/ExportVerilog/CMakeFiles/obj.CIRCTExportVerilog.dir/PruneZeroValuedLogic.cpp.o
[609/1076] Linking CXX static library lib/libCIRCTArcExternalInterfaces.a
[610/1076] Building CXX object lib/Conversion/SeqToSV/CMakeFiles/obj.CIRCTSeqToSV.dir/LowerFirMem.cpp.o
[611/1076] Building CXX object lib/Conversion/ImportAIGER/CMakeFiles/obj.CIRCTImportAIGER.dir/ImportAIGER.cpp.o
[612/1076] Building CXX object lib/Conversion/VerifToSV/CMakeFiles/obj.CIRCTVerifToSV.dir/VerifToSV.cpp.o
[613/1076] Building CXX object lib/Conversion/SeqToSV/CMakeFiles/obj.CIRCTSeqToSV.dir/FirMemLowering.cpp.o
[614/1076] Building CXX object lib/Dialect/Arc/Export/CMakeFiles/obj.CIRCTExportArc.dir/ModelInfoExport.cpp.o
[615/1076] Building CXX object lib/Dialect/Arc/Transforms/CMakeFiles/obj.CIRCTArcTransforms.dir/AddTaps.cpp.o
[616/1076] Building CXX object lib/Conversion/SeqToSV/CMakeFiles/obj.CIRCTSeqToSV.dir/FirRegLowering.cpp.o
[617/1076] Building CXX object lib/Conversion/LTLToCore/CMakeFiles/obj.CIRCTLTLToCore.dir/LTLToCore.cpp.o
[618/1076] Building CXX object lib/Conversion/ExportVerilog/CMakeFiles/obj.CIRCTExportVerilog.dir/ExportVerilog.cpp.o
[619/1076] Building CXX object lib/Conversion/SimToSV/CMakeFiles/obj.CIRCTSimToSV.dir/SimToSV.cpp.o
[620/1076] Building CXX object lib/Dialect/Arc/Transforms/CMakeFiles/obj.CIRCTArcTransforms.dir/ArcCanonicalizer.cpp.o
[621/1076] Building CXX object lib/Dialect/Arc/Transforms/CMakeFiles/obj.CIRCTArcTransforms.dir/FindInitialVectors.cpp.o
[622/1076] Building CXX object lib/Dialect/Arc/Transforms/CMakeFiles/obj.CIRCTArcTransforms.dir/AllocateState.cpp.o
[623/1076] Building CXX object lib/Dialect/Arc/Transforms/CMakeFiles/obj.CIRCTArcTransforms.dir/Dedup.cpp.o
[624/1076] Building CXX object lib/Dialect/Arc/Transforms/CMakeFiles/obj.CIRCTArcTransforms.dir/InlineArcs.cpp.o
[625/1076] Building CXX object lib/Dialect/Arc/Transforms/CMakeFiles/obj.CIRCTArcTransforms.dir/InferStateProperties.cpp.o
[626/1076] Building CXX object lib/Dialect/Arc/Transforms/CMakeFiles/obj.CIRCTArcTransforms.dir/InferContext.cpp.o
[627/1076] Building CXX object lib/Dialect/Arc/Transforms/CMakeFiles/obj.CIRCTArcTransforms.dir/GenerateDriver.cpp.o
[628/1076] Building CXX object lib/Conversion/SeqToSV/CMakeFiles/obj.CIRCTSeqToSV.dir/SeqToSV.cpp.o
[629/1076] Building CXX object lib/Dialect/Arc/Transforms/CMakeFiles/obj.CIRCTArcTransforms.dir/LatencyRetiming.cpp.o
[630/1076] Building CXX object lib/Conversion/FIRRTLToHW/CMakeFiles/obj.CIRCTFIRRTLToHW.dir/LowerToHW.cpp.o
[631/1076] Building CXX object lib/Dialect/Arc/Transforms/CMakeFiles/obj.CIRCTArcTransforms.dir/InferMemories.cpp.o
[632/1076] Building CXX object lib/Dialect/Arc/Transforms/CMakeFiles/obj.CIRCTArcTransforms.dir/LowerClocksToFuncs.cpp.o
[633/1076] Building CXX object lib/Dialect/Arc/Transforms/CMakeFiles/obj.CIRCTArcTransforms.dir/LowerCoroutines.cpp.o
[634/1076] Building CXX object lib/Dialect/Arc/Transforms/CMakeFiles/obj.CIRCTArcTransforms.dir/LowerProcesses.cpp.o
[635/1076] Building CXX object lib/Dialect/Arc/Transforms/CMakeFiles/obj.CIRCTArcTransforms.dir/InsertRuntime.cpp.o
[636/1076] Building CXX object lib/Dialect/Arc/Transforms/CMakeFiles/obj.CIRCTArcTransforms.dir/MakeTables.cpp.o
[637/1076] Building CXX object lib/Dialect/Arc/Transforms/CMakeFiles/obj.CIRCTArcTransforms.dir/LowerVerifSimulations.cpp.o
[638/1076] Building CXX object lib/Dialect/Arc/Transforms/CMakeFiles/obj.CIRCTArcTransforms.dir/MergeTaps.cpp.o
[639/1076] Building CXX object lib/Dialect/Arc/Transforms/CMakeFiles/obj.CIRCTArcTransforms.dir/LowerLUT.cpp.o
[640/1076] Building CXX object lib/Dialect/Arc/Transforms/CMakeFiles/obj.CIRCTArcTransforms.dir/LowerArrays.cpp.o
[641/1076] Building CXX object lib/Dialect/Arc/Transforms/CMakeFiles/obj.CIRCTArcTransforms.dir/PrintCostModel.cpp.o
[642/1076] Linking CXX static library lib/libCIRCTCalyx.a
[643/1076] Building CXX object lib/Dialect/Arc/Transforms/CMakeFiles/obj.CIRCTArcTransforms.dir/RemoveI0Types.cpp.o
[644/1076] Building CXX object lib/Dialect/Arc/Transforms/CMakeFiles/obj.CIRCTArcTransforms.dir/SimplifyVariadicOps.cpp.o
[645/1076] Building CXX object lib/Dialect/Arc/Transforms/CMakeFiles/obj.CIRCTArcTransforms.dir/LowerVectorizations.cpp.o
[646/1076] Building CXX object lib/Dialect/Arc/Transforms/CMakeFiles/obj.CIRCTArcTransforms.dir/ResolveXMRRef.cpp.o
[647/1076] Building CXX object lib/Dialect/Arc/Transforms/CMakeFiles/obj.CIRCTArcTransforms.dir/LowerArcsToFuncs.cpp.o
[648/1076] Building CXX object lib/Dialect/Arc/Transforms/CMakeFiles/obj.CIRCTArcTransforms.dir/SplitFuncs.cpp.o
[649/1076] Building CXX object lib/Dialect/Arc/Transforms/CMakeFiles/obj.CIRCTArcTransforms.dir/MuxToControlFlow.cpp.o
[650/1076] Building CXX object lib/Dialect/Arc/Transforms/CMakeFiles/obj.CIRCTArcTransforms.dir/MergeIfs.cpp.o
[651/1076] Building CXX object lib/Dialect/Calyx/Transforms/CMakeFiles/obj.CIRCTCalyxTransforms.dir/CompileControl.cpp.o
[652/1076] Building CXX object lib/Dialect/Arc/Transforms/CMakeFiles/obj.CIRCTArcTransforms.dir/LowerState.cpp.o
[653/1076] Building CXX object lib/Dialect/Calyx/Export/CMakeFiles/obj.CIRCTExportCalyx.dir/CalyxEmitter.cpp.o
[654/1076] Building CXX object lib/Dialect/Calyx/Transforms/CMakeFiles/obj.CIRCTCalyxTransforms.dir/GoInsertion.cpp.o
[655/1076] Building CXX object lib/Dialect/Calyx/Transforms/CMakeFiles/obj.CIRCTCalyxTransforms.dir/ClkResetInsertion.cpp.o
[656/1076] Building CXX object lib/Dialect/Arc/Transforms/CMakeFiles/obj.CIRCTArcTransforms.dir/StripSV.cpp.o
[657/1076] Building CXX object lib/Dialect/Calyx/Transforms/CMakeFiles/obj.CIRCTCalyxTransforms.dir/RemoveGroups.cpp.o
[658/1076] Building CXX object lib/Dialect/Calyx/Transforms/CMakeFiles/obj.CIRCTCalyxTransforms.dir/CalyxHelpers.cpp.o
[659/1076] Building CXX object lib/Dialect/Arc/Transforms/CMakeFiles/obj.CIRCTArcTransforms.dir/SplitLoops.cpp.o
[660/1076] Building CXX object lib/Dialect/Calyx/Transforms/CMakeFiles/obj.CIRCTCalyxTransforms.dir/GICM.cpp.o
[661/1076] Building CXX object lib/Dialect/Comb/Transforms/CMakeFiles/obj.CIRCTCombTransforms.dir/LowerComb.cpp.o
[662/1076] Linking CXX static library lib/libCIRCTDatapath.a
[663/1076] Building CXX object lib/Dialect/Calyx/Transforms/CMakeFiles/obj.CIRCTCalyxTransforms.dir/RemoveCombGroups.cpp.o
[664/1076] Linking CXX static library lib/libCIRCTDC.a
[665/1076] Building CXX object lib/Dialect/Calyx/Transforms/CMakeFiles/obj.CIRCTCalyxTransforms.dir/ExcludeExecuteRegionCanonicalize.cpp.o
[666/1076] Building CXX object lib/Dialect/Comb/Transforms/CMakeFiles/obj.CIRCTCombTransforms.dir/IntRangeAnnotations.cpp.o
[667/1076] Linking CXX static library lib/libCIRCTDebug.a
[668/1076] Building CXX object lib/Dialect/Calyx/Transforms/CMakeFiles/obj.CIRCTCalyxTransforms.dir/AffinePloopUnparallelize.cpp.o
[669/1076] Building CXX object lib/Dialect/Comb/Transforms/CMakeFiles/obj.CIRCTCombTransforms.dir/IntRangeOptimizations.cpp.o
[670/1076] Building CXX object lib/Dialect/Comb/Transforms/CMakeFiles/obj.CIRCTCombTransforms.dir/AssumeTwoValued.cpp.o
[671/1076] Building CXX object lib/Dialect/Emit/Transforms/CMakeFiles/obj.CIRCTEmitTransforms.dir/StripEmit.cpp.o
[672/1076] Building CXX object lib/Dialect/Calyx/Transforms/CMakeFiles/obj.CIRCTCalyxTransforms.dir/CalyxLoweringUtils.cpp.o
[673/1076] Building CXX object lib/Dialect/Calyx/Transforms/CMakeFiles/obj.CIRCTCalyxTransforms.dir/AffineParallelUnroll.cpp.o
[674/1076] Building CXX object lib/Dialect/Datapath/Transforms/CMakeFiles/obj.CIRCTDatapathTransforms.dir/ReduceDelay.cpp.o
[675/1076] Building CXX object lib/Dialect/Calyx/Transforms/CMakeFiles/obj.CIRCTCalyxTransforms.dir/AffineToSCF.cpp.o
[676/1076] Building CXX object lib/Dialect/Comb/Transforms/CMakeFiles/obj.CIRCTCombTransforms.dir/SimplifyTruthTable.cpp.o
[677/1076] Building CXX object lib/Dialect/DC/Transforms/CMakeFiles/obj.CIRCTDCTransforms.dir/DCMaterialization.cpp.o
[678/1076] Building CXX object lib/Dialect/Comb/Transforms/CMakeFiles/obj.CIRCTCombTransforms.dir/BalanceMux.cpp.o
[679/1076] Building CXX object lib/Dialect/DC/Transforms/CMakeFiles/obj.CIRCTDCTransforms.dir/DCPrintDot.cpp.o
[680/1076] Building CXX object lib/Dialect/FIRRTL/Transforms/CMakeFiles/obj.CIRCTFIRRTLTransforms.dir/AnnotateInputOnlyModules.cpp.o
[681/1076] Building CXX object lib/Dialect/FIRRTL/Transforms/CMakeFiles/obj.CIRCTFIRRTLTransforms.dir/PopulateInstanceChoiceSymbols.cpp.o
[682/1076] Building CXX object lib/Dialect/FIRRTL/Transforms/CMakeFiles/obj.CIRCTFIRRTLTransforms.dir/AddSeqMemPorts.cpp.o
[683/1076] Building CXX object lib/Dialect/FIRRTL/Transforms/CMakeFiles/obj.CIRCTFIRRTLTransforms.dir/AssignOutputDirs.cpp.o
[684/1076] Building CXX object lib/Dialect/FIRRTL/Transforms/CMakeFiles/obj.CIRCTFIRRTLTransforms.dir/DropConst.cpp.o
[685/1076] Building CXX object lib/Dialect/FIRRTL/Transforms/CMakeFiles/obj.CIRCTFIRRTLTransforms.dir/CheckCombLoops.cpp.o
[686/1076] Building CXX object lib/Dialect/FIRRTL/Transforms/CMakeFiles/obj.CIRCTFIRRTLTransforms.dir/CreateSiFiveMetadata.cpp.o
[687/1076] Building CXX object lib/Dialect/FIRRTL/Transforms/CMakeFiles/obj.CIRCTFIRRTLTransforms.dir/DropName.cpp.o
[688/1076] Building CXX object lib/Dialect/FIRRTL/Transforms/CMakeFiles/obj.CIRCTFIRRTLTransforms.dir/CheckLayers.cpp.o
[689/1076] Building CXX object lib/Dialect/FIRRTL/Transforms/CMakeFiles/obj.CIRCTFIRRTLTransforms.dir/CheckRecursiveInstantiation.cpp.o
[690/1076] Building CXX object lib/Dialect/FIRRTL/Transforms/CMakeFiles/obj.CIRCTFIRRTLTransforms.dir/Dedup.cpp.o
[691/1076] Building CXX object lib/Dialect/FIRRTL/Transforms/CMakeFiles/obj.CIRCTFIRRTLTransforms.dir/EliminateWires.cpp.o
[692/1076] Building CXX object lib/Dialect/FIRRTL/Transforms/CMakeFiles/obj.CIRCTFIRRTLTransforms.dir/BlackBoxReader.cpp.o
[693/1076] Building CXX object lib/Dialect/FIRRTL/Transforms/CMakeFiles/obj.CIRCTFIRRTLTransforms.dir/FlattenMemory.cpp.o
[694/1076] Building CXX object lib/Dialect/FIRRTL/Transforms/CMakeFiles/obj.CIRCTFIRRTLTransforms.dir/IMConstProp.cpp.o
[695/1076] Building CXX object lib/Dialect/FIRRTL/Transforms/CMakeFiles/obj.CIRCTFIRRTLTransforms.dir/InferReadWrite.cpp.o
[696/1076] Building CXX object lib/Dialect/FIRRTL/Transforms/CMakeFiles/obj.CIRCTFIRRTLTransforms.dir/FullReset.cpp.o
[697/1076] Building CXX object lib/Dialect/FIRRTL/Transforms/CMakeFiles/obj.CIRCTFIRRTLTransforms.dir/ExtractInstances.cpp.o
[698/1076] Building CXX object lib/Dialect/FIRRTL/Transforms/CMakeFiles/obj.CIRCTFIRRTLTransforms.dir/ExpandWhens.cpp.o
[699/1076] Building CXX object lib/Dialect/FIRRTL/Transforms/CMakeFiles/obj.CIRCTFIRRTLTransforms.dir/FinalizeIR.cpp.o
[700/1076] Building CXX object lib/Dialect/FIRRTL/Transforms/CMakeFiles/obj.CIRCTFIRRTLTransforms.dir/InferResets.cpp.o
[701/1076] Building CXX object lib/Dialect/FIRRTL/Transforms/CMakeFiles/obj.CIRCTFIRRTLTransforms.dir/InjectDUTHierarchy.cpp.o
[702/1076] Building CXX object lib/Dialect/FIRRTL/Transforms/CMakeFiles/obj.CIRCTFIRRTLTransforms.dir/LegacyWiring.cpp.o
[703/1076] Building CXX object lib/Dialect/FIRRTL/Transforms/CMakeFiles/obj.CIRCTFIRRTLTransforms.dir/GrandCentral.cpp.o
[704/1076] Building CXX object lib/Dialect/FIRRTL/Transforms/CMakeFiles/obj.CIRCTFIRRTLTransforms.dir/Lint.cpp.o
[705/1076] Building CXX object lib/Dialect/FIRRTL/Transforms/CMakeFiles/obj.CIRCTFIRRTLTransforms.dir/InferWidths.cpp.o
[706/1076] Building CXX object lib/Dialect/FIRRTL/Transforms/CMakeFiles/obj.CIRCTFIRRTLTransforms.dir/LayerSink.cpp.o
[707/1076] Building CXX object lib/Dialect/FIRRTL/Transforms/CMakeFiles/obj.CIRCTFIRRTLTransforms.dir/IMDeadCodeElim.cpp.o
[708/1076] Building CXX object lib/Dialect/FIRRTL/Transforms/CMakeFiles/obj.CIRCTFIRRTLTransforms.dir/InnerSymbolDCE.cpp.o
[709/1076] Building CXX object lib/Dialect/FIRRTL/Transforms/CMakeFiles/obj.CIRCTFIRRTLTransforms.dir/InferDomains.cpp.o
[710/1076] Building CXX object lib/Dialect/FIRRTL/Transforms/CMakeFiles/obj.CIRCTFIRRTLTransforms.dir/LayerMerge.cpp.o
[711/1076] Building CXX object lib/Dialect/FIRRTL/Transforms/CMakeFiles/obj.CIRCTFIRRTLTransforms.dir/LowerIntmodules.cpp.o
[712/1076] Building CXX object lib/Dialect/FIRRTL/Transforms/CMakeFiles/obj.CIRCTFIRRTLTransforms.dir/LowerCHIRRTL.cpp.o
[713/1076] Building CXX object lib/Dialect/FIRRTL/Transforms/CMakeFiles/obj.CIRCTFIRRTLTransforms.dir/LowerDPI.cpp.o
[714/1076] Building CXX object lib/Dialect/FIRRTL/Transforms/CMakeFiles/obj.CIRCTFIRRTLTransforms.dir/LinkCircuits.cpp.o
[715/1076] Building CXX object lib/Dialect/FIRRTL/Transforms/CMakeFiles/obj.CIRCTFIRRTLTransforms.dir/LowerAnnotations.cpp.o
[716/1076] Building CXX object lib/Dialect/FIRRTL/Transforms/CMakeFiles/obj.CIRCTFIRRTLTransforms.dir/LowerMemory.cpp.o
[717/1076] Building CXX object lib/Dialect/FIRRTL/Transforms/CMakeFiles/obj.CIRCTFIRRTLTransforms.dir/LowerMatches.cpp.o
[718/1076] Building CXX object lib/Dialect/FIRRTL/Transforms/CMakeFiles/obj.CIRCTFIRRTLTransforms.dir/LowerLayers.cpp.o
[719/1076] Building CXX object lib/Dialect/FIRRTL/Transforms/CMakeFiles/obj.CIRCTFIRRTLTransforms.dir/LowerIntrinsics.cpp.o
[720/1076] Building CXX object lib/Dialect/FIRRTL/Transforms/CMakeFiles/obj.CIRCTFIRRTLTransforms.dir/LowerDomains.cpp.o
[721/1076] Building CXX object lib/Dialect/FIRRTL/Transforms/CMakeFiles/obj.CIRCTFIRRTLTransforms.dir/LowerSignatures.cpp.o
[722/1076] Building CXX object lib/Dialect/FIRRTL/Transforms/CMakeFiles/obj.CIRCTFIRRTLTransforms.dir/LowerOpenAggs.cpp.o
[723/1076] Building CXX object lib/Dialect/FIRRTL/Transforms/CMakeFiles/obj.CIRCTFIRRTLTransforms.dir/LowerClasses.cpp.o
[724/1076] Building CXX object lib/Dialect/FIRRTL/Transforms/CMakeFiles/obj.CIRCTFIRRTLTransforms.dir/LowerXMR.cpp.o
[725/1076] Building CXX object lib/Dialect/FIRRTL/Transforms/CMakeFiles/obj.CIRCTFIRRTLTransforms.dir/MaterializeDebugInfo.cpp.o
[726/1076] Building CXX object lib/Dialect/FIRRTL/Transforms/CMakeFiles/obj.CIRCTFIRRTLTransforms.dir/LowerTypes.cpp.o
[727/1076] Building CXX object lib/Dialect/FIRRTL/Transforms/CMakeFiles/obj.CIRCTFIRRTLTransforms.dir/ModuleSummary.cpp.o
[728/1076] Building CXX object lib/Dialect/FIRRTL/Transforms/CMakeFiles/obj.CIRCTFIRRTLTransforms.dir/MergeConnections.cpp.o
[729/1076] Building CXX object lib/Dialect/FIRRTL/Transforms/CMakeFiles/obj.CIRCTFIRRTLTransforms.dir/PrintNLATable.cpp.o
[730/1076] Building CXX object lib/Dialect/FIRRTL/Transforms/CMakeFiles/obj.CIRCTFIRRTLTransforms.dir/RandomizeRegisterInit.cpp.o
[731/1076] Building CXX object lib/Dialect/FIRRTL/Transforms/CMakeFiles/obj.CIRCTFIRRTLTransforms.dir/PrintInstanceGraph.cpp.o
[732/1076] Building CXX object lib/Dialect/FIRRTL/Transforms/CMakeFiles/obj.CIRCTFIRRTLTransforms.dir/RegisterOptimizer.cpp.o
[733/1076] Linking CXX static library lib/libCIRCTHandshake.a
[734/1076] Building CXX object lib/Dialect/FIRRTL/Transforms/CMakeFiles/obj.CIRCTFIRRTLTransforms.dir/PassiveWires.cpp.o
[735/1076] Building CXX object lib/Dialect/FIRRTL/Transforms/CMakeFiles/obj.CIRCTFIRRTLTransforms.dir/PrintFIRRTLFieldSource.cpp.o
[736/1076] Building CXX object lib/Dialect/FIRRTL/Transforms/CMakeFiles/obj.CIRCTFIRRTLTransforms.dir/ProbesToSignals.cpp.o
[737/1076] Building CXX object lib/Dialect/FIRRTL/Transforms/CMakeFiles/obj.CIRCTFIRRTLTransforms.dir/ResolvePaths.cpp.o
[738/1076] Building CXX object lib/Dialect/FIRRTL/Transforms/CMakeFiles/obj.CIRCTFIRRTLTransforms.dir/SFCCompat.cpp.o
[739/1076] Building CXX object lib/Dialect/HW/Transforms/CMakeFiles/obj.CIRCTHWTransforms.dir/HWConvertBitcasts.cpp.o
[740/1076] Building CXX object lib/Dialect/FIRRTL/Transforms/CMakeFiles/obj.CIRCTFIRRTLTransforms.dir/SpecializeLayers.cpp.o
[741/1076] Building CXX object lib/Dialect/HW/Transforms/CMakeFiles/obj.CIRCTHWTransforms.dir/HWAggregateToComb.cpp.o
[742/1076] Building CXX object lib/Dialect/HW/Transforms/CMakeFiles/obj.CIRCTHWTransforms.dir/HWPrintInstanceGraph.cpp.o
[743/1076] Building CXX object lib/Dialect/FIRRTL/Transforms/CMakeFiles/obj.CIRCTFIRRTLTransforms.dir/SpecializeOption.cpp.o
[744/1076] Building CXX object lib/Dialect/HW/Transforms/CMakeFiles/obj.CIRCTHWTransforms.dir/HWBypassInnerSymbols.cpp.o
[745/1076] Building CXX object lib/Dialect/FIRRTL/Transforms/CMakeFiles/obj.CIRCTFIRRTLTransforms.dir/Vectorization.cpp.o
[746/1076] Building CXX object lib/Dialect/FIRRTL/Transforms/CMakeFiles/obj.CIRCTFIRRTLTransforms.dir/ModuleInliner.cpp.o
[747/1076] Building CXX object lib/Dialect/FIRRTL/Transforms/CMakeFiles/obj.CIRCTFIRRTLTransforms.dir/VBToBV.cpp.o
[748/1076] Building CXX object lib/Dialect/HW/Transforms/CMakeFiles/obj.CIRCTHWTransforms.dir/VerifyInnerRefNamespace.cpp.o
[749/1076] Building CXX object lib/Dialect/HW/Transforms/CMakeFiles/obj.CIRCTHWTransforms.dir/HWIMDeadCodeElim.cpp.o
[750/1076] Building CXX object lib/Dialect/FIRRTL/Transforms/CMakeFiles/obj.CIRCTFIRRTLTransforms.dir/ResolveTraces.cpp.o
[751/1076] Building CXX object lib/Dialect/HW/Transforms/CMakeFiles/obj.CIRCTHWTransforms.dir/HWParameterizeConstantPorts.cpp.o
[752/1076] Building CXX object lib/Dialect/HW/Transforms/CMakeFiles/obj.CIRCTHWTransforms.dir/PrintHWModuleGraph.cpp.o
[753/1076] Building CXX object lib/Dialect/HW/Transforms/CMakeFiles/obj.CIRCTHWTransforms.dir/HWSpecialize.cpp.o
[754/1076] Linking CXX static library lib/libCIRCTLLHD.a
[755/1076] Building CXX object lib/Dialect/HWArith/CMakeFiles/obj.CIRCTHWArith.dir/HWArithDialect.cpp.o
[756/1076] Building CXX object lib/Dialect/HWArith/CMakeFiles/obj.CIRCTHWArith.dir/HWArithTypes.cpp.o
[757/1076] Building CXX object lib/Dialect/HW/Transforms/CMakeFiles/obj.CIRCTHWTransforms.dir/FlattenIO.cpp.o
[758/1076] Building CXX object lib/Dialect/HW/Transforms/CMakeFiles/obj.CIRCTHWTransforms.dir/FlattenModules.cpp.o
[759/1076] Building CXX object lib/Dialect/HWArith/CMakeFiles/obj.CIRCTHWArith.dir/HWArithOps.cpp.o
[760/1076] Building CXX object lib/Dialect/Moore/CMakeFiles/obj.CIRCTMoore.dir/MooreAttributes.cpp.o
[761/1076] Building CXX object lib/Dialect/Interop/CMakeFiles/obj.CIRCTInteropDialect.dir/InteropDialect.cpp.o
[762/1076] Building CXX object lib/Dialect/Interop/CMakeFiles/obj.CIRCTInteropDialect.dir/InteropOps.cpp.o
[763/1076] Building CXX object lib/Dialect/HW/Transforms/CMakeFiles/obj.CIRCTHWTransforms.dir/HWVectorization.cpp.o
[764/1076] Linking CXX static library lib/libCIRCTPipelineOps.a
[765/1076] Building CXX object lib/Dialect/Kanagawa/CMakeFiles/obj.CIRCTKanagawa.dir/KanagawaTypes.cpp.o
[766/1076] Building CXX object lib/Dialect/Moore/CMakeFiles/obj.CIRCTMoore.dir/MooreTypes.cpp.o
[767/1076] Building CXX object lib/Dialect/RTG/IR/CMakeFiles/obj.CIRCTRTGDialect.dir/RTGAttrInterfaces.cpp.o
[768/1076] Building CXX object lib/Dialect/OM/Transforms/CMakeFiles/obj.CIRCTOMTransforms.dir/StripOM.cpp.o
[769/1076] Building CXX object lib/Dialect/Kanagawa/CMakeFiles/obj.CIRCTKanagawa.dir/KanagawaDialect.cpp.o
[770/1076] Building CXX object lib/Dialect/RTG/IR/CMakeFiles/obj.CIRCTRTGDialect.dir/RTGISAAssemblyAttrInterfaces.cpp.o
[771/1076] Building CXX object lib/Dialect/OM/Transforms/CMakeFiles/obj.CIRCTOMTransforms.dir/ElaborateObject.cpp.o
[772/1076] Building CXX object lib/Dialect/RTG/IR/CMakeFiles/obj.CIRCTRTGDialect.dir/RTGISAAssemblyTypeInterfaces.cpp.o
[773/1076] Building CXX object lib/Dialect/OM/Transforms/CMakeFiles/obj.CIRCTOMTransforms.dir/FreezePaths.cpp.o
[774/1076] Building CXX object lib/Dialect/LoopSchedule/CMakeFiles/obj.CIRCTLoopSchedule.dir/LoopScheduleOps.cpp.o
[775/1076] Building CXX object lib/Dialect/RTG/IR/CMakeFiles/obj.CIRCTRTGDialect.dir/RTGAttributes.cpp.o
[776/1076] Building CXX object lib/Dialect/RTG/IR/CMakeFiles/obj.CIRCTRTGDialect.dir/RTGOpInterfaces.cpp.o
[777/1076] Building CXX object lib/Dialect/RTG/IR/CMakeFiles/obj.CIRCTRTGDialect.dir/RTGTypeInterfaces.cpp.o
[778/1076] Building CXX object lib/Dialect/OM/Transforms/CMakeFiles/obj.CIRCTOMTransforms.dir/LinkModules.cpp.o
[779/1076] Building CXX object lib/Dialect/RTG/IR/CMakeFiles/obj.CIRCTRTGDialect.dir/RTGISAAssemblyOpInterfaces.cpp.o
[780/1076] Building CXX object lib/Dialect/RTG/IR/CMakeFiles/obj.CIRCTRTGDialect.dir/RTGTypes.cpp.o
[781/1076] Building CXX object lib/Dialect/Seq/Transforms/CMakeFiles/obj.CIRCTSeqTransforms.dir/LowerSeqCompRegCE.cpp.o
[782/1076] Linking CXX static library lib/libCIRCTSim.a
[783/1076] Building CXX object lib/Dialect/Seq/Transforms/CMakeFiles/obj.CIRCTSeqTransforms.dir/LowerSeqHLMem.cpp.o
[784/1076] Building CXX object lib/Dialect/Kanagawa/CMakeFiles/obj.CIRCTKanagawa.dir/KanagawaOps.cpp.o
[785/1076] Building CXX object lib/Dialect/Seq/Transforms/CMakeFiles/obj.CIRCTSeqTransforms.dir/LowerSeqShiftReg.cpp.o
[786/1076] Building CXX object lib/Dialect/Seq/Transforms/CMakeFiles/obj.CIRCTSeqTransforms.dir/LowerSeqFIFO.cpp.o
[787/1076] Building CXX object lib/Dialect/Seq/Transforms/CMakeFiles/obj.CIRCTSeqTransforms.dir/RegOfVecToMem.cpp.o
[788/1076] Building CXX object lib/Dialect/Seq/Transforms/CMakeFiles/obj.CIRCTSeqTransforms.dir/ExternalizeClockGate.cpp.o
[789/1076] Building CXX object lib/Dialect/RTG/IR/CMakeFiles/obj.CIRCTRTGDialect.dir/RTGDialect.cpp.o
[790/1076] Building CXX object lib/Dialect/Seq/Transforms/CMakeFiles/obj.CIRCTSeqTransforms.dir/HWMemSimImpl.cpp.o
[791/1076] Building CXX object lib/Dialect/Sim/Transforms/CMakeFiles/obj.CIRCTSimTransforms.dir/FoldValueFormatters.cpp.o
[792/1076] Building CXX object lib/Dialect/Sim/Transforms/CMakeFiles/obj.CIRCTSimTransforms.dir/SquashSimTriggered.cpp.o
[793/1076] Building CXX object lib/Dialect/SSP/CMakeFiles/obj.CIRCTSSP.dir/SSPOps.cpp.o
[794/1076] Building CXX object lib/Dialect/Sim/Transforms/CMakeFiles/obj.CIRCTSimTransforms.dir/ProceduralizeSim.cpp.o
[795/1076] Building CXX object lib/Dialect/SSP/CMakeFiles/obj.CIRCTSSP.dir/SSPAttributes.cpp.o
[796/1076] Building CXX object lib/Dialect/SSP/CMakeFiles/obj.CIRCTSSP.dir/SSPDialect.cpp.o
[797/1076] Building CXX object lib/Dialect/SV/Transforms/CMakeFiles/obj.CIRCTSVTransforms.dir/GeneratorCallout.cpp.o
[798/1076] Building CXX object lib/Dialect/SV/Transforms/CMakeFiles/obj.CIRCTSVTransforms.dir/HWCleanup.cpp.o
[799/1076] Linking CXX static library lib/libCIRCTSynthAnalysis.a
[800/1076] Building CXX object lib/Dialect/SV/Transforms/CMakeFiles/obj.CIRCTSVTransforms.dir/HWLegalizeModules.cpp.o
[801/1076] Building CXX object lib/Dialect/SystemC/CMakeFiles/obj.CIRCTSystemC.dir/SystemCAttributes.cpp.o
[802/1076] Building CXX object lib/Dialect/Sim/Transforms/CMakeFiles/obj.CIRCTSimTransforms.dir/LowerDPIFunc.cpp.o
[803/1076] Building CXX object lib/Dialect/SV/Transforms/CMakeFiles/obj.CIRCTSVTransforms.dir/HWStubExternalModules.cpp.o
[804/1076] Building CXX object lib/Dialect/RTG/IR/CMakeFiles/obj.CIRCTRTGDialect.dir/RTGOps.cpp.o
[805/1076] Building CXX object lib/Dialect/SV/Transforms/CMakeFiles/obj.CIRCTSVTransforms.dir/HWExportModuleHierarchy.cpp.o
[806/1076] Linking CXX static library lib/libCIRCTVerif.a
[807/1076] Building CXX object lib/Dialect/SystemC/CMakeFiles/obj.CIRCTSystemC.dir/SystemCOpInterfaces.cpp.o
[808/1076] Building CXX object lib/Dialect/SV/Transforms/CMakeFiles/obj.CIRCTSVTransforms.dir/SVMaskNonSynthesizable.cpp.o
[809/1076] Building CXX object lib/Dialect/SV/Transforms/CMakeFiles/obj.CIRCTSVTransforms.dir/PrettifyVerilog.cpp.o
[810/1076] Building CXX object lib/Dialect/SV/Transforms/CMakeFiles/obj.CIRCTSVTransforms.dir/HWEliminateInOutPorts.cpp.o
[811/1076] Building CXX object lib/Dialect/SV/Transforms/CMakeFiles/obj.CIRCTSVTransforms.dir/SVTraceIVerilog.cpp.o
[812/1076] Building CXX object lib/Dialect/Verif/Transforms/CMakeFiles/obj.CIRCTVerifTransforms.dir/CombineAssertLike.cpp.o
[813/1076] Building CXX object lib/Dialect/Verif/Transforms/CMakeFiles/obj.CIRCTVerifTransforms.dir/LowerContracts.cpp.o
[814/1076] Building CXX object lib/Dialect/Verif/Transforms/CMakeFiles/obj.CIRCTVerifTransforms.dir/PrepareForFormal.cpp.o
[815/1076] Building CXX object lib/Dialect/Verif/Transforms/CMakeFiles/obj.CIRCTVerifTransforms.dir/FoldAssume.cpp.o
[816/1076] Building CXX object lib/Dialect/Verif/Transforms/CMakeFiles/obj.CIRCTVerifTransforms.dir/SimplifyAssumeEq.cpp.o
[817/1076] Building CXX object lib/Dialect/SystemC/CMakeFiles/obj.CIRCTSystemC.dir/SystemCTypes.cpp.o
[818/1076] Building CXX object lib/Dialect/SystemC/CMakeFiles/obj.CIRCTSystemC.dir/SystemCDialect.cpp.o
[819/1076] Linking CXX static library lib/libCIRCTScheduling.a
[820/1076] Linking CXX static library lib/libCIRCTTransforms.a
[821/1076] Linking CXX static library lib/libCIRCTDebugAnalysis.a
[822/1076] Linking CXX static library lib/libCIRCTSchedulingAnalysis.a
[823/1076] Building CXX object lib/Dialect/Verif/Transforms/CMakeFiles/obj.CIRCTVerifTransforms.dir/LowerTests.cpp.o
[824/1076] Building CXX object lib/Dialect/Verif/Transforms/CMakeFiles/obj.CIRCTVerifTransforms.dir/VerifyClockedAssertLike.cpp.o
[825/1076] Linking CXX static library lib/libCIRCTArcToLLVM.a
[826/1076] Building CXX object lib/Reduce/CMakeFiles/obj.CIRCTReduceLib.dir/GenericReductions.cpp.o
[827/1076] Building CXX object lib/Reduce/CMakeFiles/obj.CIRCTReduceLib.dir/ReductionUtils.cpp.o
[828/1076] Building CXX object lib/Dialect/Verif/Transforms/CMakeFiles/obj.CIRCTVerifTransforms.dir/StripContracts.cpp.o
[829/1076] Building CXX object lib/Dialect/SystemC/CMakeFiles/obj.CIRCTSystemC.dir/SystemCOps.cpp.o
[830/1076] Building CXX object lib/Reduce/CMakeFiles/obj.CIRCTReduceLib.dir/Tester.cpp.o
[831/1076] Linking CXX static library lib/libCIRCTCFToHandshake.a
[832/1076] Linking CXX static library lib/libCIRCTCombToDatapath.a
[833/1076] Building CXX object lib/Dialect/Verif/Transforms/CMakeFiles/obj.CIRCTVerifTransforms.dir/LowerSymbolicValues.cpp.o
[834/1076] Linking CXX static library lib/libCIRCTCombToSynth.a
[835/1076] Linking CXX static library lib/libCIRCTConvertToArcs.a
[836/1076] Building CXX object lib/Reduce/CMakeFiles/obj.CIRCTReduceLib.dir/Reduction.cpp.o
[837/1076] Building CXX object lib/Conversion/CalyxToFSM/CMakeFiles/obj.CIRCTCalyxToFSM.dir/MaterializeFSM.cpp.o
[838/1076] Linking CXX static library lib/libCIRCTDatapathToComb.a
[839/1076] Building CXX object lib/Conversion/CalyxToFSM/CMakeFiles/obj.CIRCTCalyxToFSM.dir/CalyxToFSM.cpp.o
[840/1076] Building CXX object lib/Conversion/AffineToLoopSchedule/CMakeFiles/obj.CIRCTAffineToLoopSchedule.dir/AffineToLoopSchedule.cpp.o
[841/1076] Linking CXX static library lib/libCIRCTExportAIGER.a
[842/1076] Linking CXX static library lib/libCIRCTExportVerilog.a
[843/1076] Linking CXX static library lib/libCIRCTFIRRTLToHW.a
[844/1076] Building CXX object lib/Conversion/CalyxNative/CMakeFiles/obj.CIRCTCalyxNative.dir/CalyxNative.cpp.o
[845/1076] Building CXX object lib/Conversion/DatapathToSMT/CMakeFiles/obj.CIRCTDatapathToSMT.dir/DatapathToSMT.cpp.o
[846/1076] Building CXX object lib/Analysis/CMakeFiles/obj.CIRCTAnalysisTestPasses.dir/TestPasses.cpp.o
[847/1076] Linking CXX static library lib/libCIRCTHandshakeToDC.a
[848/1076] Building CXX object lib/Conversion/CombToSMT/CMakeFiles/obj.CIRCTCombToSMT.dir/CombToSMT.cpp.o
[849/1076] Building CXX object lib/Conversion/CalyxToHW/CMakeFiles/obj.CIRCTCalyxToHW.dir/CalyxToHW.cpp.o
[850/1076] Linking CXX static library lib/libCIRCTHWToBTOR2.a
[851/1076] Linking CXX static library lib/libCIRCTHWToSMT.a
[852/1076] Building CXX object lib/Conversion/ConvertToLLVM/CMakeFiles/obj.CIRCTConvertToLLVM.dir/ConvertToLLVM.cpp.o
[853/1076] Building CXX object lib/Conversion/CoreToFSM/CMakeFiles/obj.CIRCTCoreToFSM.dir/CoreToFSM.cpp.o
[854/1076] Linking CXX static library lib/libCIRCTImportAIGER.a
[855/1076] Building CXX object lib/Dialect/Moore/CMakeFiles/obj.CIRCTMoore.dir/MooreDialect.cpp.o
[856/1076] Building CXX object lib/Conversion/FSMToCore/CMakeFiles/obj.CIRCTFSMToCore.dir/FSMToCore.cpp.o
[857/1076] Linking CXX static library lib/libCIRCTLTLToCore.a
[858/1076] Building CXX object lib/Conversion/CalyxToFSM/CMakeFiles/obj.CIRCTCalyxToFSM.dir/RemoveGroupsFromFSM.cpp.o
[859/1076] Building CXX object lib/Conversion/FSMToSMT/CMakeFiles/obj.CIRCTFSMToSMT.dir/FSMToSMT.cpp.o
[860/1076] Building CXX object lib/Conversion/HWToSV/CMakeFiles/obj.CIRCTHWToSV.dir/HWToSV.cpp.o
[861/1076] Linking CXX static library lib/libCIRCTSeqToSV.a
[862/1076] Linking CXX static library lib/libCIRCTSimToSV.a
[863/1076] Building CXX object lib/Conversion/DCToHW/CMakeFiles/obj.CIRCTDCToHW.dir/DCToHW.cpp.o
[864/1076] Building CXX object lib/Conversion/HWToSystemC/CMakeFiles/obj.CIRCTHWToSystemC.dir/HWToSystemC.cpp.o
[865/1076] Building CXX object lib/Conversion/HWArithToHW/CMakeFiles/obj.CIRCTHWArithToHW.dir/HWArithToHW.cpp.o
[866/1076] Linking CXX static library lib/libCIRCTVerifToSV.a
[867/1076] Building CXX object lib/Conversion/ImportLiberty/CMakeFiles/obj.CIRCTImportLiberty.dir/ImportLiberty.cpp.o
[868/1076] Linking CXX static library lib/libCIRCTExportArc.a
[869/1076] Linking CXX static library lib/libCIRCTArcTransforms.a
[870/1076] Building CXX object lib/Conversion/SynthToComb/CMakeFiles/obj.CIRCTSynthToComb.dir/SynthToComb.cpp.o
[871/1076] Building CXX object lib/Dialect/Arc/Runtime/CMakeFiles/obj.CIRCTArcJITRuntime.dir/ArcRuntime.cpp.o
[872/1076] Building CXX object lib/Dialect/Arc/Runtime/CMakeFiles/obj.CIRCTArcJITRuntime.dir/TraceEncoder.cpp.o
[873/1076] Building CXX object lib/Conversion/FSMToSV/CMakeFiles/obj.CIRCTFSMToSV.dir/FSMToSV.cpp.o
[874/1076] Building CXX object lib/Dialect/Arc/Runtime/CMakeFiles/obj.CIRCTArcJITRuntime.dir/ModelInstance.cpp.o
[875/1076] Building CXX object lib/Conversion/PipelineToHW/CMakeFiles/obj.CIRCTPipelineToHW.dir/PipelineToHW.cpp.o
[876/1076] Building CXX object lib/Dialect/Arc/Runtime/CMakeFiles/obj.CIRCTArcJITRuntime.dir/VCDTraceEncoder.cpp.o
[877/1076] Building CXX object lib/Conversion/VerifToSMT/CMakeFiles/obj.CIRCTVerifToSMT.dir/VerifToSMT.cpp.o
[878/1076] Linking CXX static library lib/libCIRCTExportCalyx.a
[879/1076] Linking CXX static library lib/libCIRCTCalyxTransforms.a
[880/1076] Linking CXX static library lib/libCIRCTCombTransforms.a
[881/1076] Linking CXX static library lib/libCIRCTDatapathTransforms.a
[882/1076] Linking CXX static library lib/libCIRCTDCTransforms.a
[883/1076] Building CXX object lib/Dialect/AXI4/CMakeFiles/obj.CIRCTAXI4.dir/AXI4Attributes.cpp.o
[884/1076] Linking CXX static library lib/libCIRCTEmitTransforms.a
[885/1076] Building CXX object lib/Conversion/HandshakeToHW/CMakeFiles/obj.CIRCTHandshakeToHW.dir/HandshakeToHW.cpp.o
[886/1076] Building CXX object lib/Dialect/Arc/CMakeFiles/obj.CIRCTArcReductions.dir/ArcReductions.cpp.o
[887/1076] Building CXX object lib/Dialect/Emit/CMakeFiles/obj.CIRCTEmitReductions.dir/EmitReductions.cpp.o
[888/1076] Building CXX object lib/Dialect/AXI4/CMakeFiles/obj.CIRCTAXI4.dir/AXI4Dialect.cpp.o
[889/1076] Building CXX object lib/Dialect/AXI4/CMakeFiles/obj.CIRCTAXI4.dir/AXI4Ops.cpp.o
[890/1076] Linking CXX static library lib/libCIRCTFIRRTLTransforms.a
[891/1076] Building CXX object lib/Dialect/AXI4/CMakeFiles/obj.CIRCTAXI4.dir/AXI4Types.cpp.o
[892/1076] Building CXX object lib/Dialect/FIRRTL/Import/CMakeFiles/obj.CIRCTImportFIRFile.dir/FIRAnnotations.cpp.o
[893/1076] Building CXX object lib/Conversion/LoopScheduleToCalyx/CMakeFiles/obj.CIRCTLoopScheduleToCalyx.dir/LoopScheduleToCalyx.cpp.o
[894/1076] Building CXX object lib/Dialect/FIRRTL/Import/CMakeFiles/obj.CIRCTImportFIRFile.dir/FIRLexer.cpp.o
[895/1076] Building CXX object lib/Conversion/SCFToCalyx/CMakeFiles/obj.CIRCTSCFToCalyx.dir/SCFToCalyx.cpp.o
[896/1076] Building CXX object lib/Dialect/Handshake/Transforms/CMakeFiles/obj.CIRCTHandshakeTransforms.dir/Buffers.cpp.o
[897/1076] Building CXX object lib/Conversion/SMTToZ3LLVM/CMakeFiles/obj.CIRCTSMTToZ3LLVM.dir/LowerSMTToZ3LLVM.cpp.o
[898/1076] Building CXX object lib/Dialect/FSM/Transforms/CMakeFiles/obj.CIRCTFSMTransforms.dir/PrintFSMGraph.cpp.o
[899/1076] Building CXX object lib/Dialect/Handshake/Transforms/CMakeFiles/obj.CIRCTHandshakeTransforms.dir/LockFunctions.cpp.o
[900/1076] Linking CXX static library lib/libCIRCTHWTransforms.a
[901/1076] Linking CXX static library lib/libCIRCTHWArith.a
[902/1076] Linking CXX static library lib/libCIRCTKanagawa.a
[903/1076] Building CXX object lib/Dialect/Handshake/Transforms/CMakeFiles/obj.CIRCTHandshakeTransforms.dir/Analysis.cpp.o
[904/1076] Building CXX object lib/Dialect/Handshake/Transforms/CMakeFiles/obj.CIRCTHandshakeTransforms.dir/LegalizeMemrefs.cpp.o
[905/1076] Building CXX object lib/Dialect/FIRRTL/Export/CMakeFiles/obj.CIRCTExportFIRRTL.dir/FIREmitter.cpp.o
[906/1076] Building CXX object lib/Dialect/Handshake/Transforms/CMakeFiles/obj.CIRCTHandshakeTransforms.dir/SplitMerges.cpp.o
[907/1076] Building CXX object lib/Dialect/FIRRTL/CMakeFiles/obj.CIRCTFIRRTLReductions.dir/FIRRTLReductions.cpp.o
[908/1076] Building CXX object lib/Dialect/Kanagawa/Transforms/CMakeFiles/obj.CIRCTKanagawaTransforms.dir/KanagawaContainerize.cpp.o
[909/1076] Building CXX object lib/Dialect/HW/CMakeFiles/obj.CIRCTHWReductions.dir/HWReductions.cpp.o
[910/1076] Building CXX object lib/Dialect/Handshake/Transforms/CMakeFiles/obj.CIRCTHandshakeTransforms.dir/Materialization.cpp.o
[911/1076] Building CXX object lib/Dialect/FIRRTL/Import/CMakeFiles/obj.CIRCTImportFIRFile.dir/FIRParser.cpp.o
[912/1076] Building CXX object lib/Dialect/Kanagawa/Transforms/CMakeFiles/obj.CIRCTKanagawaTransforms.dir/KanagawaCallPrep.cpp.o
[913/1076] Building CXX object lib/Dialect/Kanagawa/Transforms/CMakeFiles/obj.CIRCTKanagawaTransforms.dir/KanagawaTunneling.cpp.o
[914/1076] Building CXX object lib/Dialect/Kanagawa/Transforms/CMakeFiles/obj.CIRCTKanagawaTransforms.dir/KanagawaCleanSelfdrivers.cpp.o
[915/1076] Building CXX object lib/Dialect/Handshake/Transforms/CMakeFiles/obj.CIRCTHandshakeTransforms.dir/LowerExtmemToHW.cpp.o
[916/1076] Building CXX object lib/Dialect/Kanagawa/Transforms/CMakeFiles/obj.CIRCTKanagawaTransforms.dir/KanagawaReblockPass.cpp.o
[917/1076] Building CXX object lib/Dialect/Kanagawa/Transforms/CMakeFiles/obj.CIRCTKanagawaTransforms.dir/KanagawaPassPipelines.cpp.o
[918/1076] Building CXX object lib/Dialect/Moore/CMakeFiles/obj.CIRCTMoore.dir/MooreOps.cpp.o
[919/1076] Linking CXX static library lib/libCIRCTInteropDialect.a
[920/1076] Building CXX object lib/Dialect/Kanagawa/Transforms/CMakeFiles/obj.CIRCTKanagawaTransforms.dir/KanagawaPortrefLowering.cpp.o
[921/1076] Building CXX object lib/Dialect/Kanagawa/Transforms/CMakeFiles/obj.CIRCTKanagawaTransforms.dir/KanagawaPrepareScheduling.cpp.o
[922/1076] Building CXX object lib/Dialect/Kanagawa/Transforms/CMakeFiles/obj.CIRCTKanagawaTransforms.dir/KanagawaContainersToHW.cpp.o
[923/1076] Building CXX object lib/Dialect/Kanagawa/Transforms/CMakeFiles/obj.CIRCTKanagawaTransforms.dir/KanagawaConvertCFToHandshake.cpp.o
[924/1076] Building CXX object lib/Dialect/Kanagawa/Transforms/CMakeFiles/obj.CIRCTKanagawaTransforms.dir/KanagawaMethodsToContainers.cpp.o
[925/1076] Building CXX object lib/Dialect/Kanagawa/Transforms/CMakeFiles/obj.CIRCTKanagawaTransforms.dir/KanagawaArgifyBlocksPass.cpp.o
[926/1076] Building CXX object lib/Dialect/Kanagawa/Transforms/CMakeFiles/obj.CIRCTKanagawaTransforms.dir/KanagawaInlineSBlocksPass.cpp.o
[927/1076] Building CXX object lib/Dialect/Kanagawa/Transforms/CMakeFiles/obj.CIRCTKanagawaTransforms.dir/KanagawaConvertHandshakeToDC.cpp.o
[928/1076] Building CXX object lib/Dialect/Kanagawa/Transforms/CMakeFiles/obj.CIRCTKanagawaTransforms.dir/KanagawaEliminateRedundantOps.cpp.o
[929/1076] Building CXX object lib/Dialect/LLHD/Transforms/CMakeFiles/obj.CIRCTLLHDTransforms.dir/DeseqUtils.cpp.o
[930/1076] Building CXX object lib/Dialect/Kanagawa/Transforms/CMakeFiles/obj.CIRCTKanagawaTransforms.dir/KanagawaAddOperatorLibrary.cpp.o
[931/1076] Linking CXX static library lib/libCIRCTLoopSchedule.a
[932/1076] Linking CXX static library lib/libCIRCTMoore.a
[933/1076] Building CXX object lib/Dialect/LLHD/Transforms/CMakeFiles/obj.CIRCTLLHDTransforms.dir/InlineCalls.cpp.o
[934/1076] Building CXX object lib/Dialect/LLHD/Transforms/CMakeFiles/obj.CIRCTLLHDTransforms.dir/LowerProcesses.cpp.o
[935/1076] Building CXX object lib/Dialect/LLHD/Transforms/CMakeFiles/obj.CIRCTLLHDTransforms.dir/CombineDrives.cpp.o
[936/1076] Building CXX object lib/Dialect/LLHD/Transforms/CMakeFiles/obj.CIRCTLLHDTransforms.dir/WrapProceduralOps.cpp.o
[937/1076] Linking CXX static library lib/libCIRCTOMTransforms.a
[938/1076] Building CXX object lib/Dialect/LLHD/Transforms/CMakeFiles/obj.CIRCTLLHDTransforms.dir/Deseq.cpp.o
[939/1076] Building CXX object lib/Dialect/LLHD/Transforms/CMakeFiles/obj.CIRCTLLHDTransforms.dir/HoistSignals.cpp.o
[940/1076] Building CXX object lib/Dialect/LLHD/Transforms/CMakeFiles/obj.CIRCTLLHDTransforms.dir/RemoveControlFlow.cpp.o
[941/1076] Building CXX object lib/Dialect/LLHD/Transforms/CMakeFiles/obj.CIRCTLLHDTransforms.dir/UnrollLoops.cpp.o
[942/1076] Building CXX object lib/Dialect/OM/CMakeFiles/obj.CIRCTOMReductions.dir/OMReductions.cpp.o
[943/1076] Linking CXX static library lib/libCIRCTRTGDialect.a
[944/1076] Building CXX object lib/Dialect/Moore/Transforms/CMakeFiles/obj.CIRCTMooreTransforms.dir/SimplifyProcedures.cpp.o
[945/1076] Building CXX object lib/Dialect/LLHD/Transforms/CMakeFiles/obj.CIRCTLLHDTransforms.dir/Sig2RegPass.cpp.o
[946/1076] Building CXX object lib/Dialect/Probe/CMakeFiles/obj.CIRCTProbe.dir/ProbeDialect.cpp.o
[947/1076] Building CXX object lib/Dialect/Moore/Transforms/CMakeFiles/obj.CIRCTMooreTransforms.dir/CreateVTables.cpp.o
[948/1076] Building CXX object lib/Dialect/Moore/Transforms/CMakeFiles/obj.CIRCTMooreTransforms.dir/SimplifyRefs.cpp.o
[949/1076] Building CXX object lib/Dialect/RTG/Reductions/CMakeFiles/obj.CIRCTRTGReductions.dir/RTGReductions.cpp.o
[950/1076] Building CXX object lib/Dialect/Probe/CMakeFiles/obj.CIRCTProbe.dir/ProbeOps.cpp.o
[951/1076] Building CXX object lib/Dialect/LLHD/Transforms/CMakeFiles/obj.CIRCTLLHDTransforms.dir/Mem2Reg.cpp.o
[952/1076] Building CXX object lib/Dialect/Pipeline/Transforms/CMakeFiles/obj.CIRCTPipelineTransforms.dir/ExplicitRegs.cpp.o
[953/1076] Building CXX object lib/Dialect/Pipeline/Transforms/CMakeFiles/obj.CIRCTPipelineTransforms.dir/ScheduleLinearPipeline.cpp.o
[954/1076] Building CXX object lib/Dialect/Probe/CMakeFiles/obj.CIRCTProbe.dir/ProbeTypes.cpp.o
[955/1076] Building CXX object lib/Conversion/MooreToCore/CMakeFiles/obj.CIRCTMooreToCore.dir/MooreToCore.cpp.o
[956/1076] Building CXX object lib/Dialect/RTG/Transforms/CMakeFiles/obj.CIRCTRTGTransforms.dir/EmbedValidationValuesPass.cpp.o
[957/1076] Building CXX object lib/Dialect/RTG/Transforms/CMakeFiles/obj.CIRCTRTGTransforms.dir/LowerUniqueLabelsPass.cpp.o
[958/1076] Building CXX object lib/Dialect/RTG/Transforms/CMakeFiles/obj.CIRCTRTGTransforms.dir/InlineSequencesPass.cpp.o
[959/1076] Building CXX object lib/Dialect/RTG/Transforms/CMakeFiles/obj.CIRCTRTGTransforms.dir/EmitRTGISAAssemblyPass.cpp.o
[960/1076] Building CXX object lib/Dialect/RTG/Transforms/CMakeFiles/obj.CIRCTRTGTransforms.dir/PrintTestNamesPass.cpp.o
[961/1076] Building CXX object lib/Dialect/RTG/Transforms/CMakeFiles/obj.CIRCTRTGTransforms.dir/MemoryAllocationPass.cpp.o
[962/1076] Building CXX object lib/Dialect/RTG/Transforms/CMakeFiles/obj.CIRCTRTGTransforms.dir/InsertTestToFileMappingPass.cpp.o
[963/1076] Linking CXX static library lib/libCIRCTSeqTransforms.a
[964/1076] Linking CXX static library lib/libCIRCTSimTransforms.a
[965/1076] Linking CXX static library lib/libCIRCTSSP.a
[966/1076] Building CXX object lib/Dialect/RTG/Transforms/CMakeFiles/obj.CIRCTRTGTransforms.dir/MaterializeConstraintsPass.cpp.o
[967/1076] Building CXX object lib/Dialect/RTG/Transforms/CMakeFiles/obj.CIRCTRTGTransforms.dir/RTGPassPipelines.cpp.o
[968/1076] Building CXX object lib/Dialect/RTG/Transforms/CMakeFiles/obj.CIRCTRTGTransforms.dir/LinearScanRegisterAllocationPass.cpp.o
[969/1076] Linking CXX static library lib/libCIRCTSVTransforms.a
[970/1076] Building CXX object lib/Dialect/RTG/Transforms/CMakeFiles/obj.CIRCTRTGTransforms.dir/LowerValidateToLabelsPass.cpp.o
[971/1076] Building CXX object lib/Dialect/RTGTest/IR/CMakeFiles/obj.CIRCTRTGTestDialect.dir/RTGTestTypes.cpp.o
[972/1076] Building CXX object lib/Dialect/RTGTest/IR/CMakeFiles/obj.CIRCTRTGTestDialect.dir/RTGTestAttributes.cpp.o
[973/1076] Building CXX object lib/Dialect/RTG/Transforms/CMakeFiles/obj.CIRCTRTGTransforms.dir/UniqueValidateOpsPass.cpp.o
[974/1076] Building CXX object lib/Dialect/RTG/Transforms/CMakeFiles/obj.CIRCTRTGTransforms.dir/SimpleTestInlinerPass.cpp.o
[975/1076] Building CXX object lib/Dialect/SSP/Transforms/CMakeFiles/obj.CIRCTSSPTransforms.dir/Roundtrip.cpp.o
[976/1076] Building CXX object lib/Dialect/Synth/Transforms/CMakeFiles/obj.CIRCTSynthTransforms.dir/AIGERRunner.cpp.o
[977/1076] Building CXX object lib/Dialect/Synth/Transforms/CMakeFiles/obj.CIRCTSynthTransforms.dir/ExactSynthesis.cpp.o
[978/1076] Building CXX object lib/Dialect/Synth/Transforms/CMakeFiles/obj.CIRCTSynthTransforms.dir/CutRewriter.cpp.o
[979/1076] Building CXX object lib/Dialect/SSP/Transforms/CMakeFiles/obj.CIRCTSSPTransforms.dir/Schedule.cpp.o
[980/1076] Building CXX object lib/Dialect/Synth/Transforms/CMakeFiles/obj.CIRCTSynthTransforms.dir/GenericLUTMapper.cpp.o
[981/1076] Building CXX object lib/Dialect/RTGTest/IR/CMakeFiles/obj.CIRCTRTGTestDialect.dir/RTGTestOps.cpp.o
[982/1076] Building CXX object lib/Dialect/SSP/Transforms/CMakeFiles/obj.CIRCTSSPTransforms.dir/Print.cpp.o
[983/1076] Linking CXX static library lib/libCIRCTSystemC.a
[984/1076] Building CXX object lib/Dialect/Synth/Transforms/CMakeFiles/obj.CIRCTSynthTransforms.dir/LowerVariadic.cpp.o
[985/1076] Linking CXX static library lib/libCIRCTVerifTransforms.a
[986/1076] Building CXX object lib/Dialect/RTGTest/IR/CMakeFiles/obj.CIRCTRTGTestDialect.dir/RTGTestDialect.cpp.o
[987/1076] Linking CXX static library lib/libCIRCTReduceLib.a
[988/1076] Building CXX object lib/Target/DebugInfo/CMakeFiles/obj.CIRCTTargetDebugInfo.dir/DumpDebugInfo.cpp.o
[989/1076] Building CXX object lib/Dialect/Synth/Transforms/CMakeFiles/obj.CIRCTSynthTransforms.dir/FunctionalReduction.cpp.o
[990/1076] Building CXX object lib/Dialect/Synth/Transforms/CMakeFiles/obj.CIRCTSynthTransforms.dir/StructuralHash.cpp.o
[991/1076] Building CXX object lib/Dialect/Synth/Transforms/CMakeFiles/obj.CIRCTSynthTransforms.dir/TestPriorityCuts.cpp.o
[992/1076] Building CXX object lib/Dialect/Synth/Transforms/CMakeFiles/obj.CIRCTSynthTransforms.dir/MaximumAndCover.cpp.o
[993/1076] Building CXX object lib/Dialect/RTG/Transforms/CMakeFiles/obj.CIRCTRTGTransforms.dir/ElaborationPass.cpp.o
[994/1076] Building CXX object lib/Dialect/SystemC/Transforms/CMakeFiles/obj.CIRCTSystemCTransforms.dir/SystemCLowerInstanceInterop.cpp.o
[995/1076] Building CXX object lib/Target/ExportSystemC/CMakeFiles/obj.CIRCTExportSystemC.dir/EmissionPrinter.cpp.o
[996/1076] Building CXX object lib/Dialect/Synth/Transforms/CMakeFiles/obj.CIRCTSynthTransforms.dir/SynthesisPipeline.cpp.o
[997/1076] Building CXX object lib/Dialect/Synth/Transforms/CMakeFiles/obj.CIRCTSynthTransforms.dir/TechMapper.cpp.o
[998/1076] Building CXX object lib/Target/DebugInfo/CMakeFiles/obj.CIRCTTargetDebugInfo.dir/TranslateRegistration.cpp.o
[999/1076] Building CXX object lib/Target/ExportSystemC/CMakeFiles/obj.CIRCTExportSystemC.dir/Patterns/BuiltinEmissionPatterns.cpp.o
[1000/1076] Building CXX object lib/Dialect/Synth/Transforms/CMakeFiles/obj.CIRCTSynthTransforms.dir/LowerWordToBits.cpp.o
[1001/1076] Building CXX object lib/Dialect/Synth/Transforms/CMakeFiles/obj.CIRCTSynthTransforms.dir/SOPBalancing.cpp.o
[1002/1076] Building CXX object lib/Target/ExportSystemC/CMakeFiles/obj.CIRCTExportSystemC.dir/Patterns/HWEmissionPatterns.cpp.o
[1003/1076] Linking CXX static library lib/libCIRCTAnalysisTestPasses.a
[1004/1076] Linking CXX static library lib/libCIRCTAffineToLoopSchedule.a
[1005/1076] Linking CXX static library lib/libCIRCTCalyxNative.a
[1006/1076] Linking CXX static library lib/libCIRCTCalyxToFSM.a
[1007/1076] Linking CXX static library lib/libCIRCTCalyxToHW.a
[1008/1076] Linking CXX static library lib/libCIRCTCombToSMT.a
[1009/1076] Linking CXX static library lib/libCIRCTConvertToLLVM.a
[1010/1076] Linking CXX static library lib/libCIRCTCoreToFSM.a
[1011/1076] Linking CXX static library lib/libCIRCTDatapathToSMT.a
[1012/1076] Linking CXX static library lib/libCIRCTDCToHW.a
[1013/1076] Linking CXX static library lib/libCIRCTFSMToCore.a
[1014/1076] Linking CXX static library lib/libCIRCTFSMToSV.a
[1015/1076] Linking CXX static library lib/libCIRCTFSMToSMT.a
[1016/1076] Linking CXX static library lib/libCIRCTHandshakeToHW.a
[1017/1076] Linking CXX static library lib/libCIRCTHWArithToHW.a
[1018/1076] Linking CXX static library lib/libCIRCTHWToSV.a
[1019/1076] Linking CXX static library lib/libCIRCTHWToSystemC.a
[1020/1076] Linking CXX static library lib/libCIRCTImportLiberty.a
[1021/1076] Linking CXX static library lib/libCIRCTLoopScheduleToCalyx.a
[1022/1076] Linking CXX static library lib/libCIRCTMooreToCore.a
[1023/1076] Linking CXX static library lib/libCIRCTPipelineToHW.a
[1024/1076] Linking CXX static library lib/libCIRCTSCFToCalyx.a
[1025/1076] Linking CXX static library lib/libCIRCTSMTToZ3LLVM.a
[1026/1076] Linking CXX static library lib/libCIRCTSynthToComb.a
[1027/1076] Linking CXX static library lib/libCIRCTVerifToSMT.a
[1028/1076] Linking CXX static library lib/libCIRCTArcReductions.a
[1029/1076] Linking CXX static library lib/libCIRCTArcJITRuntime.a
[1030/1076] Linking CXX static library lib/libCIRCTAXI4.a
[1031/1076] Linking CXX static library lib/libCIRCTEmitReductions.a
[1032/1076] Linking CXX static library lib/libCIRCTFIRRTLReductions.a
[1033/1076] Linking CXX static library lib/libCIRCTExportFIRRTL.a
[1034/1076] Linking CXX static library lib/libCIRCTImportFIRFile.a
[1035/1076] Linking CXX static library lib/libCIRCTFSMTransforms.a
[1036/1076] Linking CXX static library lib/libCIRCTHandshakeTransforms.a
[1037/1076] Linking CXX static library lib/libCIRCTHWReductions.a
[1038/1076] Linking CXX static library lib/libCIRCTKanagawaTransforms.a
[1039/1076] Linking CXX static library lib/libCIRCTLLHDTransforms.a
[1040/1076] Linking CXX static library lib/libCIRCTMooreTransforms.a
[1041/1076] Linking CXX static library lib/libCIRCTOMReductions.a
[1042/1076] Linking CXX static library lib/libCIRCTPipelineTransforms.a
[1043/1076] Linking CXX static library lib/libCIRCTProbe.a
[1044/1076] Linking CXX static library lib/libCIRCTRTGReductions.a
[1045/1076] Linking CXX static library lib/libCIRCTRTGTransforms.a
[1046/1076] Linking CXX static library lib/libCIRCTRTGTestDialect.a
[1047/1076] Linking CXX static library lib/libCIRCTSSPTransforms.a
[1048/1076] Linking CXX static library lib/libCIRCTSynthTransforms.a
[1049/1076] Linking CXX static library lib/libCIRCTSystemCTransforms.a
[1050/1076] Building CXX object lib/Target/ExportSystemC/CMakeFiles/obj.CIRCTExportSystemC.dir/Patterns/EmitCEmissionPatterns.cpp.o
[1051/1076] Building CXX object lib/Tools/circt-bmc/CMakeFiles/obj.CIRCTBMCTransforms.dir/MaterializeDebugVariables.cpp.o
[1052/1076] Building CXX object lib/Target/DebugInfo/CMakeFiles/obj.CIRCTTargetDebugInfo.dir/EmitHGLDD.cpp.o
[1053/1076] Linking CXX static library lib/libCIRCTTargetDebugInfo.a
[1054/1076] Building CXX object lib/Target/ExportSystemC/CMakeFiles/obj.CIRCTExportSystemC.dir/ExportSystemC.cpp.o
[1055/1076] Building CXX object lib/Tools/circt-bmc/CMakeFiles/obj.CIRCTBMCTransforms.dir/PrepareForBMC.cpp.o
[1056/1076] Building CXX object lib/Tools/circt-bmc/CMakeFiles/obj.CIRCTBMCTransforms.dir/ExternalizeRegisters.cpp.o
[1057/1076] Building CXX object tools/circt-translate/CMakeFiles/circt-translate.dir/circt-translate.cpp.o
[1058/1076] Building CXX object lib/Tools/circt-bmc/CMakeFiles/obj.CIRCTBMCTransforms.dir/LowerToBMC.cpp.o
[1059/1076] Linking CXX static library lib/libCIRCTBMCTransforms.a
[1060/1076] Building CXX object lib/Target/ExportSystemC/CMakeFiles/obj.CIRCTExportSystemC.dir/Patterns/SystemCEmissionPatterns.cpp.o
[1061/1076] Linking CXX static library lib/libCIRCTExportSystemC.a
[1062/1076] Building CXX object lib/Firtool/CMakeFiles/obj.CIRCTFirtool.dir/Firtool.cpp.o
[1063/1076] Linking CXX static library lib/libCIRCTFirtool.a
[1064/1076] Linking CXX executable bin/circt-translate
[1065/1076] Building CXX object lib/Tools/circt-lec/CMakeFiles/obj.CIRCTLECTransforms.dir/ConstructLEC.cpp.o
[1066/1076] Linking CXX static library lib/libCIRCTLECTransforms.a
[1067/1076] Building CXX object lib/Tools/arcilator/CMakeFiles/obj.CIRCTArcilator.dir/pipelines.cpp.o
[1068/1076] Linking CXX static library lib/libCIRCTArcilator.a
[1069/1076] Building CXX object tools/circt-reduce/CMakeFiles/circt-reduce.dir/circt-reduce.cpp.o
[1070/1076] Linking CXX executable bin/circt-reduce
[1071/1076] Building CXX object tools/arcilator/CMakeFiles/arcilator.dir/arcilator.cpp.o
[1072/1076] Linking CXX executable bin/arcilator
[1073/1076] Building CXX object tools/firtool/CMakeFiles/firtool.dir/firtool.cpp.o
[1074/1076] Linking CXX executable bin/firtool
[1075/1076] Building CXX object tools/circt-opt/CMakeFiles/circt-opt.dir/circt-opt.cpp.o
[1076/1076] Linking CXX executable bin/circt-opt
