ninja: Entering directory `/home/adi/.cache/chia-pin-smoke/bassert_u'
[1/1082] Building FIRRTLEnums.h.inc...
[2/1082] Building FIRRTLEnums.cpp.inc...
[3/1082] Building HWAttributes.h.inc...
[4/1082] Building RTGEnums.h.inc...
[5/1082] Building RTGEnums.cpp.inc...
[6/1082] Building HWAttributes.cpp.inc...
[7/1082] Building FIRRTLAttributes.cpp.inc...
[8/1082] Building RTGOpInterfaces.h.inc...
[9/1082] Building RTGOpInterfaces.cpp.inc...
[10/1082] Building ArcPasses.h.inc...
[11/1082] Building HWEnums.cpp.inc...
[12/1082] Building FIRRTLAttributes.h.inc...
[13/1082] Building HWEnums.h.inc...
[14/1082] Building RTGTypeInterfaces.cpp.inc...
[15/1082] Building RTGTypeInterfaces.h.inc...
[16/1082] Building Passes.h.inc...
[17/1082] Building ArcPassesEnums.cpp.inc...
[18/1082] Building ArcPassesEnums.h.inc...
[19/1082] Building ESIPasses.h.inc...
[20/1082] Building Passes.h.inc...
[21/1082] Building HandshakeEnums.cpp.inc...
[22/1082] Building HandshakeEnums.h.inc...
[23/1082] Building OMAttributes.cpp.inc...
[24/1082] Building OMAttributes.h.inc...
[25/1082] Building FIRRTLCanonicalization.h.inc...
[26/1082] Building OMEnums.cpp.inc...
[27/1082] Building OMEnums.h.inc...
[28/1082] Building RTGAttrInterfaces.h.inc...
[29/1082] Building RTGAttrInterfaces.cpp.inc...
[30/1082] Building SeqEnums.h.inc...
[31/1082] Building SeqEnums.cpp.inc...
[32/1082] Building VerifEnums.cpp.inc...
[33/1082] Building VerifEnums.h.inc...
[34/1082] Building ArcEnums.cpp.inc...
[35/1082] Building FIRRTLOpInterfaces.cpp.inc...
[36/1082] Building ArcEnums.h.inc...
[37/1082] Building ESIEnums.cpp.inc...
[38/1082] Building ESIEnums.h.inc...
[39/1082] Building FIRRTLOpInterfaces.h.inc...
[40/1082] Building HandshakeInterfaces.cpp.inc...
[41/1082] Building HandshakeInterfaces.h.inc...
[42/1082] Building HWCanonicalization.cpp.inc...
[43/1082] Building HandshakeAttributes.h.inc...
[44/1082] Building HandshakeAttributes.cpp.inc...
[45/1082] Building LLHDEnums.cpp.inc...
[46/1082] Building OMOpInterfaces.h.inc...
[47/1082] Building KanagawaPasses.h.inc...
[48/1082] Building OMOpInterfaces.cpp.inc...
[49/1082] Building LLHDEnums.h.inc...
[50/1082] Building RTGISAAssemblyAttrInterfaces.cpp.inc...
[51/1082] Building RTGISAAssemblyAttrInterfaces.h.inc...
[52/1082] Building SeqAttributes.cpp.inc...
[53/1082] Building SeqAttributes.h.inc...
[54/1082] Building SimOpInterfaces.cpp.inc...
[55/1082] Building SimOpInterfaces.h.inc...
[56/1082] Building SynthOpInterfaces.h.inc...
[57/1082] Building SynthOpInterfaces.cpp.inc...
[58/1082] Building VerifOpInterfaces.cpp.inc...
[59/1082] Building SystemCEnums.cpp.inc...
[60/1082] Building SystemCEnums.h.inc...
[61/1082] Building VerifOpInterfaces.h.inc...
[62/1082] Building InstanceGraphInterface.h.inc...
[63/1082] Building InstanceGraphInterface.cpp.inc...
[64/1082] Building ArcAttributes.h.inc...
[65/1082] Building ArcAttributes.cpp.inc...
[66/1082] Building AXI4Enums.cpp.inc...
[67/1082] Building CalyxEnums.cpp.inc...
[68/1082] Building AXI4Enums.h.inc...
[69/1082] Building CalyxEnums.h.inc...
[70/1082] Building FIRRTLTypeInterfaces.cpp.inc...
[71/1082] Building FIRRTLTypeInterfaces.h.inc...
[72/1082] Building ESIAttributes.h.inc...
[73/1082] Building ESIAttributes.cpp.inc...
[74/1082] Building HandshakeCanonicalization.h.inc...
[75/1082] Building HWOpInterfaces.cpp.inc...
[76/1082] Building HWOpInterfaces.h.inc...
[77/1082] Building HWArithEnums.cpp.inc...
[78/1082] Building HWArithEnums.h.inc...
[79/1082] Building LLHDAttributes.h.inc...
[80/1082] Building LLHDAttributes.cpp.inc...
[81/1082] Building LTLEnums.cpp.inc...
[82/1082] Building LTLEnums.h.inc...
[83/1082] Building KanagawaInterfaces.h.inc...
[84/1082] Building KanagawaInterfaces.cpp.inc...
[85/1082] Building MooreEnums.h.inc...
[86/1082] Building MooreEnums.cpp.inc...
[87/1082] Building RTGISAAssemblyTypeInterfaces.cpp.inc...
[88/1082] Building SeqPasses.h.inc...
[89/1082] Building RTGISAAssemblyTypeInterfaces.h.inc...
[90/1082] Building SimEnums.h.inc...
[91/1082] Building SimEnums.cpp.inc...
[92/1082] Building SVEnums.cpp.inc...
[93/1082] Building SVEnums.h.inc...
[94/1082] Building SynthEnums.cpp.inc...
[95/1082] Building SynthEnums.h.inc...
[96/1082] Building SystemCAttributes.cpp.inc...
[97/1082] Generating Version.cpp
-- Determining version with `git rev-parse --short HEAD`
-- CIRCT version: 5056ff0
[98/1082] Building SystemCAttributes.h.inc...
[99/1082] Building Arc.cpp.inc...
[100/1082] Building Arc.h.inc...
[101/1082] Building ArcDialect.cpp.inc...
[102/1082] Building ArcDialect.h.inc...
[103/1082] Building ArcTypes.cpp.inc...
[104/1082] Building ArcTypes.h.inc...
[105/1082] Building ArcInterfaces.cpp.inc...
[106/1082] Building ArcInterfaces.h.inc...
[107/1082] Building AXI4.h.inc...
[108/1082] Building AXI4.cpp.inc...
[109/1082] Building AXI4Dialect.h.inc...
[110/1082] Building AXI4Dialect.cpp.inc...
[111/1082] Building AXI4Types.cpp.inc...
[112/1082] Building AXI4Types.h.inc...
[113/1082] Building AXI4Attributes.h.inc...
[114/1082] Building AXI4Attributes.cpp.inc...
[115/1082] Building CalyxDialect.cpp.inc...
[116/1082] Building Calyx.cpp.inc...
[117/1082] Building CalyxTypes.cpp.inc...
[118/1082] Building CalyxDialect.h.inc...
[119/1082] Building CalyxTypes.h.inc...
[120/1082] Building Calyx.h.inc...
[121/1082] Building CalyxInterfaces.cpp.inc...
[122/1082] Building CalyxInterfaces.h.inc...
[123/1082] Building CombDialect.cpp.inc...
[124/1082] Building CombDialect.h.inc...
[125/1082] Building CombTypes.cpp.inc...
[126/1082] Building Comb.h.inc...
[127/1082] Building Comb.cpp.inc...
[128/1082] Building CombTypes.h.inc...
[129/1082] Building CombEnums.cpp.inc...
[130/1082] Building Datapath.h.inc...
[131/1082] Building CombEnums.h.inc...
[132/1082] Building Datapath.cpp.inc...
[133/1082] Building DatapathDialect.cpp.inc...
[134/1082] Building DatapathDialect.h.inc...
[135/1082] Building DatapathTypes.h.inc...
[136/1082] Building DatapathTypes.cpp.inc...
[137/1082] Building DC.cpp.inc...
[138/1082] Building DC.h.inc...
[139/1082] Building DCDialect.h.inc...
[140/1082] Building DCDialect.cpp.inc...
[141/1082] Building DCTypes.cpp.inc...
[142/1082] Building Debug.h.inc...
[143/1082] Building DebugDialect.cpp.inc...
[144/1082] Building DebugDialect.h.inc...
[145/1082] Building DCTypes.h.inc...
[146/1082] Building Debug.cpp.inc...
[147/1082] Building DebugTypes.cpp.inc...
[148/1082] Building DebugTypes.h.inc...
[149/1082] Building Emit.h.inc...
[150/1082] Building Emit.cpp.inc...
[151/1082] Building EmitDialect.cpp.inc...
[152/1082] Building EmitDialect.h.inc...
[153/1082] Building EmitTypes.cpp.inc...
[154/1082] Building EmitTypes.h.inc...
[155/1082] Building EmitOpInterfaces.cpp.inc...
[156/1082] Building EmitOpInterfaces.h.inc...
[157/1082] Building ESIDialect.h.inc...
[158/1082] Building ESI.cpp.inc...
[159/1082] Building ESIDialect.cpp.inc...
[160/1082] Building ESITypes.cpp.inc...
[161/1082] Building ESITypes.h.inc...
[162/1082] Building ESI.h.inc...
[163/1082] Building ESIInterfaces.h.inc...
[164/1082] Building ESIInterfaces.cpp.inc...
[165/1082] Building FSM.cpp.inc...
[166/1082] Building FSMDialect.cpp.inc...
[167/1082] Building FSMDialect.h.inc...
[168/1082] Building FSM.h.inc...
[169/1082] Building FSMTypes.cpp.inc...
[170/1082] Building FSMTypes.h.inc...
[171/1082] Building Handshake.h.inc...
[172/1082] Building Handshake.cpp.inc...
[173/1082] Building HandshakeDialect.cpp.inc...
[174/1082] Building HandshakeDialect.h.inc...
[175/1082] Building HandshakePasses.h.inc...
[176/1082] Building HandshakeTypes.cpp.inc...
[177/1082] Building HandshakeTypes.h.inc...
[178/1082] Building HW.h.inc...
[179/1082] Building HWDialect.cpp.inc...
[180/1082] Building HW.cpp.inc...
[181/1082] Building HWDialect.h.inc...
[182/1082] Building HWTypes.cpp.inc...
[183/1082] Building HWTypeInterfaces.cpp.inc...
[184/1082] Building HWArith.cpp.inc...
[185/1082] Building HWTypeInterfaces.h.inc...
[186/1082] Building HWTypes.h.inc...
[187/1082] Building HWArithDialect.cpp.inc...
[188/1082] Building HWArith.h.inc...
[189/1082] Building HWArithDialect.h.inc...
[190/1082] Building HWArithTypes.h.inc...
[191/1082] Building HWArithTypes.cpp.inc...
[192/1082] Building Interop.cpp.inc...
[193/1082] Building HWArithCanonicalizations.h.inc...
[194/1082] Building Interop.h.inc...
[195/1082] Building InteropDialect.h.inc...
[196/1082] Building InteropDialect.cpp.inc...
[197/1082] Building InteropTypes.cpp.inc...
[198/1082] Building InteropEnums.cpp.inc...
[199/1082] Building InteropTypes.h.inc...
[200/1082] Building InteropEnums.h.inc...
[201/1082] Building LLHD.cpp.inc...
[202/1082] Building LLHD.h.inc...
[203/1082] Building LLHDDialect.cpp.inc...
[204/1082] Building LLHDDialect.h.inc...
[205/1082] Building LLHDTypes.cpp.inc...
[206/1082] Building LLHDPasses.h.inc...
[207/1082] Building LoopSchedule.cpp.inc...
[208/1082] Building LLHDTypes.h.inc...
[209/1082] Building LoopSchedule.h.inc...
[210/1082] Building LoopScheduleDialect.cpp.inc...
[211/1082] Building LoopScheduleDialect.h.inc...
[212/1082] Building LoopScheduleTypes.h.inc...
[213/1082] Building LoopScheduleTypes.cpp.inc...
[214/1082] Building LTLDialect.cpp.inc...
[215/1082] Building LTL.cpp.inc...
[216/1082] Building LTLDialect.h.inc...
[217/1082] Building LTL.h.inc...
[218/1082] Building LTLTypes.cpp.inc...
[219/1082] Building LTLFolds.cpp.inc...
[220/1082] Building LTLTypes.h.inc...
[221/1082] Building MooreDialect.h.inc...
[222/1082] Building MooreTypes.cpp.inc...
[223/1082] Building MooreDialect.cpp.inc...
[224/1082] Building MooreAttributes.h.inc...
[225/1082] Building MooreTypes.h.inc...
[226/1082] Building MooreAttributes.cpp.inc...
[227/1082] Building Moore.h.inc...
[228/1082] Building Moore.cpp.inc...
[229/1082] Building MSFT.cpp.inc...
[230/1082] Building MSFTDialect.cpp.inc...
[231/1082] Building MSFTDialect.h.inc...
[232/1082] Building MSFTTypes.cpp.inc...
[233/1082] Building MSFT.h.inc...
[234/1082] Building MSFTTypes.h.inc...
[235/1082] Building MSFTAttributes.cpp.inc...
[236/1082] Building MSFTEnums.cpp.inc...
[237/1082] Building MSFTAttributes.h.inc...
[238/1082] Building MSFTEnums.h.inc...
[239/1082] Building MSFTOpInterfaces.cpp.inc...
[240/1082] Building MSFTOpInterfaces.h.inc...
[241/1082] Building OMDialect.h.inc...
[242/1082] Building OM.h.inc...
[243/1082] Building OM.cpp.inc...
[244/1082] Building OMTypes.cpp.inc...
[245/1082] Building OMDialect.cpp.inc...
[246/1082] Building Pipeline.cpp.inc...
[247/1082] Building OMTypes.h.inc...
[248/1082] Building PipelineDialect.cpp.inc...
[249/1082] Building PipelineDialect.h.inc...
[250/1082] Building Pipeline.h.inc...
[251/1082] Building Probe.h.inc...
[252/1082] Building Probe.cpp.inc...
[253/1082] Building PipelineTypes.cpp.inc...
[254/1082] Building PipelineTypes.h.inc...
[255/1082] Building ProbeDialect.cpp.inc...
[256/1082] Building ProbeDialect.h.inc...
[257/1082] Building ProbeTypes.h.inc...
[258/1082] Building ProbeTypes.cpp.inc...
[259/1082] Building KanagawaDialect.cpp.inc...
[260/1082] Building Kanagawa.cpp.inc...
[261/1082] Building Kanagawa.h.inc...
[262/1082] Building KanagawaDialect.h.inc...
[263/1082] Building KanagawaTypes.cpp.inc...
[264/1082] Building KanagawaTypes.h.inc...
[265/1082] Building KanagawaAttributes.cpp.inc...
[266/1082] Building KanagawaAttributes.h.inc...
[267/1082] Building KanagawaEnums.cpp.inc...
[268/1082] Building KanagawaEnums.h.inc...
[269/1082] Building RTGDialect.cpp.inc...
[270/1082] Building RTGDialect.h.inc...
[271/1082] Building RTG.h.inc...
[272/1082] Building RTGTypes.cpp.inc...
[273/1082] Building RTG.cpp.inc...
[274/1082] Building RTGISAAssemblyOpInterfaces.cpp.inc...
[275/1082] Building RTGTypes.h.inc...
[276/1082] Building RTGISAAssemblyOpInterfaces.h.inc...
[277/1082] Building RTGTestDialect.cpp.inc...
[278/1082] Building RTGTestDialect.h.inc...
[279/1082] Building RTGTest.cpp.inc...
[280/1082] Building RTGTest.h.inc...
[281/1082] Building RTGTestTypes.cpp.inc...
[282/1082] Building RTGTestTypes.h.inc...
[283/1082] Building Seq.cpp.inc...
[284/1082] Building SeqDialect.cpp.inc...
[285/1082] Building SeqTypes.cpp.inc...
[286/1082] Building Seq.h.inc...
[287/1082] Building SeqDialect.h.inc...
[288/1082] Building SeqOpInterfaces.cpp.inc...
[289/1082] Building SeqTypes.h.inc...
[290/1082] Building SeqOpInterfaces.h.inc...
[291/1082] Building SimTypes.cpp.inc...
[292/1082] Building SimDialect.h.inc...
[293/1082] Building SimDialect.cpp.inc...
[294/1082] Building Sim.cpp.inc...
[295/1082] Building SimPasses.h.inc...
[296/1082] Building Sim.h.inc...
[297/1082] Building SSP.cpp.inc...
[298/1082] Building SimTypes.h.inc...
[299/1082] Building SSPDialect.cpp.inc...
[300/1082] Building SSP.h.inc...
[301/1082] Building SSPDialect.h.inc...
[302/1082] Building SSPTypes.cpp.inc...
[303/1082] Building SSPTypes.h.inc...
[304/1082] Building SSPAttributes.cpp.inc...
[305/1082] Building SSPAttributes.h.inc...
[306/1082] Building SVTypes.cpp.inc...
[307/1082] Building SVDialect.cpp.inc...
[308/1082] Building SVDialect.h.inc...
[309/1082] Building SV.cpp.inc...
[310/1082] Building SVTypes.h.inc...
[311/1082] Building SV.h.inc...
[312/1082] Building SVAttributes.h.inc...
[313/1082] Building SVAttributes.cpp.inc...
[314/1082] Building Synth.cpp.inc...
[315/1082] Building Synth.h.inc...
[316/1082] Building SynthDialect.h.inc...
[317/1082] Building SynthDialect.cpp.inc...
[318/1082] Building SynthTypes.cpp.inc...
[319/1082] Building SynthTypes.h.inc...
[320/1082] Building SynthAttributes.cpp.inc...
[321/1082] Building SynthAttributes.h.inc...
[322/1082] Building SystemC.h.inc...
[323/1082] Building SystemCDialect.cpp.inc...
[324/1082] Building SystemCDialect.h.inc...
[325/1082] Building SystemCTypes.cpp.inc...
[326/1082] Building SystemC.cpp.inc...
[327/1082] Building SystemCOpInterfaces.h.inc...
[328/1082] Building SystemCOpInterfaces.cpp.inc...
[329/1082] Building SystemCTypes.h.inc...
[330/1082] Building VerifDialect.cpp.inc...
[331/1082] Building VerifDialect.h.inc...
[332/1082] Building Verif.cpp.inc...
[333/1082] Building Verif.h.inc...
[334/1082] Building VerifTypes.cpp.inc...
[335/1082] Building VerifTypes.h.inc...
[336/1082] Building CXX object tools/circt-tblgen/CMakeFiles/circt-tblgen.dir/circt-tblgen.cpp.o
[337/1082] Building CXX object lib/Support/CMakeFiles/obj.CIRCTSupport.dir/APInt.cpp.o
[338/1082] Building CXX object tools/circt-tblgen/CMakeFiles/circt-tblgen.dir/RTGInstructionFormat.cpp.o
[339/1082] Building CXX object tools/circt-tblgen/CMakeFiles/circt-tblgen.dir/RTGInstructionPythonWrappers.cpp.o
[340/1082] Building CXX object tools/circt-tblgen/CMakeFiles/circt-tblgen.dir/RTGInstructionUtils.cpp.o
[341/1082] Building CXX object tools/circt-tblgen/CMakeFiles/circt-tblgen.dir/FIRRTLIntrinsicsGen.cpp.o
[342/1082] Building CXX object lib/Support/CMakeFiles/obj.CIRCTSupport.dir/FieldRef.cpp.o
[343/1082] Building CXX object tools/circt-tblgen/CMakeFiles/circt-tblgen.dir/RTGInstructionMethodsGen.cpp.o
[344/1082] Building CXX object tools/circt-tblgen/CMakeFiles/circt-tblgen.dir/FIRRTLAnnotationsGen.cpp.o
[345/1082] Linking CXX executable bin/circt-tblgen
[346/1082] Building FIRRTLAnnotationDetails.h.inc...
[347/1082] Building FIRRTLAnnotationRecords.h.inc...
[348/1082] Building _home_adi__cache_chia_pin_smoke_bassert_u_docs_Dialects_FIRRTLAnnotations_md...
[349/1082] Building FIRRTLIntrinsics.cpp.inc...
[350/1082] Generating ../../../../docs/Dialects/FIRRTLAnnotations.md
[351/1082] Building CHIRRTL.cpp.inc...
[352/1082] Building CHIRRTL.h.inc...
[353/1082] Building CHIRRTLDialect.cpp.inc...
[354/1082] Building CHIRRTLDialect.h.inc...
[355/1082] Building CHIRRTLTypes.cpp.inc...
[356/1082] Building CHIRRTLTypes.h.inc...
[357/1082] Building FIRRTL.cpp.inc...
[358/1082] Building FIRRTL.h.inc...
[359/1082] Building FIRRTLDialect.cpp.inc...
[360/1082] Building FIRRTLDialect.h.inc...
[361/1082] Building FIRRTLTypes.cpp.inc...
[362/1082] Building FIRRTLTypes.h.inc...
[363/1082] Building CXX object lib/Support/CMakeFiles/obj.CIRCTSupport.dir/CustomDirectiveImpl.cpp.o
[364/1082] Building CXX object lib/Support/CMakeFiles/obj.CIRCTSupport.dir/FVInt.cpp.o
[365/1082] Building CXX object lib/Support/CMakeFiles/obj.CIRCTSupport.dir/PrettyPrinter.cpp.o
[366/1082] Building CXX object lib/Support/CMakeFiles/obj.CIRCTSupport.dir/PrettyPrinterHelpers.cpp.o
[367/1082] Building CXX object lib/Support/CMakeFiles/obj.CIRCTSupport.dir/BackedgeBuilder.cpp.o
[368/1082] Building CXX object lib/Support/CMakeFiles/obj.CIRCTSupport.dir/Debug.cpp.o
[369/1082] Building CXX object lib/Support/CMakeFiles/obj.CIRCTSupport.dir/Path.cpp.o
[370/1082] Building CXX object lib/Support/CMakeFiles/obj.CIRCTSupport.dir/LoweringOptions.cpp.o
[371/1082] Building CXX object lib/Support/CMakeFiles/obj.CIRCTSupport.dir/SATSolver.cpp.o
[372/1082] Building CXX object lib/Support/CMakeFiles/obj.CIRCTSupport.dir/TruthTable.cpp.o
[373/1082] Building CXX object lib/Support/CMakeFiles/obj.CIRCTSupport.dir/Version.cpp.o
[374/1082] Building CXX object lib/Support/CMakeFiles/obj.CIRCTSupport.dir/JSON.cpp.o
[375/1082] Building CXX object lib/Support/CMakeFiles/obj.CIRCTSupport.dir/InstanceGraph.cpp.o
[376/1082] Building CXX object lib/Support/CMakeFiles/obj.CIRCTSupport.dir/ProceduralRegionTrait.cpp.o
[377/1082] Building CXX object lib/Support/CMakeFiles/obj.CIRCTSupport.dir/ValueMapper.cpp.o
[378/1082] Building CXX object lib/Support/CMakeFiles/obj.CIRCTSupport.dir/ParsingUtils.cpp.o
[379/1082] Building CXX object lib/Support/CMakeFiles/obj.CIRCTSupport.dir/SymCache.cpp.o
[380/1082] Building CXX object lib/Support/CMakeFiles/obj.CIRCTSupport.dir/Naming.cpp.o
[381/1082] Building CXX object lib/Dialect/HW/CMakeFiles/obj.CIRCTHW.dir/CustomDirectiveImpl.cpp.o
[382/1082] Building CXX object lib/Support/CMakeFiles/obj.CIRCTSupport.dir/Passes.cpp.o
[383/1082] Building CXX object lib/Dialect/HW/CMakeFiles/obj.CIRCTHW.dir/ConversionPatterns.cpp.o
[384/1082] Building CXX object lib/Dialect/HW/CMakeFiles/obj.CIRCTHW.dir/HWTypeInterfaces.cpp.o
[385/1082] Building CXX object lib/Dialect/HW/CMakeFiles/obj.CIRCTHW.dir/HierPathCache.cpp.o
[386/1082] Building CXX object lib/Dialect/HW/CMakeFiles/obj.CIRCTHW.dir/HWEnums.cpp.o
[387/1082] Building CXX object lib/Dialect/HW/CMakeFiles/obj.CIRCTHW.dir/HWInstanceGraph.cpp.o
[388/1082] Linking CXX static library lib/libCIRCTSupport.a
[389/1082] Building CXX object lib/Dialect/HW/CMakeFiles/obj.CIRCTHW.dir/HWModuleOpInterface.cpp.o
[390/1082] Building CXX object lib/Dialect/HW/CMakeFiles/obj.CIRCTHW.dir/HWOpInterfaces.cpp.o
[391/1082] Building CXX object lib/Dialect/HW/CMakeFiles/obj.CIRCTHW.dir/PortConverter.cpp.o
[392/1082] Building CXX object lib/Dialect/HW/CMakeFiles/obj.CIRCTHW.dir/InnerSymbolTable.cpp.o
[393/1082] Building CXX object lib/Dialect/HW/CMakeFiles/obj.CIRCTHW.dir/HWInstanceImplementation.cpp.o
[394/1082] Building CXX object lib/Dialect/HW/CMakeFiles/obj.CIRCTHW.dir/ModuleImplementation.cpp.o
[395/1082] Building CXX object lib/Dialect/HW/CMakeFiles/obj.CIRCTHW.dir/InferIntRangeInterfaceImpls.cpp.o
[396/1082] Building CXX object lib/Dialect/HW/CMakeFiles/obj.CIRCTHW.dir/HWDialect.cpp.o
[397/1082] Building CXX object lib/Dialect/Comb/CMakeFiles/obj.CIRCTComb.dir/CombAnalysis.cpp.o
[398/1082] Building CXX object lib/Dialect/Emit/CMakeFiles/obj.CIRCTEmit.dir/EmitOpInterfaces.cpp.o
[399/1082] Building CXX object lib/Dialect/HW/CMakeFiles/obj.CIRCTHW.dir/HWAttributes.cpp.o
[400/1082] Building CXX object lib/Dialect/Comb/CMakeFiles/obj.CIRCTComb.dir/InferIntRangeInterfaceImpls.cpp.o
[401/1082] Building CXX object lib/Dialect/Comb/CMakeFiles/obj.CIRCTComb.dir/CombFolds.cpp.o
[402/1082] Building CXX object lib/Dialect/Emit/CMakeFiles/obj.CIRCTEmit.dir/EmitOps.cpp.o
[403/1082] Building CXX object lib/Dialect/HW/CMakeFiles/obj.CIRCTHW.dir/HWTypes.cpp.o
[404/1082] Building CXX object lib/Dialect/Emit/CMakeFiles/obj.CIRCTEmit.dir/EmitDialect.cpp.o
[405/1082] Building CXX object lib/Dialect/Seq/CMakeFiles/obj.CIRCTSeq.dir/SeqAttributes.cpp.o
[406/1082] Building CXX object lib/Dialect/LTL/CMakeFiles/obj.CIRCTLTL.dir/LTLFolds.cpp.o
[407/1082] Building CXX object lib/Dialect/LTL/CMakeFiles/obj.CIRCTLTL.dir/LTLDialect.cpp.o
[408/1082] Building CXX object lib/Dialect/Seq/CMakeFiles/obj.CIRCTSeq.dir/SeqOpInterfaces.cpp.o
[409/1082] Building MSFTPasses.h.inc...
[410/1082] Building CXX object lib/Dialect/Comb/CMakeFiles/obj.CIRCTComb.dir/CombDialect.cpp.o
[411/1082] Building CXX object lib/Dialect/SV/CMakeFiles/obj.CIRCTSV.dir/SVTypes.cpp.o
[412/1082] Building CXX object lib/Dialect/Comb/CMakeFiles/obj.CIRCTComb.dir/CombOps.cpp.o
[413/1082] Building CXX object lib/Dialect/SV/CMakeFiles/obj.CIRCTSV.dir/SVAttributes.cpp.o
[414/1082] Building CXX object lib/Dialect/MSFT/CMakeFiles/obj.CIRCTMSFT.dir/DeviceDB.cpp.o
[415/1082] Building CXX object lib/Dialect/Seq/CMakeFiles/obj.CIRCTSeq.dir/SeqDialect.cpp.o
[416/1082] Building CXX object lib/Dialect/MSFT/CMakeFiles/obj.CIRCTMSFT.dir/MSFTAttributes.cpp.o
[417/1082] Building CXX object lib/Dialect/Seq/CMakeFiles/obj.CIRCTSeq.dir/SeqTypes.cpp.o
[418/1082] Building CXX object lib/Dialect/LTL/CMakeFiles/obj.CIRCTLTL.dir/LTLOps.cpp.o
[419/1082] Building CXX object lib/Dialect/MSFT/CMakeFiles/obj.CIRCTMSFT.dir/MSFTOpInterfaces.cpp.o
[420/1082] Building CXX object lib/Dialect/MSFT/CMakeFiles/obj.CIRCTMSFT.dir/MSFTDialect.cpp.o
[421/1082] Building CXX object lib/Dialect/MSFT/Transforms/CMakeFiles/obj.CIRCTMSFTTransforms.dir/MSFTLowerConstructs.cpp.o
[422/1082] Building CXX object lib/Dialect/HW/CMakeFiles/obj.CIRCTHW.dir/HWOps.cpp.o
/home/adi/.cache/chia-pin-smoke/src/lib/Dialect/HW/HWOps.cpp:807:3: warning: 'modifyModulePorts' is deprecated [-Wdeprecated-declarations]
  807 |   modifyModulePorts(*this, insertInputs, insertOutputs, eraseInputs,
      |   ^
/home/adi/.cache/chia-pin-smoke/src/lib/Dialect/HW/HWOps.cpp:697:3: note: 'modifyModulePorts' has been explicitly marked deprecated here
  697 | [[deprecated]] static void
      |   ^
/home/adi/.cache/chia-pin-smoke/src/lib/Dialect/HW/HWOps.cpp:859:3: warning: 'modifyModulePorts' is deprecated [-Wdeprecated-declarations]
  859 |   modifyModulePorts(*this, insertInputs, insertOutputs, eraseInputs,
      |   ^
/home/adi/.cache/chia-pin-smoke/src/lib/Dialect/HW/HWOps.cpp:697:3: note: 'modifyModulePorts' has been explicitly marked deprecated here
  697 | [[deprecated]] static void
      |   ^
/home/adi/.cache/chia-pin-smoke/src/lib/Dialect/HW/HWOps.cpp:898:3: warning: 'modifyModulePorts' is deprecated [-Wdeprecated-declarations]
  898 |   modifyModulePorts(*this, insertInputs, insertOutputs, eraseInputs,
      |   ^
/home/adi/.cache/chia-pin-smoke/src/lib/Dialect/HW/HWOps.cpp:697:3: note: 'modifyModulePorts' has been explicitly marked deprecated here
  697 | [[deprecated]] static void
      |   ^
/home/adi/.cache/chia-pin-smoke/src/lib/Dialect/HW/HWOps.cpp:1188:3: warning: 'modifyModulePorts' is deprecated [-Wdeprecated-declarations]
 1188 |   modifyModulePorts(getOperation(), {std::make_pair(index, port)}, {}, {}, {},
      |   ^
/home/adi/.cache/chia-pin-smoke/src/lib/Dialect/HW/HWOps.cpp:697:3: note: 'modifyModulePorts' has been explicitly marked deprecated here
  697 | [[deprecated]] static void
      |   ^
/home/adi/.cache/chia-pin-smoke/src/lib/Dialect/HW/HWOps.cpp:1210:3: warning: 'modifyModulePorts' is deprecated [-Wdeprecated-declarations]
 1210 |   modifyModulePorts(getOperation(), {}, indexedNewPorts, {}, {},
      |   ^
/home/adi/.cache/chia-pin-smoke/src/lib/Dialect/HW/HWOps.cpp:697:3: note: 'modifyModulePorts' has been explicitly marked deprecated here
  697 | [[deprecated]] static void
      |   ^
5 warnings generated.
[423/1082] Linking CXX static library lib/libCIRCTHW.a
[424/1082] Linking CXX static library lib/libCIRCTComb.a
[425/1082] Linking CXX static library lib/libCIRCTEmit.a
[426/1082] Linking CXX static library lib/libCIRCTLTL.a
[427/1082] Building CXX object lib/Dialect/MSFT/Transforms/CMakeFiles/obj.CIRCTMSFTTransforms.dir/MSFTLowerInstances.cpp.o
[428/1082] Building CXX object lib/Dialect/MSFT/Transforms/CMakeFiles/obj.CIRCTMSFTTransforms.dir/PassCommon.cpp.o
[429/1082] Building CXX object lib/Dialect/MSFT/CMakeFiles/obj.CIRCTMSFT.dir/MSFTOps.cpp.o
[430/1082] Building Conversion.capi.cpp.inc...
[431/1082] Building Conversion.capi.h.inc...
[432/1082] Building CXX object lib/Dialect/MSFT/Transforms/CMakeFiles/obj.CIRCTMSFTTransforms.dir/MSFTExportTcl.cpp.o
[433/1082] Building Passes.h.inc...
[434/1082] Building SynthPasses.h.inc...
[435/1082] Building RTGTestInstructionMethods.cpp.inc...
[436/1082] Building Transforms.capi.cpp.inc...
[437/1082] Building Passes.h.inc...
[438/1082] Building Transforms.capi.h.inc...
[439/1082] Building CXX object lib/Dialect/OM/CMakeFiles/obj.CIRCTOM.dir/OMOpInterfaces.cpp.o
[440/1082] Building CXX object lib/Dialect/OM/CMakeFiles/obj.CIRCTOM.dir/OMAttributes.cpp.o
[441/1082] Building CXX object lib/Dialect/MSFT/CMakeFiles/obj.CIRCTMSFT.dir/ExportQuartusTcl.cpp.o
[442/1082] Building CXX object lib/Analysis/CMakeFiles/obj.CIRCTOpCountAnalysis.dir/OpCountAnalysis.cpp.o
[443/1082] Building CXX object lib/Dialect/OM/CMakeFiles/obj.CIRCTOM.dir/OMUtils.cpp.o
[444/1082] Building CXX object lib/Dialect/SV/CMakeFiles/obj.CIRCTSV.dir/SVDialect.cpp.o
[445/1082] Building CXX object lib/Dialect/OM/CMakeFiles/obj.CIRCTOM.dir/OMTypes.cpp.o
[446/1082] Building CXX object lib/Dialect/ESI/CMakeFiles/obj.CIRCTESI.dir/ESIAttributes.cpp.o
[447/1082] Building CXX object lib/Dialect/ESI/CMakeFiles/obj.CIRCTESI.dir/ESIFolds.cpp.o
[448/1082] Building CXX object lib/Dialect/Seq/CMakeFiles/obj.CIRCTSeq.dir/SeqOps.cpp.o
[449/1082] Linking CXX static library lib/libCIRCTSeq.a
[450/1082] Building CXX object lib/Dialect/ESI/CMakeFiles/obj.CIRCTESI.dir/AppID.cpp.o
[451/1082] Building CXX object lib/Dialect/OM/CMakeFiles/obj.CIRCTOM.dir/OMDialect.cpp.o
[452/1082] Building CXX object lib/Dialect/ESI/CMakeFiles/obj.CIRCTESI.dir/ESIPasses.cpp.o
[453/1082] Building CXX object lib/Dialect/ESI/CMakeFiles/obj.CIRCTESI.dir/ESIStdServices.cpp.o
[454/1082] Building CXX object lib/Dialect/OM/CMakeFiles/obj.CIRCTOM.dir/OMOps.cpp.o
[455/1082] Building CXX object lib/Dialect/ESI/CMakeFiles/obj.CIRCTESI.dir/ESITypes.cpp.o
[456/1082] Building CXX object lib/Dialect/ESI/CMakeFiles/obj.CIRCTESI.dir/Passes/ESILowerPhysical.cpp.o
[457/1082] Building CXX object lib/Dialect/ESI/CMakeFiles/obj.CIRCTESI.dir/Passes/ESICleanMetadata.cpp.o
[458/1082] Building CXX object lib/Dialect/SV/CMakeFiles/obj.CIRCTSV.dir/SVOps.cpp.o
[459/1082] Linking CXX static library lib/libCIRCTSV.a
[460/1082] Linking CXX static library lib/libCIRCTMSFT.a
[461/1082] Building CXX object lib/Dialect/ESI/CMakeFiles/obj.CIRCTESI.dir/Passes/ESILowerPorts.cpp.o
[462/1082] Building CXX object lib/Dialect/ESI/CMakeFiles/obj.CIRCTESI.dir/Passes/ESILowerToHW.cpp.o
[463/1082] Building CXX object lib/Dialect/ESI/CMakeFiles/obj.CIRCTESI.dir/Passes/ESILowerTypes.cpp.o
[464/1082] Building CXX object lib/Dialect/ESI/CMakeFiles/obj.CIRCTESI.dir/Passes/ESIAppIDHier.cpp.o
[465/1082] Building CXX object lib/Dialect/ESI/CMakeFiles/obj.CIRCTESI.dir/Passes/ESILowerBundles.cpp.o
[466/1082] Building CXX object lib/Dialect/ESI/CMakeFiles/obj.CIRCTESI.dir/Passes/ESIBuildManifest.cpp.o
[467/1082] Building CXX object lib/Dialect/ESI/CMakeFiles/obj.CIRCTESI.dir/ESIServices.cpp.o
[468/1082] Building CXX object lib/Dialect/FIRRTL/CMakeFiles/obj.CIRCTFIRRTL.dir/FIRRTLAttributes.cpp.o
[469/1082] Building CXX object lib/Dialect/ESI/CMakeFiles/obj.CIRCTESI.dir/ESIDialect.cpp.o
[470/1082] Building CXX object lib/Dialect/FIRRTL/CMakeFiles/obj.CIRCTFIRRTL.dir/CHIRRTLTypes.cpp.o
[471/1082] Building CXX object lib/Dialect/ESI/CMakeFiles/obj.CIRCTESI.dir/ESIOps.cpp.o
[472/1082] Building CXX object lib/Dialect/ESI/CMakeFiles/obj.CIRCTESI.dir/Passes/ESIVerifyConnections.cpp.o
[473/1082] Building CXX object lib/Dialect/FIRRTL/CMakeFiles/obj.CIRCTFIRRTL.dir/FIRRTLAnnotations.cpp.o
[474/1082] Building CXX object lib/Dialect/FIRRTL/CMakeFiles/obj.CIRCTFIRRTL.dir/FieldRefCache.cpp.o
[475/1082] Building CXX object lib/Dialect/FIRRTL/CMakeFiles/obj.CIRCTFIRRTL.dir/CHIRRTLDialect.cpp.o
[476/1082] Building CXX object lib/Dialect/FIRRTL/CMakeFiles/obj.CIRCTFIRRTL.dir/FIRRTLAnnotationHelper.cpp.o
[477/1082] Building CXX object lib/Dialect/FIRRTL/CMakeFiles/obj.CIRCTFIRRTL.dir/FIRRTLInstanceGraph.cpp.o
[478/1082] Building CXX object lib/Dialect/FIRRTL/CMakeFiles/obj.CIRCTFIRRTL.dir/FIRRTLInstanceImplementation.cpp.o
[479/1082] Building CXX object lib/Dialect/FIRRTL/CMakeFiles/obj.CIRCTFIRRTL.dir/FIRRTLOpInterfaces.cpp.o
[480/1082] Building CXX object lib/Dialect/FIRRTL/CMakeFiles/obj.CIRCTFIRRTL.dir/FIRRTLIntrinsics.cpp.o
[481/1082] Building CXX object lib/Dialect/FIRRTL/CMakeFiles/obj.CIRCTFIRRTL.dir/FIRRTLFieldSource.cpp.o
[482/1082] Linking CXX static library lib/libCIRCTMSFTTransforms.a
[483/1082] Linking CXX static library lib/libCIRCTOM.a
[484/1082] Building CXX object lib/Dialect/FSM/CMakeFiles/obj.CIRCTFSM.dir/FSMDialect.cpp.o
[485/1082] Building CXX object lib/Dialect/FIRRTL/CMakeFiles/obj.CIRCTFIRRTL.dir/NLATable.cpp.o
[486/1082] Building CXX object lib/Dialect/FSM/CMakeFiles/obj.CIRCTFSM.dir/FSMGraph.cpp.o
[487/1082] Building CXX object lib/Dialect/FIRRTL/CMakeFiles/obj.CIRCTFIRRTL.dir/FIRRTLUtils.cpp.o
[488/1082] Building CalyxPasses.h.inc...
[489/1082] Building Passes.h.inc...
[490/1082] Building DatapathPasses.h.inc...
[491/1082] Building DCPasses.h.inc...
[492/1082] Building EmitPasses.h.inc...
[493/1082] Building OMPasses.h.inc...
[494/1082] Building RTGAttributes.cpp.inc...
[495/1082] Building RTGAttributes.h.inc...
[496/1082] Building RTGTestEnums.cpp.inc...
[497/1082] Building RTGTestEnums.h.inc...
[498/1082] Building SVPasses.h.inc...
[499/1082] Building Passes.h.inc...
[500/1082] Building CXX object lib/Dialect/Synth/CMakeFiles/obj.CIRCTSynth.dir/SynthAttributes.cpp.o
[501/1082] Linking CXX static library lib/libCIRCTOpCountAnalysis.a
[502/1082] Building CXX object lib/Dialect/FSM/CMakeFiles/obj.CIRCTFSM.dir/FSMTypes.cpp.o
[503/1082] Building CXX object lib/Dialect/Synth/CMakeFiles/obj.CIRCTSynth.dir/SynthOpInterfaces.cpp.o
[504/1082] Building CXX object lib/Dialect/FIRRTL/CMakeFiles/obj.CIRCTFIRRTL.dir/FIRRTLTypes.cpp.o
[505/1082] Building CXX object lib/Analysis/CMakeFiles/obj.CIRCTDependenceAnalysis.dir/DependenceAnalysis.cpp.o
[506/1082] Building CXX object lib/Dialect/FSM/CMakeFiles/obj.CIRCTFSM.dir/FSMOps.cpp.o
[507/1082] Building CXX object lib/Dialect/Synth/CMakeFiles/obj.CIRCTSynth.dir/SynthDialect.cpp.o
[508/1082] Building CXX object lib/Dialect/Synth/CMakeFiles/obj.CIRCTSynth.dir/SynthOps.cpp.o
[509/1082] Building CXX object lib/Conversion/CombToArith/CMakeFiles/obj.CIRCTCombToArith.dir/CombToArith.cpp.o
[510/1082] Building CXX object lib/Dialect/FIRRTL/CMakeFiles/obj.CIRCTFIRRTL.dir/GatedClockConversion.cpp.o
[511/1082] Building CXX object lib/Dialect/Arc/CMakeFiles/obj.CIRCTArc.dir/ArcAttributes.cpp.o
[512/1082] Building CXX object lib/Conversion/CombToLLVM/CMakeFiles/obj.CIRCTCombToLLVM.dir/CombToLLVM.cpp.o
[513/1082] Building CXX object lib/Conversion/Utils/CMakeFiles/obj.CIRCTSVLoweringUtils.dir/SVLoweringUtils.cpp.o
[514/1082] Building CXX object lib/Dialect/Arc/CMakeFiles/obj.CIRCTArc.dir/ArcFolds.cpp.o
[515/1082] Building CXX object lib/Dialect/Arc/CMakeFiles/obj.CIRCTArc.dir/ArcTypes.cpp.o
[516/1082] Building CXX object lib/Conversion/HWToLLVM/CMakeFiles/obj.CIRCTHWToLLVM.dir/HWToLLVM.cpp.o
[517/1082] Building CXX object lib/Dialect/Arc/CMakeFiles/obj.CIRCTArc.dir/ModelInfo.cpp.o
[518/1082] Building CXX object lib/Dialect/Arc/CMakeFiles/obj.CIRCTArc.dir/ArcCostModel.cpp.o
[519/1082] Building CXX object lib/Analysis/CMakeFiles/obj.CIRCTFIRRTLAnalysis.dir/FIRRTLInstanceInfo.cpp.o
[520/1082] Building CXX object lib/Dialect/Arc/Interfaces/CMakeFiles/obj.CIRCTArcExternalInterfaces.dir/RuntimeCostEstimateInterfaceImpl.cpp.o
[521/1082] Building CXX object lib/Dialect/Datapath/CMakeFiles/obj.CIRCTDatapath.dir/DatapathDialect.cpp.o
[522/1082] Building CXX object lib/Dialect/DC/CMakeFiles/obj.CIRCTDC.dir/DCTypes.cpp.o
[523/1082] Building CXX object lib/Dialect/Datapath/CMakeFiles/obj.CIRCTDatapath.dir/DatapathFolds.cpp.o
[524/1082] Building CXX object lib/Dialect/DC/CMakeFiles/obj.CIRCTDC.dir/DCDialect.cpp.o
[525/1082] Building CXX object lib/Dialect/Datapath/CMakeFiles/obj.CIRCTDatapath.dir/DatapathOps.cpp.o
[526/1082] Linking CXX static library lib/libCIRCTESI.a
[527/1082] Linking CXX static library lib/libCIRCTFSM.a
[528/1082] Building CXX object lib/Dialect/Debug/CMakeFiles/obj.CIRCTDebug.dir/DebugDialect.cpp.o
[529/1082] Building CXX object lib/Dialect/FIRRTL/CMakeFiles/obj.CIRCTFIRRTL.dir/FIRRTLFolds.cpp.o
[530/1082] Building CXX object lib/Dialect/Debug/CMakeFiles/obj.CIRCTDebug.dir/DebugTypes.cpp.o
[531/1082] Building CXX object lib/Dialect/Arc/CMakeFiles/obj.CIRCTArc.dir/ArcOps.cpp.o
[532/1082] Building CXX object lib/Dialect/Debug/CMakeFiles/obj.CIRCTDebug.dir/DebugOps.cpp.o
[533/1082] Building CXX object lib/Dialect/Handshake/CMakeFiles/obj.CIRCTHandshake.dir/HandshakeExecutableOps.cpp.o
[534/1082] Building CXX object lib/Dialect/DC/CMakeFiles/obj.CIRCTDC.dir/DCOps.cpp.o
[535/1082] Building CXX object lib/Dialect/Arc/CMakeFiles/obj.CIRCTArc.dir/ArcDialect.cpp.o
[536/1082] Building CXX object lib/Dialect/Calyx/CMakeFiles/obj.CIRCTCalyx.dir/CalyxDialect.cpp.o
[537/1082] Building CXX object lib/Dialect/Handshake/CMakeFiles/obj.CIRCTHandshake.dir/HandshakeUtils.cpp.o
[538/1082] Building CXX object lib/Dialect/LLHD/IR/CMakeFiles/obj.CIRCTLLHD.dir/LLHDTypes.cpp.o
[539/1082] Linking CXX static library lib/libCIRCTSynth.a
[540/1082] Building CXX object lib/Dialect/Handshake/CMakeFiles/obj.CIRCTHandshake.dir/HandshakeDialect.cpp.o
[541/1082] Building CXX object lib/Dialect/LLHD/IR/CMakeFiles/obj.CIRCTLLHD.dir/LLHDDialect.cpp.o
[542/1082] Building CXX object lib/Dialect/Sim/CMakeFiles/obj.CIRCTSim.dir/SimTypes.cpp.o
[543/1082] Building CXX object lib/Dialect/Handshake/CMakeFiles/obj.CIRCTHandshake.dir/HandshakeOps.cpp.o
[544/1082] Building CXX object lib/Dialect/Synth/Analysis/CMakeFiles/obj.CIRCTSynthAnalysis.dir/PrintLongestPathAnalysis.cpp.o
[545/1082] Building CXX object lib/Dialect/Synth/Analysis/CMakeFiles/obj.CIRCTSynthAnalysis.dir/ResourceUsageAnalysis.cpp.o
[546/1082] Building CXX object lib/Dialect/Pipeline/CMakeFiles/obj.CIRCTPipelineOps.dir/PipelineOps.cpp.o
[547/1082] Building CXX object lib/Dialect/Verif/CMakeFiles/obj.CIRCTVerif.dir/VerifOpInterfaces.cpp.o
[548/1082] Building CXX object lib/Dialect/Synth/Analysis/CMakeFiles/obj.CIRCTSynthAnalysis.dir/LongestPathAnalysis.cpp.o
[549/1082] Building CXX object lib/Scheduling/CMakeFiles/obj.CIRCTScheduling.dir/ChainingSupport.cpp.o
[550/1082] Building CXX object lib/Scheduling/CMakeFiles/obj.CIRCTScheduling.dir/ASAPScheduler.cpp.o
[551/1082] Building CXX object lib/Scheduling/CMakeFiles/obj.CIRCTScheduling.dir/Utilities.cpp.o
[552/1082] Building CXX object lib/Scheduling/CMakeFiles/obj.CIRCTScheduling.dir/SimplexSchedulers.cpp.o
[553/1082] Building CXX object lib/Dialect/Sim/CMakeFiles/obj.CIRCTSim.dir/SimDialect.cpp.o
[554/1082] Building CXX object lib/Dialect/LLHD/IR/CMakeFiles/obj.CIRCTLLHD.dir/LLHDOps.cpp.o
[555/1082] Building CXX object lib/Dialect/Verif/CMakeFiles/obj.CIRCTVerif.dir/VerifDialect.cpp.o
[556/1082] Building CXX object lib/Scheduling/CMakeFiles/obj.CIRCTScheduling.dir/Problems.cpp.o
[557/1082] Building CXX object lib/Dialect/Calyx/CMakeFiles/obj.CIRCTCalyx.dir/CalyxOps.cpp.o
[558/1082] Building CXX object lib/Dialect/Verif/CMakeFiles/obj.CIRCTVerif.dir/VerifOps.cpp.o
[559/1082] Building CXX object lib/Dialect/FIRRTL/CMakeFiles/obj.CIRCTFIRRTL.dir/FIRRTLDialect.cpp.o
[560/1082] Building CXX object lib/Transforms/CMakeFiles/obj.CIRCTTransforms.dir/ConvertIndexToUInt.cpp.o
[561/1082] Building CXX object lib/Transforms/CMakeFiles/obj.CIRCTTransforms.dir/MaximizeSSA.cpp.o
[562/1082] Building Passes.h.inc...
[563/1082] Building MoorePasses.h.inc...
[564/1082] Building PipelinePasses.h.inc...
[565/1082] Building RTGPasses.capi.cpp.inc...
[566/1082] Building RTGPasses.capi.h.inc...
[567/1082] Building RTGPasses.h.inc...
[568/1082] Building RTGTestAttributes.cpp.inc...
[569/1082] Building RTGTestAttributes.h.inc...
[570/1082] Building SSPPasses.h.inc...
[571/1082] Building Passes.h.inc...
[572/1082] Building BMCTransforms.capi.cpp.inc...
[573/1082] Building BMCTransforms.capi.h.inc...
[574/1082] Building Passes.h.inc...
[575/1082] Building LECTransforms.capi.cpp.inc...
[576/1082] Building LECTransforms.capi.h.inc...
[577/1082] Building Passes.h.inc...
[578/1082] Building CXX object lib/Transforms/CMakeFiles/obj.CIRCTTransforms.dir/CellIFT.cpp.o
[579/1082] Building CXX object lib/Dialect/Sim/CMakeFiles/obj.CIRCTSim.dir/SimOps.cpp.o
[580/1082] Linking CXX static library lib/libCIRCTDependenceAnalysis.a
[581/1082] Building CXX object lib/Transforms/CMakeFiles/obj.CIRCTTransforms.dir/IndexSwitchToIf.cpp.o
[582/1082] Building CXX object lib/Transforms/CMakeFiles/obj.CIRCTTransforms.dir/InsertMergeBlocks.cpp.o
[583/1082] Building CXX object lib/Transforms/CMakeFiles/obj.CIRCTTransforms.dir/HierarchicalRunner.cpp.o
[584/1082] Linking CXX static library lib/libCIRCTCombToArith.a
[585/1082] Building CXX object lib/Transforms/CMakeFiles/obj.CIRCTTransforms.dir/StripDebugInfoWithPred.cpp.o
[586/1082] Linking CXX static library lib/libCIRCTCombToLLVM.a
[587/1082] Building CXX object lib/Transforms/CMakeFiles/obj.CIRCTTransforms.dir/MemoryBanking.cpp.o
[588/1082] Building CXX object lib/Analysis/CMakeFiles/obj.CIRCTDebugAnalysis.dir/DebugInfo.cpp.o
[589/1082] Building CXX object lib/Analysis/CMakeFiles/obj.CIRCTDebugAnalysis.dir/DebugAnalysis.cpp.o
[590/1082] Building CXX object lib/Transforms/CMakeFiles/obj.CIRCTTransforms.dir/MapArithToComb.cpp.o
[591/1082] Building CXX object lib/Transforms/CMakeFiles/obj.CIRCTTransforms.dir/FlattenMemRefs.cpp.o
[592/1082] Building CXX object lib/Transforms/CMakeFiles/obj.CIRCTTransforms.dir/PrintOpCount.cpp.o
[593/1082] Building CXX object lib/Analysis/CMakeFiles/obj.CIRCTSchedulingAnalysis.dir/SchedulingAnalysis.cpp.o
[594/1082] Building CXX object lib/Conversion/CombToDatapath/CMakeFiles/obj.CIRCTCombToDatapath.dir/CombToDatapath.cpp.o
[595/1082] Building CXX object lib/Conversion/ExportVerilog/CMakeFiles/obj.CIRCTExportVerilog.dir/ApplyLoweringOptions.cpp.o
[596/1082] Building CXX object lib/Conversion/ExportAIGER/CMakeFiles/obj.CIRCTExportAIGER.dir/ExportAIGER.cpp.o
[597/1082] Building CXX object lib/Conversion/ExportVerilog/CMakeFiles/obj.CIRCTExportVerilog.dir/LegalizeAnonEnums.cpp.o
[598/1082] Building CXX object lib/Conversion/DatapathToComb/CMakeFiles/obj.CIRCTDatapathToComb.dir/DatapathToComb.cpp.o
[599/1082] Building CXX object lib/Conversion/CombToSynth/CMakeFiles/obj.CIRCTCombToSynth.dir/CombToSynth.cpp.o
[600/1082] Linking CXX static library lib/libCIRCTHWToLLVM.a
[601/1082] Building CXX object lib/Conversion/ExportVerilog/CMakeFiles/obj.CIRCTExportVerilog.dir/PrepareForEmission.cpp.o
[602/1082] Building CXX object lib/Conversion/ExportVerilog/CMakeFiles/obj.CIRCTExportVerilog.dir/LegalizeNames.cpp.o
[603/1082] Building CXX object lib/Conversion/ConvertToArcs/CMakeFiles/obj.CIRCTConvertToArcs.dir/ConvertToArcs.cpp.o
[604/1082] Building CXX object lib/Conversion/HWToSMT/CMakeFiles/obj.CIRCTHWToSMT.dir/HWToSMT.cpp.o
[605/1082] Building CXX object lib/Conversion/ExportVerilog/CMakeFiles/obj.CIRCTExportVerilog.dir/PruneZeroValuedLogic.cpp.o
[606/1082] Building CXX object lib/Conversion/CFToHandshake/CMakeFiles/obj.CIRCTCFToHandshake.dir/CFToHandshake.cpp.o
[607/1082] Building CXX object lib/Conversion/ImportAIGER/CMakeFiles/obj.CIRCTImportAIGER.dir/ImportAIGER.cpp.o
[608/1082] Building CXX object lib/Conversion/SeqToSV/CMakeFiles/obj.CIRCTSeqToSV.dir/FirMemLowering.cpp.o
[609/1082] Linking CXX static library lib/libCIRCTSVLoweringUtils.a
[610/1082] Building CXX object lib/Conversion/HandshakeToDC/CMakeFiles/obj.CIRCTHandshakeToDC.dir/HandshakeToDC.cpp.o
[611/1082] Linking CXX static library lib/libCIRCTArc.a
[612/1082] Building CXX object lib/Conversion/HWToBTOR2/CMakeFiles/obj.CIRCTHWToBTOR2.dir/HWToBTOR2.cpp.o
[613/1082] Linking CXX static library lib/libCIRCTArcExternalInterfaces.a
[614/1082] Building CXX object lib/Conversion/ArcToLLVM/CMakeFiles/obj.CIRCTArcToLLVM.dir/LowerArcToLLVM.cpp.o
[615/1082] Building CXX object lib/Conversion/SeqToSV/CMakeFiles/obj.CIRCTSeqToSV.dir/LowerFirMem.cpp.o
[616/1082] Building CXX object lib/Conversion/SeqToSV/CMakeFiles/obj.CIRCTSeqToSV.dir/FirRegLowering.cpp.o
[617/1082] Building CXX object lib/Conversion/LTLToCore/CMakeFiles/obj.CIRCTLTLToCore.dir/LTLToCore.cpp.o
[618/1082] Building CXX object lib/Conversion/VerifToSV/CMakeFiles/obj.CIRCTVerifToSV.dir/VerifToSV.cpp.o
[619/1082] Building CXX object lib/Conversion/SeqToSV/CMakeFiles/obj.CIRCTSeqToSV.dir/SeqToSV.cpp.o
[620/1082] Building CXX object lib/Dialect/FIRRTL/CMakeFiles/obj.CIRCTFIRRTL.dir/FIRRTLOps.cpp.o
[621/1082] Linking CXX static library lib/libCIRCTFIRRTL.a
[622/1082] Linking CXX static library lib/libCIRCTFIRRTLAnalysis.a
[623/1082] Building CXX object lib/Dialect/Arc/Export/CMakeFiles/obj.CIRCTExportArc.dir/ModelInfoExport.cpp.o
[624/1082] Building CXX object lib/Dialect/Arc/Transforms/CMakeFiles/obj.CIRCTArcTransforms.dir/AllocateState.cpp.o
[625/1082] Building CXX object lib/Dialect/Arc/Transforms/CMakeFiles/obj.CIRCTArcTransforms.dir/GenerateDriver.cpp.o
[626/1082] Building CXX object lib/Conversion/SimToSV/CMakeFiles/obj.CIRCTSimToSV.dir/SimToSV.cpp.o
[627/1082] Building CXX object lib/Dialect/Arc/Transforms/CMakeFiles/obj.CIRCTArcTransforms.dir/FindInitialVectors.cpp.o
[628/1082] Building CXX object lib/Dialect/Arc/Transforms/CMakeFiles/obj.CIRCTArcTransforms.dir/InferContext.cpp.o
[629/1082] Building CXX object lib/Dialect/Arc/Transforms/CMakeFiles/obj.CIRCTArcTransforms.dir/AddTaps.cpp.o
[630/1082] Building CXX object lib/Dialect/Arc/Transforms/CMakeFiles/obj.CIRCTArcTransforms.dir/InferMemories.cpp.o
[631/1082] Building CXX object lib/Dialect/Arc/Transforms/CMakeFiles/obj.CIRCTArcTransforms.dir/ArcCanonicalizer.cpp.o
[632/1082] Building CXX object lib/Dialect/Arc/Transforms/CMakeFiles/obj.CIRCTArcTransforms.dir/InlineArcs.cpp.o
[633/1082] Building CXX object lib/Dialect/Arc/Transforms/CMakeFiles/obj.CIRCTArcTransforms.dir/Dedup.cpp.o
[634/1082] Building CXX object lib/Conversion/ExportVerilog/CMakeFiles/obj.CIRCTExportVerilog.dir/ExportVerilog.cpp.o
[635/1082] Building CXX object lib/Dialect/Arc/Transforms/CMakeFiles/obj.CIRCTArcTransforms.dir/InferStateProperties.cpp.o
[636/1082] Building CXX object lib/Conversion/FIRRTLToHW/CMakeFiles/obj.CIRCTFIRRTLToHW.dir/LowerToHW.cpp.o
[637/1082] Building CXX object lib/Dialect/Arc/Transforms/CMakeFiles/obj.CIRCTArcTransforms.dir/LatencyRetiming.cpp.o
[638/1082] Building CXX object lib/Dialect/Arc/Transforms/CMakeFiles/obj.CIRCTArcTransforms.dir/LowerClocksToFuncs.cpp.o
[639/1082] Building CXX object lib/Dialect/Arc/Transforms/CMakeFiles/obj.CIRCTArcTransforms.dir/LowerArcsToFuncs.cpp.o
[640/1082] Building CXX object lib/Dialect/Arc/Transforms/CMakeFiles/obj.CIRCTArcTransforms.dir/LowerArrays.cpp.o
[641/1082] Building CXX object lib/Dialect/Arc/Transforms/CMakeFiles/obj.CIRCTArcTransforms.dir/LowerCoroutines.cpp.o
[642/1082] Building CXX object lib/Dialect/Arc/Transforms/CMakeFiles/obj.CIRCTArcTransforms.dir/InsertRuntime.cpp.o
[643/1082] Building CXX object lib/Dialect/Arc/Transforms/CMakeFiles/obj.CIRCTArcTransforms.dir/LowerLUT.cpp.o
[644/1082] Building CXX object lib/Dialect/Arc/Transforms/CMakeFiles/obj.CIRCTArcTransforms.dir/MakeTables.cpp.o
[645/1082] Building CXX object lib/Dialect/Arc/Transforms/CMakeFiles/obj.CIRCTArcTransforms.dir/MergeIfs.cpp.o
[646/1082] Building CXX object lib/Dialect/Arc/Transforms/CMakeFiles/obj.CIRCTArcTransforms.dir/LowerVerifSimulations.cpp.o
[647/1082] Building CXX object lib/Dialect/Arc/Transforms/CMakeFiles/obj.CIRCTArcTransforms.dir/MergeTaps.cpp.o
[648/1082] Linking CXX static library lib/libCIRCTCalyx.a
[649/1082] Building CXX object lib/Dialect/Arc/Transforms/CMakeFiles/obj.CIRCTArcTransforms.dir/LowerVectorizations.cpp.o
[650/1082] Building CXX object lib/Dialect/Arc/Transforms/CMakeFiles/obj.CIRCTArcTransforms.dir/LowerProcesses.cpp.o
[651/1082] Building CXX object lib/Dialect/Arc/Transforms/CMakeFiles/obj.CIRCTArcTransforms.dir/RemoveI0Types.cpp.o
[652/1082] Building CXX object lib/Dialect/Arc/Transforms/CMakeFiles/obj.CIRCTArcTransforms.dir/SimplifyVariadicOps.cpp.o
[653/1082] Building CXX object lib/Dialect/Arc/Transforms/CMakeFiles/obj.CIRCTArcTransforms.dir/SplitFuncs.cpp.o
[654/1082] Building CXX object lib/Dialect/Arc/Transforms/CMakeFiles/obj.CIRCTArcTransforms.dir/PrintCostModel.cpp.o
[655/1082] Building CXX object lib/Dialect/Calyx/Transforms/CMakeFiles/obj.CIRCTCalyxTransforms.dir/GICM.cpp.o
[656/1082] Building CXX object lib/Dialect/Arc/Transforms/CMakeFiles/obj.CIRCTArcTransforms.dir/SplitLoops.cpp.o
[657/1082] Building CXX object lib/Dialect/Arc/Transforms/CMakeFiles/obj.CIRCTArcTransforms.dir/LowerState.cpp.o
[658/1082] Building CXX object lib/Dialect/Arc/Transforms/CMakeFiles/obj.CIRCTArcTransforms.dir/MuxToControlFlow.cpp.o
[659/1082] Building CXX object lib/Dialect/Calyx/Transforms/CMakeFiles/obj.CIRCTCalyxTransforms.dir/CompileControl.cpp.o
[660/1082] Building CXX object lib/Dialect/Calyx/Transforms/CMakeFiles/obj.CIRCTCalyxTransforms.dir/GoInsertion.cpp.o
[661/1082] Building CXX object lib/Dialect/Arc/Transforms/CMakeFiles/obj.CIRCTArcTransforms.dir/ResolveXMRRef.cpp.o
[662/1082] Building CXX object lib/Dialect/Calyx/Transforms/CMakeFiles/obj.CIRCTCalyxTransforms.dir/RemoveGroups.cpp.o
[663/1082] Building CXX object lib/Dialect/Calyx/Export/CMakeFiles/obj.CIRCTExportCalyx.dir/CalyxEmitter.cpp.o
[664/1082] Building CXX object lib/Dialect/Calyx/Transforms/CMakeFiles/obj.CIRCTCalyxTransforms.dir/ClkResetInsertion.cpp.o
[665/1082] Building CXX object lib/Dialect/Arc/Transforms/CMakeFiles/obj.CIRCTArcTransforms.dir/StripSV.cpp.o
[666/1082] Building CXX object lib/Dialect/Calyx/Transforms/CMakeFiles/obj.CIRCTCalyxTransforms.dir/AffineToSCF.cpp.o
[667/1082] Building CXX object lib/Dialect/Calyx/Transforms/CMakeFiles/obj.CIRCTCalyxTransforms.dir/AffinePloopUnparallelize.cpp.o
[668/1082] Linking CXX static library lib/libCIRCTDatapath.a
[669/1082] Building CXX object lib/Dialect/Comb/Transforms/CMakeFiles/obj.CIRCTCombTransforms.dir/BalanceMux.cpp.o
[670/1082] Linking CXX static library lib/libCIRCTDC.a
[671/1082] Building CXX object lib/Dialect/Calyx/Transforms/CMakeFiles/obj.CIRCTCalyxTransforms.dir/ExcludeExecuteRegionCanonicalize.cpp.o
[672/1082] Building CXX object lib/Dialect/Calyx/Transforms/CMakeFiles/obj.CIRCTCalyxTransforms.dir/CalyxHelpers.cpp.o
[673/1082] Linking CXX static library lib/libCIRCTDebug.a
[674/1082] Building CXX object lib/Dialect/Comb/Transforms/CMakeFiles/obj.CIRCTCombTransforms.dir/IntRangeOptimizations.cpp.o
[675/1082] Building CXX object lib/Dialect/Calyx/Transforms/CMakeFiles/obj.CIRCTCalyxTransforms.dir/RemoveCombGroups.cpp.o
[676/1082] Building CXX object lib/Dialect/Calyx/Transforms/CMakeFiles/obj.CIRCTCalyxTransforms.dir/CalyxLoweringUtils.cpp.o
[677/1082] Building CXX object lib/Dialect/Comb/Transforms/CMakeFiles/obj.CIRCTCombTransforms.dir/LowerComb.cpp.o
[678/1082] Building CXX object lib/Dialect/Comb/Transforms/CMakeFiles/obj.CIRCTCombTransforms.dir/IntRangeAnnotations.cpp.o
[679/1082] Building CXX object lib/Dialect/Emit/Transforms/CMakeFiles/obj.CIRCTEmitTransforms.dir/StripEmit.cpp.o
[680/1082] Building CXX object lib/Dialect/Comb/Transforms/CMakeFiles/obj.CIRCTCombTransforms.dir/SimplifyTruthTable.cpp.o
[681/1082] Building CXX object lib/Dialect/Comb/Transforms/CMakeFiles/obj.CIRCTCombTransforms.dir/AssumeTwoValued.cpp.o
[682/1082] Building CXX object lib/Dialect/Datapath/Transforms/CMakeFiles/obj.CIRCTDatapathTransforms.dir/ReduceDelay.cpp.o
[683/1082] Building CXX object lib/Dialect/DC/Transforms/CMakeFiles/obj.CIRCTDCTransforms.dir/DCPrintDot.cpp.o
[684/1082] Building CXX object lib/Dialect/Calyx/Transforms/CMakeFiles/obj.CIRCTCalyxTransforms.dir/AffineParallelUnroll.cpp.o
[685/1082] Building CXX object lib/Dialect/DC/Transforms/CMakeFiles/obj.CIRCTDCTransforms.dir/DCMaterialization.cpp.o
[686/1082] Building CXX object lib/Dialect/FIRRTL/Transforms/CMakeFiles/obj.CIRCTFIRRTLTransforms.dir/CheckLayers.cpp.o
[687/1082] Building CXX object lib/Dialect/FIRRTL/Transforms/CMakeFiles/obj.CIRCTFIRRTLTransforms.dir/BlackBoxReader.cpp.o
[688/1082] Building CXX object lib/Dialect/FIRRTL/Transforms/CMakeFiles/obj.CIRCTFIRRTLTransforms.dir/CheckRecursiveInstantiation.cpp.o
[689/1082] Building CXX object lib/Dialect/FIRRTL/Transforms/CMakeFiles/obj.CIRCTFIRRTLTransforms.dir/DropName.cpp.o
[690/1082] Building CXX object lib/Dialect/FIRRTL/Transforms/CMakeFiles/obj.CIRCTFIRRTLTransforms.dir/CheckCombLoops.cpp.o
[691/1082] Building CXX object lib/Dialect/FIRRTL/Transforms/CMakeFiles/obj.CIRCTFIRRTLTransforms.dir/AnnotateInputOnlyModules.cpp.o
[692/1082] Building CXX object lib/Dialect/FIRRTL/Transforms/CMakeFiles/obj.CIRCTFIRRTLTransforms.dir/CreateSiFiveMetadata.cpp.o
[693/1082] Building CXX object lib/Dialect/FIRRTL/Transforms/CMakeFiles/obj.CIRCTFIRRTLTransforms.dir/DropConst.cpp.o
[694/1082] Building CXX object lib/Dialect/FIRRTL/Transforms/CMakeFiles/obj.CIRCTFIRRTLTransforms.dir/AssignOutputDirs.cpp.o
[695/1082] Building CXX object lib/Dialect/FIRRTL/Transforms/CMakeFiles/obj.CIRCTFIRRTLTransforms.dir/PopulateInstanceChoiceSymbols.cpp.o
[696/1082] Building CXX object lib/Dialect/FIRRTL/Transforms/CMakeFiles/obj.CIRCTFIRRTLTransforms.dir/AddSeqMemPorts.cpp.o
[697/1082] Building CXX object lib/Dialect/FIRRTL/Transforms/CMakeFiles/obj.CIRCTFIRRTLTransforms.dir/EliminateWires.cpp.o
[698/1082] Building CXX object lib/Dialect/FIRRTL/Transforms/CMakeFiles/obj.CIRCTFIRRTLTransforms.dir/FinalizeIR.cpp.o
[699/1082] Building CXX object lib/Dialect/FIRRTL/Transforms/CMakeFiles/obj.CIRCTFIRRTLTransforms.dir/FlattenMemory.cpp.o
[700/1082] Building CXX object lib/Dialect/FIRRTL/Transforms/CMakeFiles/obj.CIRCTFIRRTLTransforms.dir/ExpandWhens.cpp.o
[701/1082] Building CXX object lib/Dialect/FIRRTL/Transforms/CMakeFiles/obj.CIRCTFIRRTLTransforms.dir/ExtractInstances.cpp.o
[702/1082] Building CXX object lib/Dialect/FIRRTL/Transforms/CMakeFiles/obj.CIRCTFIRRTLTransforms.dir/FullReset.cpp.o
[703/1082] Building CXX object lib/Dialect/FIRRTL/Transforms/CMakeFiles/obj.CIRCTFIRRTLTransforms.dir/Dedup.cpp.o
[704/1082] Building CXX object lib/Dialect/FIRRTL/Transforms/CMakeFiles/obj.CIRCTFIRRTLTransforms.dir/InferResets.cpp.o
[705/1082] Building CXX object lib/Dialect/FIRRTL/Transforms/CMakeFiles/obj.CIRCTFIRRTLTransforms.dir/InjectDUTHierarchy.cpp.o
[706/1082] Building CXX object lib/Dialect/FIRRTL/Transforms/CMakeFiles/obj.CIRCTFIRRTLTransforms.dir/InferDomains.cpp.o
[707/1082] Building CXX object lib/Dialect/FIRRTL/Transforms/CMakeFiles/obj.CIRCTFIRRTLTransforms.dir/InferReadWrite.cpp.o
[708/1082] Building CXX object lib/Dialect/FIRRTL/Transforms/CMakeFiles/obj.CIRCTFIRRTLTransforms.dir/LegacyWiring.cpp.o
[709/1082] Building CXX object lib/Dialect/FIRRTL/Transforms/CMakeFiles/obj.CIRCTFIRRTLTransforms.dir/IMDeadCodeElim.cpp.o
[710/1082] Building CXX object lib/Dialect/FIRRTL/Transforms/CMakeFiles/obj.CIRCTFIRRTLTransforms.dir/InnerSymbolDCE.cpp.o
[711/1082] Building CXX object lib/Dialect/FIRRTL/Transforms/CMakeFiles/obj.CIRCTFIRRTLTransforms.dir/IMConstProp.cpp.o
[712/1082] Building CXX object lib/Dialect/FIRRTL/Transforms/CMakeFiles/obj.CIRCTFIRRTLTransforms.dir/LinkCircuits.cpp.o
[713/1082] Building CXX object lib/Dialect/FIRRTL/Transforms/CMakeFiles/obj.CIRCTFIRRTLTransforms.dir/LayerMerge.cpp.o
[714/1082] Building CXX object lib/Dialect/FIRRTL/Transforms/CMakeFiles/obj.CIRCTFIRRTLTransforms.dir/GrandCentral.cpp.o
[715/1082] Building CXX object lib/Dialect/FIRRTL/Transforms/CMakeFiles/obj.CIRCTFIRRTLTransforms.dir/InferWidths.cpp.o
[716/1082] Building CXX object lib/Dialect/FIRRTL/Transforms/CMakeFiles/obj.CIRCTFIRRTLTransforms.dir/LayerSink.cpp.o
[717/1082] Building CXX object lib/Dialect/FIRRTL/Transforms/CMakeFiles/obj.CIRCTFIRRTLTransforms.dir/Lint.cpp.o
[718/1082] Building CXX object lib/Dialect/FIRRTL/Transforms/CMakeFiles/obj.CIRCTFIRRTLTransforms.dir/LowerIntrinsics.cpp.o
[719/1082] Building CXX object lib/Dialect/FIRRTL/Transforms/CMakeFiles/obj.CIRCTFIRRTLTransforms.dir/LowerAnnotations.cpp.o
[720/1082] Building CXX object lib/Dialect/FIRRTL/Transforms/CMakeFiles/obj.CIRCTFIRRTLTransforms.dir/LowerDPI.cpp.o
[721/1082] Building CXX object lib/Dialect/FIRRTL/Transforms/CMakeFiles/obj.CIRCTFIRRTLTransforms.dir/LowerDomains.cpp.o
[722/1082] Building CXX object lib/Dialect/FIRRTL/Transforms/CMakeFiles/obj.CIRCTFIRRTLTransforms.dir/LowerMatches.cpp.o
[723/1082] Building CXX object lib/Dialect/FIRRTL/Transforms/CMakeFiles/obj.CIRCTFIRRTLTransforms.dir/LowerIntmodules.cpp.o
[724/1082] Building CXX object lib/Dialect/FIRRTL/Transforms/CMakeFiles/obj.CIRCTFIRRTLTransforms.dir/MaterializeDebugInfo.cpp.o
[725/1082] Building CXX object lib/Dialect/FIRRTL/Transforms/CMakeFiles/obj.CIRCTFIRRTLTransforms.dir/LowerClasses.cpp.o
[726/1082] Building CXX object lib/Dialect/FIRRTL/Transforms/CMakeFiles/obj.CIRCTFIRRTLTransforms.dir/LowerCHIRRTL.cpp.o
[727/1082] Building CXX object lib/Dialect/FIRRTL/Transforms/CMakeFiles/obj.CIRCTFIRRTLTransforms.dir/LowerSignatures.cpp.o
[728/1082] Building CXX object lib/Dialect/FIRRTL/Transforms/CMakeFiles/obj.CIRCTFIRRTLTransforms.dir/LowerXMR.cpp.o
[729/1082] Building CXX object lib/Dialect/FIRRTL/Transforms/CMakeFiles/obj.CIRCTFIRRTLTransforms.dir/LowerOpenAggs.cpp.o
[730/1082] Building CXX object lib/Dialect/FIRRTL/Transforms/CMakeFiles/obj.CIRCTFIRRTLTransforms.dir/LowerMemory.cpp.o
[731/1082] Building CXX object lib/Dialect/FIRRTL/Transforms/CMakeFiles/obj.CIRCTFIRRTLTransforms.dir/MergeConnections.cpp.o
[732/1082] Building CXX object lib/Dialect/FIRRTL/Transforms/CMakeFiles/obj.CIRCTFIRRTLTransforms.dir/LowerLayers.cpp.o
[733/1082] Building CXX object lib/Dialect/FIRRTL/Transforms/CMakeFiles/obj.CIRCTFIRRTLTransforms.dir/PassiveWires.cpp.o
[734/1082] Building CXX object lib/Dialect/FIRRTL/Transforms/CMakeFiles/obj.CIRCTFIRRTLTransforms.dir/ModuleSummary.cpp.o
[735/1082] Building CXX object lib/Dialect/FIRRTL/Transforms/CMakeFiles/obj.CIRCTFIRRTLTransforms.dir/PrintNLATable.cpp.o
[736/1082] Building CXX object lib/Dialect/FIRRTL/Transforms/CMakeFiles/obj.CIRCTFIRRTLTransforms.dir/RegisterOptimizer.cpp.o
[737/1082] Building CXX object lib/Dialect/FIRRTL/Transforms/CMakeFiles/obj.CIRCTFIRRTLTransforms.dir/PrintInstanceGraph.cpp.o
[738/1082] Building CXX object lib/Dialect/FIRRTL/Transforms/CMakeFiles/obj.CIRCTFIRRTLTransforms.dir/PrintFIRRTLFieldSource.cpp.o
[739/1082] Linking CXX static library lib/libCIRCTHandshake.a
[740/1082] Building CXX object lib/Dialect/FIRRTL/Transforms/CMakeFiles/obj.CIRCTFIRRTLTransforms.dir/SFCCompat.cpp.o
[741/1082] Building CXX object lib/Dialect/FIRRTL/Transforms/CMakeFiles/obj.CIRCTFIRRTLTransforms.dir/ModuleInliner.cpp.o
[742/1082] Building CXX object lib/Dialect/FIRRTL/Transforms/CMakeFiles/obj.CIRCTFIRRTLTransforms.dir/ResolvePaths.cpp.o
[743/1082] Building CXX object lib/Dialect/FIRRTL/Transforms/CMakeFiles/obj.CIRCTFIRRTLTransforms.dir/LowerTypes.cpp.o
[744/1082] Building CXX object lib/Dialect/FIRRTL/Transforms/CMakeFiles/obj.CIRCTFIRRTLTransforms.dir/ProbesToSignals.cpp.o
[745/1082] Building CXX object lib/Dialect/FIRRTL/Transforms/CMakeFiles/obj.CIRCTFIRRTLTransforms.dir/RandomizeRegisterInit.cpp.o
[746/1082] Building CXX object lib/Dialect/FIRRTL/Transforms/CMakeFiles/obj.CIRCTFIRRTLTransforms.dir/SpecializeLayers.cpp.o
[747/1082] Building CXX object lib/Dialect/HW/Transforms/CMakeFiles/obj.CIRCTHWTransforms.dir/HWConvertBitcasts.cpp.o
[748/1082] Building CXX object lib/Dialect/FIRRTL/Transforms/CMakeFiles/obj.CIRCTFIRRTLTransforms.dir/SpecializeOption.cpp.o
[749/1082] Building CXX object lib/Dialect/HW/Transforms/CMakeFiles/obj.CIRCTHWTransforms.dir/HWBypassInnerSymbols.cpp.o
[750/1082] Building CXX object lib/Dialect/FIRRTL/Transforms/CMakeFiles/obj.CIRCTFIRRTLTransforms.dir/ResolveTraces.cpp.o
[751/1082] Building CXX object lib/Dialect/HW/Transforms/CMakeFiles/obj.CIRCTHWTransforms.dir/PrintHWModuleGraph.cpp.o
[752/1082] Building CXX object lib/Dialect/FIRRTL/Transforms/CMakeFiles/obj.CIRCTFIRRTLTransforms.dir/VBToBV.cpp.o
[753/1082] Building CXX object lib/Dialect/HW/Transforms/CMakeFiles/obj.CIRCTHWTransforms.dir/VerifyInnerRefNamespace.cpp.o
[754/1082] Building CXX object lib/Dialect/HW/Transforms/CMakeFiles/obj.CIRCTHWTransforms.dir/HWAggregateToComb.cpp.o
[755/1082] Building CXX object lib/Dialect/HW/Transforms/CMakeFiles/obj.CIRCTHWTransforms.dir/HWParameterizeConstantPorts.cpp.o
[756/1082] Building CXX object lib/Dialect/HW/Transforms/CMakeFiles/obj.CIRCTHWTransforms.dir/HWPrintInstanceGraph.cpp.o
[757/1082] Building CXX object lib/Dialect/HW/Transforms/CMakeFiles/obj.CIRCTHWTransforms.dir/HWVectorization.cpp.o
[758/1082] Building CXX object lib/Dialect/HWArith/CMakeFiles/obj.CIRCTHWArith.dir/HWArithDialect.cpp.o
[759/1082] Building CXX object lib/Dialect/HW/Transforms/CMakeFiles/obj.CIRCTHWTransforms.dir/HWIMDeadCodeElim.cpp.o
[760/1082] Linking CXX static library lib/libCIRCTLLHD.a
[761/1082] Building CXX object lib/Dialect/HW/Transforms/CMakeFiles/obj.CIRCTHWTransforms.dir/FlattenModules.cpp.o
[762/1082] Building CXX object lib/Dialect/HWArith/CMakeFiles/obj.CIRCTHWArith.dir/HWArithTypes.cpp.o
[763/1082] Building CXX object lib/Dialect/HW/Transforms/CMakeFiles/obj.CIRCTHWTransforms.dir/FlattenIO.cpp.o
[764/1082] Building CXX object lib/Dialect/HW/Transforms/CMakeFiles/obj.CIRCTHWTransforms.dir/HWSpecialize.cpp.o
[765/1082] Building CXX object lib/Dialect/HWArith/CMakeFiles/obj.CIRCTHWArith.dir/HWArithOps.cpp.o
[766/1082] Building CXX object lib/Dialect/FIRRTL/Transforms/CMakeFiles/obj.CIRCTFIRRTLTransforms.dir/Vectorization.cpp.o
[767/1082] Building CXX object lib/Dialect/Interop/CMakeFiles/obj.CIRCTInteropDialect.dir/InteropDialect.cpp.o
[768/1082] Building CXX object lib/Dialect/Interop/CMakeFiles/obj.CIRCTInteropDialect.dir/InteropOps.cpp.o
[769/1082] Building CXX object lib/Dialect/Moore/CMakeFiles/obj.CIRCTMoore.dir/MooreAttributes.cpp.o
[770/1082] Linking CXX static library lib/libCIRCTPipelineOps.a
[771/1082] Building CXX object lib/Dialect/Kanagawa/CMakeFiles/obj.CIRCTKanagawa.dir/KanagawaTypes.cpp.o
[772/1082] Building CXX object lib/Dialect/Moore/CMakeFiles/obj.CIRCTMoore.dir/MooreTypes.cpp.o
[773/1082] Building CXX object lib/Dialect/OM/Transforms/CMakeFiles/obj.CIRCTOMTransforms.dir/ElaborateObject.cpp.o
[774/1082] Building CXX object lib/Dialect/RTG/IR/CMakeFiles/obj.CIRCTRTGDialect.dir/RTGAttrInterfaces.cpp.o
[775/1082] Building CXX object lib/Dialect/OM/Transforms/CMakeFiles/obj.CIRCTOMTransforms.dir/LinkModules.cpp.o
[776/1082] Building CXX object lib/Dialect/RTG/IR/CMakeFiles/obj.CIRCTRTGDialect.dir/RTGISAAssemblyAttrInterfaces.cpp.o
[777/1082] Building CXX object lib/Dialect/LoopSchedule/CMakeFiles/obj.CIRCTLoopSchedule.dir/LoopScheduleOps.cpp.o
[778/1082] Building CXX object lib/Dialect/OM/Transforms/CMakeFiles/obj.CIRCTOMTransforms.dir/StripOM.cpp.o
[779/1082] Building CXX object lib/Dialect/RTG/IR/CMakeFiles/obj.CIRCTRTGDialect.dir/RTGAttributes.cpp.o
[780/1082] Building CXX object lib/Dialect/RTG/IR/CMakeFiles/obj.CIRCTRTGDialect.dir/RTGISAAssemblyOpInterfaces.cpp.o
[781/1082] Building CXX object lib/Dialect/RTG/IR/CMakeFiles/obj.CIRCTRTGDialect.dir/RTGISAAssemblyTypeInterfaces.cpp.o
[782/1082] Building CXX object lib/Dialect/RTG/IR/CMakeFiles/obj.CIRCTRTGDialect.dir/RTGOpInterfaces.cpp.o
[783/1082] Building CXX object lib/Dialect/OM/Transforms/CMakeFiles/obj.CIRCTOMTransforms.dir/FreezePaths.cpp.o
[784/1082] Building CXX object lib/Dialect/RTG/IR/CMakeFiles/obj.CIRCTRTGDialect.dir/RTGTypeInterfaces.cpp.o
[785/1082] Building CXX object lib/Dialect/Kanagawa/CMakeFiles/obj.CIRCTKanagawa.dir/KanagawaOps.cpp.o
[786/1082] Building CXX object lib/Dialect/RTG/IR/CMakeFiles/obj.CIRCTRTGDialect.dir/RTGTypes.cpp.o
[787/1082] Building CXX object lib/Dialect/Kanagawa/CMakeFiles/obj.CIRCTKanagawa.dir/KanagawaDialect.cpp.o
[788/1082] Linking CXX static library lib/libCIRCTSim.a
[789/1082] Building CXX object lib/Dialect/Seq/Transforms/CMakeFiles/obj.CIRCTSeqTransforms.dir/ExternalizeClockGate.cpp.o
[790/1082] Building CXX object lib/Dialect/Seq/Transforms/CMakeFiles/obj.CIRCTSeqTransforms.dir/LowerSeqCompRegCE.cpp.o
[791/1082] Building CXX object lib/Dialect/Seq/Transforms/CMakeFiles/obj.CIRCTSeqTransforms.dir/RegOfVecToMem.cpp.o
[792/1082] Building CXX object lib/Dialect/Seq/Transforms/CMakeFiles/obj.CIRCTSeqTransforms.dir/LowerSeqFIFO.cpp.o
[793/1082] Building CXX object lib/Dialect/RTG/IR/CMakeFiles/obj.CIRCTRTGDialect.dir/RTGDialect.cpp.o
[794/1082] Building CXX object lib/Dialect/Sim/Transforms/CMakeFiles/obj.CIRCTSimTransforms.dir/FoldValueFormatters.cpp.o
[795/1082] Building CXX object lib/Dialect/Seq/Transforms/CMakeFiles/obj.CIRCTSeqTransforms.dir/LowerSeqHLMem.cpp.o
[796/1082] Building CXX object lib/Dialect/Seq/Transforms/CMakeFiles/obj.CIRCTSeqTransforms.dir/HWMemSimImpl.cpp.o
[797/1082] Building CXX object lib/Dialect/SSP/CMakeFiles/obj.CIRCTSSP.dir/SSPAttributes.cpp.o
[798/1082] Building CXX object lib/Dialect/Seq/Transforms/CMakeFiles/obj.CIRCTSeqTransforms.dir/LowerSeqShiftReg.cpp.o
[799/1082] Building CXX object lib/Dialect/SSP/CMakeFiles/obj.CIRCTSSP.dir/SSPDialect.cpp.o
[800/1082] Building CXX object lib/Dialect/Sim/Transforms/CMakeFiles/obj.CIRCTSimTransforms.dir/LowerDPIFunc.cpp.o
[801/1082] Building CXX object lib/Dialect/Sim/Transforms/CMakeFiles/obj.CIRCTSimTransforms.dir/SquashSimTriggered.cpp.o
[802/1082] Building CXX object lib/Dialect/RTG/IR/CMakeFiles/obj.CIRCTRTGDialect.dir/RTGOps.cpp.o
[803/1082] Building CXX object lib/Dialect/SV/Transforms/CMakeFiles/obj.CIRCTSVTransforms.dir/GeneratorCallout.cpp.o
[804/1082] Building CXX object lib/Dialect/SSP/CMakeFiles/obj.CIRCTSSP.dir/SSPOps.cpp.o
[805/1082] Linking CXX static library lib/libCIRCTSynthAnalysis.a
[806/1082] Building CXX object lib/Dialect/SV/Transforms/CMakeFiles/obj.CIRCTSVTransforms.dir/HWStubExternalModules.cpp.o
[807/1082] Building CXX object lib/Dialect/Sim/Transforms/CMakeFiles/obj.CIRCTSimTransforms.dir/ProceduralizeSim.cpp.o
[808/1082] Building CXX object lib/Dialect/SystemC/CMakeFiles/obj.CIRCTSystemC.dir/SystemCAttributes.cpp.o
[809/1082] Building CXX object lib/Dialect/SV/Transforms/CMakeFiles/obj.CIRCTSVTransforms.dir/HWCleanup.cpp.o
[810/1082] Building CXX object lib/Dialect/SV/Transforms/CMakeFiles/obj.CIRCTSVTransforms.dir/HWExportModuleHierarchy.cpp.o
[811/1082] Linking CXX static library lib/libCIRCTVerif.a
[812/1082] Building CXX object lib/Dialect/SystemC/CMakeFiles/obj.CIRCTSystemC.dir/SystemCOpInterfaces.cpp.o
[813/1082] Building CXX object lib/Dialect/SV/Transforms/CMakeFiles/obj.CIRCTSVTransforms.dir/SVMaskNonSynthesizable.cpp.o
[814/1082] Building CXX object lib/Dialect/SV/Transforms/CMakeFiles/obj.CIRCTSVTransforms.dir/HWEliminateInOutPorts.cpp.o
[815/1082] Building CXX object lib/Dialect/SV/Transforms/CMakeFiles/obj.CIRCTSVTransforms.dir/SVTraceIVerilog.cpp.o
[816/1082] Building CXX object lib/Dialect/SystemC/CMakeFiles/obj.CIRCTSystemC.dir/SystemCTypes.cpp.o
[817/1082] Building CXX object lib/Dialect/SV/Transforms/CMakeFiles/obj.CIRCTSVTransforms.dir/HWLegalizeModules.cpp.o
[818/1082] Building CXX object lib/Dialect/Verif/Transforms/CMakeFiles/obj.CIRCTVerifTransforms.dir/CombineAssertLike.cpp.o
[819/1082] Building CXX object lib/Dialect/SV/Transforms/CMakeFiles/obj.CIRCTSVTransforms.dir/PrettifyVerilog.cpp.o
[820/1082] Building CXX object lib/Dialect/Verif/Transforms/CMakeFiles/obj.CIRCTVerifTransforms.dir/LowerContracts.cpp.o
[821/1082] Building CXX object lib/Dialect/SystemC/CMakeFiles/obj.CIRCTSystemC.dir/SystemCDialect.cpp.o
[822/1082] Building CXX object lib/Dialect/Verif/Transforms/CMakeFiles/obj.CIRCTVerifTransforms.dir/LowerTests.cpp.o
[823/1082] Building CXX object lib/Dialect/Verif/Transforms/CMakeFiles/obj.CIRCTVerifTransforms.dir/FoldAssume.cpp.o
[824/1082] Building CXX object lib/Dialect/Verif/Transforms/CMakeFiles/obj.CIRCTVerifTransforms.dir/PrepareForFormal.cpp.o
[825/1082] Linking CXX static library lib/libCIRCTScheduling.a
[826/1082] Linking CXX static library lib/libCIRCTTransforms.a
[827/1082] Linking CXX static library lib/libCIRCTDebugAnalysis.a
[828/1082] Linking CXX static library lib/libCIRCTSchedulingAnalysis.a
[829/1082] Building CXX object lib/Dialect/Verif/Transforms/CMakeFiles/obj.CIRCTVerifTransforms.dir/StripContracts.cpp.o
[830/1082] Building CXX object lib/Reduce/CMakeFiles/obj.CIRCTReduceLib.dir/GenericReductions.cpp.o
[831/1082] Linking CXX static library lib/libCIRCTArcToLLVM.a
[832/1082] Building CXX object lib/Dialect/Verif/Transforms/CMakeFiles/obj.CIRCTVerifTransforms.dir/SimplifyAssumeEq.cpp.o
[833/1082] Building CXX object lib/Reduce/CMakeFiles/obj.CIRCTReduceLib.dir/ReductionUtils.cpp.o
[834/1082] Building CXX object lib/Dialect/Verif/Transforms/CMakeFiles/obj.CIRCTVerifTransforms.dir/LowerSymbolicValues.cpp.o
[835/1082] Building CXX object lib/Dialect/SystemC/CMakeFiles/obj.CIRCTSystemC.dir/SystemCOps.cpp.o
[836/1082] Building CXX object lib/Reduce/CMakeFiles/obj.CIRCTReduceLib.dir/Tester.cpp.o
[837/1082] Linking CXX static library lib/libCIRCTCFToHandshake.a
[838/1082] Linking CXX static library lib/libCIRCTCombToDatapath.a
[839/1082] Building CXX object lib/Dialect/Verif/Transforms/CMakeFiles/obj.CIRCTVerifTransforms.dir/VerifyClockedAssertLike.cpp.o
[840/1082] Linking CXX static library lib/libCIRCTCombToSynth.a
[841/1082] Linking CXX static library lib/libCIRCTConvertToArcs.a
[842/1082] Building CXX object lib/Reduce/CMakeFiles/obj.CIRCTReduceLib.dir/Reduction.cpp.o
[843/1082] Building CXX object lib/Conversion/CalyxNative/CMakeFiles/obj.CIRCTCalyxNative.dir/CalyxNative.cpp.o
[844/1082] Linking CXX static library lib/libCIRCTDatapathToComb.a
[845/1082] Building CXX object lib/Dialect/Moore/CMakeFiles/obj.CIRCTMoore.dir/MooreDialect.cpp.o
[846/1082] Building CXX object lib/Conversion/CalyxToFSM/CMakeFiles/obj.CIRCTCalyxToFSM.dir/MaterializeFSM.cpp.o
[847/1082] Linking CXX static library lib/libCIRCTExportAIGER.a
[848/1082] Linking CXX static library lib/libCIRCTExportVerilog.a
[849/1082] Linking CXX static library lib/libCIRCTFIRRTLToHW.a
[850/1082] Building CXX object lib/Conversion/CalyxToFSM/CMakeFiles/obj.CIRCTCalyxToFSM.dir/CalyxToFSM.cpp.o
[851/1082] Building CXX object lib/Conversion/AffineToLoopSchedule/CMakeFiles/obj.CIRCTAffineToLoopSchedule.dir/AffineToLoopSchedule.cpp.o
[852/1082] Building CXX object lib/Conversion/DatapathToSMT/CMakeFiles/obj.CIRCTDatapathToSMT.dir/DatapathToSMT.cpp.o
[853/1082] Linking CXX static library lib/libCIRCTHandshakeToDC.a
[854/1082] Building CXX object lib/Analysis/CMakeFiles/obj.CIRCTAnalysisTestPasses.dir/TestPasses.cpp.o
[855/1082] Building CXX object lib/Conversion/CalyxToHW/CMakeFiles/obj.CIRCTCalyxToHW.dir/CalyxToHW.cpp.o
[856/1082] Linking CXX static library lib/libCIRCTHWToBTOR2.a
[857/1082] Linking CXX static library lib/libCIRCTHWToSMT.a
[858/1082] Building CXX object lib/Conversion/CoreToFSM/CMakeFiles/obj.CIRCTCoreToFSM.dir/CoreToFSM.cpp.o
[859/1082] Building CXX object lib/Conversion/CalyxToFSM/CMakeFiles/obj.CIRCTCalyxToFSM.dir/RemoveGroupsFromFSM.cpp.o
[860/1082] Linking CXX static library lib/libCIRCTImportAIGER.a
[861/1082] Building CXX object lib/Conversion/FSMToSMT/CMakeFiles/obj.CIRCTFSMToSMT.dir/FSMToSMT.cpp.o
[862/1082] Building CXX object lib/Conversion/CombToSMT/CMakeFiles/obj.CIRCTCombToSMT.dir/CombToSMT.cpp.o
[863/1082] Linking CXX static library lib/libCIRCTLTLToCore.a
[864/1082] Building CXX object lib/Conversion/FSMToSV/CMakeFiles/obj.CIRCTFSMToSV.dir/FSMToSV.cpp.o
[865/1082] Building CXX object lib/Conversion/HWArithToHW/CMakeFiles/obj.CIRCTHWArithToHW.dir/HWArithToHW.cpp.o
[866/1082] Building CXX object lib/Conversion/ConvertToLLVM/CMakeFiles/obj.CIRCTConvertToLLVM.dir/ConvertToLLVM.cpp.o
[867/1082] Linking CXX static library lib/libCIRCTSeqToSV.a
[868/1082] Linking CXX static library lib/libCIRCTSimToSV.a
[869/1082] Building CXX object lib/Conversion/HWToSV/CMakeFiles/obj.CIRCTHWToSV.dir/HWToSV.cpp.o
[870/1082] Building CXX object lib/Conversion/FSMToCore/CMakeFiles/obj.CIRCTFSMToCore.dir/FSMToCore.cpp.o
[871/1082] Building CXX object lib/Conversion/HWToSystemC/CMakeFiles/obj.CIRCTHWToSystemC.dir/HWToSystemC.cpp.o
[872/1082] Linking CXX static library lib/libCIRCTVerifToSV.a
[873/1082] Building CXX object lib/Conversion/DCToHW/CMakeFiles/obj.CIRCTDCToHW.dir/DCToHW.cpp.o
[874/1082] Linking CXX static library lib/libCIRCTExportArc.a
[875/1082] Linking CXX static library lib/libCIRCTArcTransforms.a
[876/1082] Building CXX object lib/Dialect/Arc/Runtime/CMakeFiles/obj.CIRCTArcJITRuntime.dir/ArcRuntime.cpp.o
[877/1082] Building CXX object lib/Conversion/ImportLiberty/CMakeFiles/obj.CIRCTImportLiberty.dir/ImportLiberty.cpp.o
[878/1082] Building CXX object lib/Conversion/PipelineToHW/CMakeFiles/obj.CIRCTPipelineToHW.dir/PipelineToHW.cpp.o
[879/1082] Building CXX object lib/Dialect/Arc/Runtime/CMakeFiles/obj.CIRCTArcJITRuntime.dir/ModelInstance.cpp.o
[880/1082] Building CXX object lib/Dialect/Arc/Runtime/CMakeFiles/obj.CIRCTArcJITRuntime.dir/TraceEncoder.cpp.o
[881/1082] Building CXX object lib/Dialect/Arc/Runtime/CMakeFiles/obj.CIRCTArcJITRuntime.dir/VCDTraceEncoder.cpp.o
[882/1082] Building CXX object lib/Dialect/Arc/CMakeFiles/obj.CIRCTArcReductions.dir/ArcReductions.cpp.o
[883/1082] Building CXX object lib/Conversion/VerifToSMT/CMakeFiles/obj.CIRCTVerifToSMT.dir/VerifToSMT.cpp.o
[884/1082] Linking CXX static library lib/libCIRCTExportCalyx.a
[885/1082] Linking CXX static library lib/libCIRCTCalyxTransforms.a
[886/1082] Linking CXX static library lib/libCIRCTCombTransforms.a
[887/1082] Linking CXX static library lib/libCIRCTDatapathTransforms.a
[888/1082] Linking CXX static library lib/libCIRCTDCTransforms.a
[889/1082] Building CXX object lib/Dialect/AXI4/CMakeFiles/obj.CIRCTAXI4.dir/AXI4Attributes.cpp.o
[890/1082] Linking CXX static library lib/libCIRCTEmitTransforms.a
[891/1082] Building CXX object lib/Dialect/AXI4/CMakeFiles/obj.CIRCTAXI4.dir/AXI4Dialect.cpp.o
[892/1082] Building CXX object lib/Dialect/AXI4/CMakeFiles/obj.CIRCTAXI4.dir/AXI4Ops.cpp.o
[893/1082] Building CXX object lib/Conversion/SynthToComb/CMakeFiles/obj.CIRCTSynthToComb.dir/SynthToComb.cpp.o
[894/1082] Building CXX object lib/Dialect/AXI4/CMakeFiles/obj.CIRCTAXI4.dir/AXI4Types.cpp.o
[895/1082] Building CXX object lib/Dialect/FIRRTL/Import/CMakeFiles/obj.CIRCTImportFIRFile.dir/FIRAnnotations.cpp.o
[896/1082] Linking CXX static library lib/libCIRCTFIRRTLTransforms.a
[897/1082] Building CXX object lib/Dialect/Emit/CMakeFiles/obj.CIRCTEmitReductions.dir/EmitReductions.cpp.o
[898/1082] Building CXX object lib/Dialect/FIRRTL/Import/CMakeFiles/obj.CIRCTImportFIRFile.dir/FIRLexer.cpp.o
[899/1082] Building CXX object lib/Conversion/HandshakeToHW/CMakeFiles/obj.CIRCTHandshakeToHW.dir/HandshakeToHW.cpp.o
[900/1082] Building CXX object lib/Conversion/SCFToCalyx/CMakeFiles/obj.CIRCTSCFToCalyx.dir/SCFToCalyx.cpp.o
[901/1082] Building CXX object lib/Conversion/LoopScheduleToCalyx/CMakeFiles/obj.CIRCTLoopScheduleToCalyx.dir/LoopScheduleToCalyx.cpp.o
[902/1082] Building CXX object lib/Dialect/FSM/Transforms/CMakeFiles/obj.CIRCTFSMTransforms.dir/PrintFSMGraph.cpp.o
[903/1082] Building CXX object lib/Dialect/Handshake/Transforms/CMakeFiles/obj.CIRCTHandshakeTransforms.dir/Buffers.cpp.o
[904/1082] Building CXX object lib/Dialect/Handshake/Transforms/CMakeFiles/obj.CIRCTHandshakeTransforms.dir/Analysis.cpp.o
[905/1082] Building CXX object lib/Dialect/Handshake/Transforms/CMakeFiles/obj.CIRCTHandshakeTransforms.dir/LegalizeMemrefs.cpp.o
[906/1082] Linking CXX static library lib/libCIRCTHWTransforms.a
[907/1082] Linking CXX static library lib/libCIRCTHWArith.a
[908/1082] Linking CXX static library lib/libCIRCTKanagawa.a
[909/1082] Building CXX object lib/Dialect/Handshake/Transforms/CMakeFiles/obj.CIRCTHandshakeTransforms.dir/LockFunctions.cpp.o
[910/1082] Building CXX object lib/Dialect/FIRRTL/Export/CMakeFiles/obj.CIRCTExportFIRRTL.dir/FIREmitter.cpp.o
[911/1082] Building CXX object lib/Dialect/FIRRTL/Import/CMakeFiles/obj.CIRCTImportFIRFile.dir/FIRParser.cpp.o
[912/1082] Building CXX object lib/Dialect/HW/CMakeFiles/obj.CIRCTHWReductions.dir/HWReductions.cpp.o
[913/1082] Building CXX object lib/Dialect/Handshake/Transforms/CMakeFiles/obj.CIRCTHandshakeTransforms.dir/Materialization.cpp.o
[914/1082] Building CXX object lib/Dialect/Handshake/Transforms/CMakeFiles/obj.CIRCTHandshakeTransforms.dir/LowerExtmemToHW.cpp.o
[915/1082] Building CXX object lib/Dialect/FIRRTL/CMakeFiles/obj.CIRCTFIRRTLReductions.dir/FIRRTLReductions.cpp.o
[916/1082] Building CXX object lib/Dialect/Kanagawa/Transforms/CMakeFiles/obj.CIRCTKanagawaTransforms.dir/KanagawaCallPrep.cpp.o
[917/1082] Building CXX object lib/Dialect/Kanagawa/Transforms/CMakeFiles/obj.CIRCTKanagawaTransforms.dir/KanagawaContainerize.cpp.o
[918/1082] Building CXX object lib/Conversion/SMTToZ3LLVM/CMakeFiles/obj.CIRCTSMTToZ3LLVM.dir/LowerSMTToZ3LLVM.cpp.o
[919/1082] Building CXX object lib/Dialect/Handshake/Transforms/CMakeFiles/obj.CIRCTHandshakeTransforms.dir/SplitMerges.cpp.o
[920/1082] Building CXX object lib/Dialect/Kanagawa/Transforms/CMakeFiles/obj.CIRCTKanagawaTransforms.dir/KanagawaTunneling.cpp.o
[921/1082] Building CXX object lib/Dialect/Moore/CMakeFiles/obj.CIRCTMoore.dir/MooreOps.cpp.o
[922/1082] Building CXX object lib/Dialect/Kanagawa/Transforms/CMakeFiles/obj.CIRCTKanagawaTransforms.dir/KanagawaArgifyBlocksPass.cpp.o
[923/1082] Building CXX object lib/Dialect/Kanagawa/Transforms/CMakeFiles/obj.CIRCTKanagawaTransforms.dir/KanagawaCleanSelfdrivers.cpp.o
[924/1082] Building CXX object lib/Dialect/Kanagawa/Transforms/CMakeFiles/obj.CIRCTKanagawaTransforms.dir/KanagawaPortrefLowering.cpp.o
[925/1082] Linking CXX static library lib/libCIRCTInteropDialect.a
[926/1082] Building CXX object lib/Dialect/Kanagawa/Transforms/CMakeFiles/obj.CIRCTKanagawaTransforms.dir/KanagawaPassPipelines.cpp.o
[927/1082] Building CXX object lib/Dialect/Kanagawa/Transforms/CMakeFiles/obj.CIRCTKanagawaTransforms.dir/KanagawaConvertCFToHandshake.cpp.o
[928/1082] Building CXX object lib/Dialect/Kanagawa/Transforms/CMakeFiles/obj.CIRCTKanagawaTransforms.dir/KanagawaInlineSBlocksPass.cpp.o
[929/1082] Building CXX object lib/Dialect/Kanagawa/Transforms/CMakeFiles/obj.CIRCTKanagawaTransforms.dir/KanagawaReblockPass.cpp.o
[930/1082] Building CXX object lib/Dialect/Kanagawa/Transforms/CMakeFiles/obj.CIRCTKanagawaTransforms.dir/KanagawaPrepareScheduling.cpp.o
[931/1082] Building CXX object lib/Dialect/Kanagawa/Transforms/CMakeFiles/obj.CIRCTKanagawaTransforms.dir/KanagawaEliminateRedundantOps.cpp.o
[932/1082] Building CXX object lib/Dialect/LLHD/Transforms/CMakeFiles/obj.CIRCTLLHDTransforms.dir/DeseqUtils.cpp.o
[933/1082] Building CXX object lib/Dialect/Kanagawa/Transforms/CMakeFiles/obj.CIRCTKanagawaTransforms.dir/KanagawaConvertHandshakeToDC.cpp.o
[934/1082] Building CXX object lib/Dialect/Kanagawa/Transforms/CMakeFiles/obj.CIRCTKanagawaTransforms.dir/KanagawaContainersToHW.cpp.o
[935/1082] Building CXX object lib/Dialect/LLHD/Transforms/CMakeFiles/obj.CIRCTLLHDTransforms.dir/CombineDrives.cpp.o
[936/1082] Building CXX object lib/Dialect/Kanagawa/Transforms/CMakeFiles/obj.CIRCTKanagawaTransforms.dir/KanagawaAddOperatorLibrary.cpp.o
[937/1082] Linking CXX static library lib/libCIRCTLoopSchedule.a
[938/1082] Linking CXX static library lib/libCIRCTMoore.a
[939/1082] Building CXX object lib/Dialect/Kanagawa/Transforms/CMakeFiles/obj.CIRCTKanagawaTransforms.dir/KanagawaMethodsToContainers.cpp.o
[940/1082] Building CXX object lib/Dialect/LLHD/Transforms/CMakeFiles/obj.CIRCTLLHDTransforms.dir/LowerProcesses.cpp.o
[941/1082] Building CXX object lib/Dialect/LLHD/Transforms/CMakeFiles/obj.CIRCTLLHDTransforms.dir/InlineCalls.cpp.o
[942/1082] Building CXX object lib/Dialect/LLHD/Transforms/CMakeFiles/obj.CIRCTLLHDTransforms.dir/Deseq.cpp.o
[943/1082] Linking CXX static library lib/libCIRCTOMTransforms.a
[944/1082] Building CXX object lib/Dialect/LLHD/Transforms/CMakeFiles/obj.CIRCTLLHDTransforms.dir/HoistSignals.cpp.o
[945/1082] Building CXX object lib/Dialect/LLHD/Transforms/CMakeFiles/obj.CIRCTLLHDTransforms.dir/Sig2RegPass.cpp.o
[946/1082] Building CXX object lib/Dialect/OM/CMakeFiles/obj.CIRCTOMReductions.dir/OMReductions.cpp.o
[947/1082] Building CXX object lib/Dialect/Moore/Transforms/CMakeFiles/obj.CIRCTMooreTransforms.dir/CreateVTables.cpp.o
[948/1082] Building CXX object lib/Dialect/Moore/Transforms/CMakeFiles/obj.CIRCTMooreTransforms.dir/SimplifyProcedures.cpp.o
[949/1082] Linking CXX static library lib/libCIRCTRTGDialect.a
[950/1082] Building CXX object lib/Dialect/Pipeline/Transforms/CMakeFiles/obj.CIRCTPipelineTransforms.dir/ExplicitRegs.cpp.o
[951/1082] Building CXX object lib/Dialect/LLHD/Transforms/CMakeFiles/obj.CIRCTLLHDTransforms.dir/RemoveControlFlow.cpp.o
[952/1082] Building CXX object lib/Dialect/LLHD/Transforms/CMakeFiles/obj.CIRCTLLHDTransforms.dir/Mem2Reg.cpp.o
[953/1082] Building CXX object lib/Dialect/Probe/CMakeFiles/obj.CIRCTProbe.dir/ProbeDialect.cpp.o
[954/1082] Building CXX object lib/Dialect/LLHD/Transforms/CMakeFiles/obj.CIRCTLLHDTransforms.dir/WrapProceduralOps.cpp.o
[955/1082] Building CXX object lib/Dialect/Probe/CMakeFiles/obj.CIRCTProbe.dir/ProbeTypes.cpp.o
[956/1082] Building CXX object lib/Dialect/Pipeline/Transforms/CMakeFiles/obj.CIRCTPipelineTransforms.dir/ScheduleLinearPipeline.cpp.o
[957/1082] Building CXX object lib/Dialect/Probe/CMakeFiles/obj.CIRCTProbe.dir/ProbeOps.cpp.o
[958/1082] Building CXX object lib/Dialect/LLHD/Transforms/CMakeFiles/obj.CIRCTLLHDTransforms.dir/UnrollLoops.cpp.o
[959/1082] Building CXX object lib/Dialect/RTG/Reductions/CMakeFiles/obj.CIRCTRTGReductions.dir/RTGReductions.cpp.o
[960/1082] Building CXX object lib/Conversion/MooreToCore/CMakeFiles/obj.CIRCTMooreToCore.dir/MooreToCore.cpp.o
[961/1082] Building CXX object lib/Dialect/Moore/Transforms/CMakeFiles/obj.CIRCTMooreTransforms.dir/SimplifyRefs.cpp.o
[962/1082] Building CXX object lib/Dialect/RTG/Transforms/CMakeFiles/obj.CIRCTRTGTransforms.dir/EmbedValidationValuesPass.cpp.o
[963/1082] Building CXX object lib/Dialect/RTG/Transforms/CMakeFiles/obj.CIRCTRTGTransforms.dir/InsertTestToFileMappingPass.cpp.o
[964/1082] Building CXX object lib/Dialect/RTG/Transforms/CMakeFiles/obj.CIRCTRTGTransforms.dir/EmitRTGISAAssemblyPass.cpp.o
[965/1082] Building CXX object lib/Dialect/RTG/Transforms/CMakeFiles/obj.CIRCTRTGTransforms.dir/InlineSequencesPass.cpp.o
[966/1082] Building CXX object lib/Dialect/RTG/Transforms/CMakeFiles/obj.CIRCTRTGTransforms.dir/LinearScanRegisterAllocationPass.cpp.o
[967/1082] Building CXX object lib/Dialect/RTG/Transforms/CMakeFiles/obj.CIRCTRTGTransforms.dir/LowerValidateToLabelsPass.cpp.o
[968/1082] Building CXX object lib/Dialect/RTG/Transforms/CMakeFiles/obj.CIRCTRTGTransforms.dir/MaterializeConstraintsPass.cpp.o
[969/1082] Linking CXX static library lib/libCIRCTSeqTransforms.a
[970/1082] Linking CXX static library lib/libCIRCTSimTransforms.a
[971/1082] Linking CXX static library lib/libCIRCTSSP.a
[972/1082] Building CXX object lib/Dialect/RTG/Transforms/CMakeFiles/obj.CIRCTRTGTransforms.dir/PrintTestNamesPass.cpp.o
[973/1082] Building CXX object lib/Dialect/RTG/Transforms/CMakeFiles/obj.CIRCTRTGTransforms.dir/LowerUniqueLabelsPass.cpp.o
[974/1082] Building CXX object lib/Dialect/RTG/Transforms/CMakeFiles/obj.CIRCTRTGTransforms.dir/MemoryAllocationPass.cpp.o
[975/1082] Linking CXX static library lib/libCIRCTSVTransforms.a
[976/1082] Building CXX object lib/Dialect/RTG/Transforms/CMakeFiles/obj.CIRCTRTGTransforms.dir/UniqueValidateOpsPass.cpp.o
[977/1082] Building CXX object lib/Dialect/RTG/Transforms/CMakeFiles/obj.CIRCTRTGTransforms.dir/RTGPassPipelines.cpp.o
[978/1082] Building CXX object lib/Dialect/RTG/Transforms/CMakeFiles/obj.CIRCTRTGTransforms.dir/SimpleTestInlinerPass.cpp.o
[979/1082] Building CXX object lib/Dialect/RTGTest/IR/CMakeFiles/obj.CIRCTRTGTestDialect.dir/RTGTestAttributes.cpp.o
[980/1082] Building CXX object lib/Dialect/RTGTest/IR/CMakeFiles/obj.CIRCTRTGTestDialect.dir/RTGTestTypes.cpp.o
[981/1082] Building CXX object lib/Dialect/RTGTest/IR/CMakeFiles/obj.CIRCTRTGTestDialect.dir/RTGTestDialect.cpp.o
[982/1082] Building CXX object lib/Dialect/SSP/Transforms/CMakeFiles/obj.CIRCTSSPTransforms.dir/Roundtrip.cpp.o
[983/1082] Building CXX object lib/Dialect/Synth/Transforms/CMakeFiles/obj.CIRCTSynthTransforms.dir/GenericLUTMapper.cpp.o
[984/1082] Building CXX object lib/Dialect/RTGTest/IR/CMakeFiles/obj.CIRCTRTGTestDialect.dir/RTGTestOps.cpp.o
[985/1082] Building CXX object lib/Dialect/SSP/Transforms/CMakeFiles/obj.CIRCTSSPTransforms.dir/Print.cpp.o
[986/1082] Building CXX object lib/Dialect/Synth/Transforms/CMakeFiles/obj.CIRCTSynthTransforms.dir/CutRewriter.cpp.o
[987/1082] Building CXX object lib/Dialect/Synth/Transforms/CMakeFiles/obj.CIRCTSynthTransforms.dir/AIGERRunner.cpp.o
[988/1082] Building CXX object lib/Dialect/Synth/Transforms/CMakeFiles/obj.CIRCTSynthTransforms.dir/FunctionalReduction.cpp.o
[989/1082] Linking CXX static library lib/libCIRCTSystemC.a
[990/1082] Building CXX object lib/Dialect/Synth/Transforms/CMakeFiles/obj.CIRCTSynthTransforms.dir/ExactSynthesis.cpp.o
[991/1082] Linking CXX static library lib/libCIRCTVerifTransforms.a
[992/1082] Building CXX object lib/Dialect/Synth/Transforms/CMakeFiles/obj.CIRCTSynthTransforms.dir/LowerVariadic.cpp.o
[993/1082] Linking CXX static library lib/libCIRCTReduceLib.a
[994/1082] Building CXX object lib/Dialect/Synth/Transforms/CMakeFiles/obj.CIRCTSynthTransforms.dir/MaximumAndCover.cpp.o
[995/1082] Building CXX object lib/Dialect/Synth/Transforms/CMakeFiles/obj.CIRCTSynthTransforms.dir/StructuralHash.cpp.o
[996/1082] Building CXX object lib/Target/DebugInfo/CMakeFiles/obj.CIRCTTargetDebugInfo.dir/DumpDebugInfo.cpp.o
[997/1082] Building CXX object lib/Dialect/Synth/Transforms/CMakeFiles/obj.CIRCTSynthTransforms.dir/SOPBalancing.cpp.o
[998/1082] Building CXX object lib/Dialect/Synth/Transforms/CMakeFiles/obj.CIRCTSynthTransforms.dir/LowerWordToBits.cpp.o
[999/1082] Building CXX object lib/Dialect/SSP/Transforms/CMakeFiles/obj.CIRCTSSPTransforms.dir/Schedule.cpp.o
[1000/1082] Building CXX object lib/Dialect/Synth/Transforms/CMakeFiles/obj.CIRCTSynthTransforms.dir/TestPriorityCuts.cpp.o
[1001/1082] Building CXX object lib/Dialect/RTG/Transforms/CMakeFiles/obj.CIRCTRTGTransforms.dir/ElaborationPass.cpp.o
[1002/1082] Building CXX object lib/Dialect/Synth/Transforms/CMakeFiles/obj.CIRCTSynthTransforms.dir/TechMapper.cpp.o
[1003/1082] Building CXX object lib/Target/ExportSystemC/CMakeFiles/obj.CIRCTExportSystemC.dir/EmissionPrinter.cpp.o
[1004/1082] Building CXX object lib/Target/DebugInfo/CMakeFiles/obj.CIRCTTargetDebugInfo.dir/TranslateRegistration.cpp.o
[1005/1082] Building CXX object lib/Dialect/SystemC/Transforms/CMakeFiles/obj.CIRCTSystemCTransforms.dir/SystemCLowerInstanceInterop.cpp.o
[1006/1082] Building CXX object lib/Dialect/Synth/Transforms/CMakeFiles/obj.CIRCTSynthTransforms.dir/SynthesisPipeline.cpp.o
[1007/1082] Building CXX object lib/Target/ExportSystemC/CMakeFiles/obj.CIRCTExportSystemC.dir/Patterns/BuiltinEmissionPatterns.cpp.o
[1008/1082] Building CXX object lib/Target/DebugInfo/CMakeFiles/obj.CIRCTTargetDebugInfo.dir/EmitHGLDD.cpp.o
[1009/1082] Linking CXX static library lib/libCIRCTAnalysisTestPasses.a
[1010/1082] Linking CXX static library lib/libCIRCTAffineToLoopSchedule.a
[1011/1082] Linking CXX static library lib/libCIRCTCalyxNative.a
[1012/1082] Linking CXX static library lib/libCIRCTCalyxToFSM.a
[1013/1082] Linking CXX static library lib/libCIRCTCalyxToHW.a
[1014/1082] Linking CXX static library lib/libCIRCTCombToSMT.a
[1015/1082] Linking CXX static library lib/libCIRCTConvertToLLVM.a
[1016/1082] Linking CXX static library lib/libCIRCTCoreToFSM.a
[1017/1082] Linking CXX static library lib/libCIRCTDatapathToSMT.a
[1018/1082] Linking CXX static library lib/libCIRCTDCToHW.a
[1019/1082] Linking CXX static library lib/libCIRCTFSMToCore.a
[1020/1082] Linking CXX static library lib/libCIRCTFSMToSV.a
[1021/1082] Linking CXX static library lib/libCIRCTFSMToSMT.a
[1022/1082] Linking CXX static library lib/libCIRCTHandshakeToHW.a
[1023/1082] Linking CXX static library lib/libCIRCTHWArithToHW.a
[1024/1082] Linking CXX static library lib/libCIRCTHWToSV.a
[1025/1082] Linking CXX static library lib/libCIRCTHWToSystemC.a
[1026/1082] Linking CXX static library lib/libCIRCTImportLiberty.a
[1027/1082] Linking CXX static library lib/libCIRCTLoopScheduleToCalyx.a
[1028/1082] Linking CXX static library lib/libCIRCTMooreToCore.a
[1029/1082] Linking CXX static library lib/libCIRCTPipelineToHW.a
[1030/1082] Linking CXX static library lib/libCIRCTSCFToCalyx.a
[1031/1082] Linking CXX static library lib/libCIRCTSMTToZ3LLVM.a
[1032/1082] Linking CXX static library lib/libCIRCTSynthToComb.a
[1033/1082] Linking CXX static library lib/libCIRCTVerifToSMT.a
[1034/1082] Linking CXX static library lib/libCIRCTArcReductions.a
[1035/1082] Linking CXX static library lib/libCIRCTArcJITRuntime.a
[1036/1082] Linking CXX static library lib/libCIRCTAXI4.a
[1037/1082] Linking CXX static library lib/libCIRCTEmitReductions.a
[1038/1082] Linking CXX static library lib/libCIRCTFIRRTLReductions.a
[1039/1082] Linking CXX static library lib/libCIRCTExportFIRRTL.a
[1040/1082] Linking CXX static library lib/libCIRCTImportFIRFile.a
[1041/1082] Linking CXX static library lib/libCIRCTFSMTransforms.a
[1042/1082] Linking CXX static library lib/libCIRCTHandshakeTransforms.a
[1043/1082] Linking CXX static library lib/libCIRCTHWReductions.a
[1044/1082] Linking CXX static library lib/libCIRCTKanagawaTransforms.a
[1045/1082] Linking CXX static library lib/libCIRCTLLHDTransforms.a
[1046/1082] Linking CXX static library lib/libCIRCTMooreTransforms.a
[1047/1082] Linking CXX static library lib/libCIRCTOMReductions.a
[1048/1082] Linking CXX static library lib/libCIRCTPipelineTransforms.a
[1049/1082] Building CXX object lib/Target/ExportSystemC/CMakeFiles/obj.CIRCTExportSystemC.dir/Patterns/HWEmissionPatterns.cpp.o
[1050/1082] Linking CXX static library lib/libCIRCTRTGReductions.a
[1051/1082] Linking CXX static library lib/libCIRCTProbe.a
[1052/1082] Linking CXX static library lib/libCIRCTRTGTransforms.a
[1053/1082] Linking CXX static library lib/libCIRCTRTGTestDialect.a
[1054/1082] Linking CXX static library lib/libCIRCTSSPTransforms.a
[1055/1082] Linking CXX static library lib/libCIRCTSynthTransforms.a
[1056/1082] Linking CXX static library lib/libCIRCTSystemCTransforms.a
[1057/1082] Linking CXX static library lib/libCIRCTTargetDebugInfo.a
[1058/1082] Building CXX object lib/Tools/circt-bmc/CMakeFiles/obj.CIRCTBMCTransforms.dir/MaterializeDebugVariables.cpp.o
[1059/1082] Building CXX object lib/Target/ExportSystemC/CMakeFiles/obj.CIRCTExportSystemC.dir/Patterns/EmitCEmissionPatterns.cpp.o
[1060/1082] Building CXX object lib/Target/ExportSystemC/CMakeFiles/obj.CIRCTExportSystemC.dir/ExportSystemC.cpp.o
[1061/1082] Building CXX object lib/Tools/circt-bmc/CMakeFiles/obj.CIRCTBMCTransforms.dir/PrepareForBMC.cpp.o
[1062/1082] Building CXX object tools/circt-translate/CMakeFiles/circt-translate.dir/circt-translate.cpp.o
[1063/1082] Building CXX object lib/Target/ExportSystemC/CMakeFiles/obj.CIRCTExportSystemC.dir/Patterns/SystemCEmissionPatterns.cpp.o
[1064/1082] Linking CXX static library lib/libCIRCTExportSystemC.a
[1065/1082] Building CXX object lib/Tools/circt-bmc/CMakeFiles/obj.CIRCTBMCTransforms.dir/LowerToBMC.cpp.o
[1066/1082] Linking CXX executable bin/circt-translate
[1067/1082] Building CXX object lib/Tools/arcilator/CMakeFiles/obj.CIRCTArcilator.dir/pipelines.cpp.o
[1068/1082] Linking CXX static library lib/libCIRCTArcilator.a
[1069/1082] Building CXX object lib/Tools/circt-lec/CMakeFiles/obj.CIRCTLECTransforms.dir/ConstructLEC.cpp.o
[1070/1082] Building CXX object lib/Firtool/CMakeFiles/obj.CIRCTFirtool.dir/Firtool.cpp.o
[1071/1082] Linking CXX static library lib/libCIRCTFirtool.a
[1072/1082] Linking CXX static library lib/libCIRCTLECTransforms.a
[1073/1082] Building CXX object lib/Tools/circt-bmc/CMakeFiles/obj.CIRCTBMCTransforms.dir/ExternalizeRegisters.cpp.o
[1074/1082] Linking CXX static library lib/libCIRCTBMCTransforms.a
[1075/1082] Building CXX object tools/circt-reduce/CMakeFiles/circt-reduce.dir/circt-reduce.cpp.o
[1076/1082] Linking CXX executable bin/circt-reduce
[1077/1082] Building CXX object tools/arcilator/CMakeFiles/arcilator.dir/arcilator.cpp.o
[1078/1082] Linking CXX executable bin/arcilator
[1079/1082] Building CXX object tools/firtool/CMakeFiles/firtool.dir/firtool.cpp.o
[1080/1082] Linking CXX executable bin/firtool
[1081/1082] Building CXX object tools/circt-opt/CMakeFiles/circt-opt.dir/circt-opt.cpp.o
[1082/1082] Linking CXX executable bin/circt-opt
