gate paths (25): test/Analysis test/arcilator test/circt-as-dis test/circt-opt test/circt-reduce test/circt-synth test/circt-test test/circt-translate test/circt-verilog test/Conversion test/Dialect test/firld test/firtool test/hlstool test/kanagawatool test/lib test/om-linker test/Scheduling test/Target test/Tools/circt-bmc test/Tools/circt-lec test/Tools/circt-verilog-lsp-server test/Tools/domaintool test/Transforms test/Unit
### commit: 5056ff04450bc9f27a9ff0460702aee1f1afdd3f
### lit: lit 23.1.1
=== lit on /home/adi/.cache/chia-pin-smoke/bassert_g (bassert_g) start 2026-09-13T20:04:16+05:30 ===
lit rc=0 wall=10s
--- summary (bassert_g) ---
Testing Time: 10.06s
Total Discovered Tests: 1127
  Unsupported      :   63 (5.59%)
  Passed           : 1058 (93.88%)
  Expectedly Failed:    6 (0.53%)
failing entries: 0
=== building the same five targets in the assertions-OFF build 2026-09-13T20:04:26+05:30 ===
ndebug build rc=0 wall=0s
edges run: 0
=== lit on /home/adi/.cache/chia-pin-smoke/src/build (ndebug) start 2026-09-13T20:04:26+05:30 ===
lit rc=0 wall=11s
--- summary (ndebug) ---
Testing Time: 10.21s
Total Discovered Tests: 1127
  Unsupported      :   63 (5.59%)
  Passed           : 1058 (93.88%)
  Expectedly Failed:    6 (0.53%)
failing entries: 0
=== difference ===
fail on BOTH (missing-binary / pre-existing): 0
fail ONLY with assertions ON  (= assertion false positives): 0
fail ONLY with assertions OFF: 0
M3 DONE
