[1/605] Building MSFTPasses.h.inc...
[2/605] Linking CXX static library lib/libCIRCTLTL.a
[3/605] Linking CXX static library lib/libCIRCTSeq.a
[4/605] Linking CXX static library lib/libCIRCTSV.a
[5/605] Building CXX object lib/Dialect/MSFT/CMakeFiles/obj.CIRCTMSFT.dir/MSFTOpInterfaces.cpp.o
[6/605] Building CXX object lib/Dialect/MSFT/CMakeFiles/obj.CIRCTMSFT.dir/MSFTAttributes.cpp.o
[7/605] Building CXX object lib/Dialect/MSFT/Transforms/CMakeFiles/obj.CIRCTMSFTTransforms.dir/MSFTLowerInstances.cpp.o
[8/605] Building Conversion.capi.cpp.inc...
[9/605] Building Conversion.capi.h.inc...
[10/605] Building Passes.h.inc...
[11/605] Building CXX object lib/Dialect/MSFT/CMakeFiles/obj.CIRCTMSFT.dir/DeviceDB.cpp.o
[12/605] Building RTGTestInstructionMethods.cpp.inc...
[13/605] Building SynthPasses.h.inc...
[14/605] Building Passes.h.inc...
[15/605] Building Transforms.capi.cpp.inc...
[16/605] Building Transforms.capi.h.inc...
[17/605] Building CXX object lib/Dialect/MSFT/CMakeFiles/obj.CIRCTMSFT.dir/MSFTDialect.cpp.o
[18/605] Building CXX object lib/Dialect/MSFT/CMakeFiles/obj.CIRCTMSFT.dir/ExportQuartusTcl.cpp.o
[19/605] Building CXX object lib/Dialect/MSFT/CMakeFiles/obj.CIRCTMSFT.dir/MSFTOps.cpp.o
[20/605] Linking CXX static library lib/libCIRCTMSFT.a
[21/605] Building CXX object lib/Analysis/CMakeFiles/obj.CIRCTOpCountAnalysis.dir/OpCountAnalysis.cpp.o
[22/605] Building CXX object lib/Dialect/MSFT/Transforms/CMakeFiles/obj.CIRCTMSFTTransforms.dir/PassCommon.cpp.o
[23/605] Building CXX object lib/Dialect/MSFT/Transforms/CMakeFiles/obj.CIRCTMSFTTransforms.dir/MSFTLowerConstructs.cpp.o
[24/605] Building CXX object lib/Dialect/ESI/CMakeFiles/obj.CIRCTESI.dir/AppID.cpp.o
[25/605] Building CXX object lib/Dialect/MSFT/Transforms/CMakeFiles/obj.CIRCTMSFTTransforms.dir/MSFTExportTcl.cpp.o
[26/605] Building CXX object lib/Dialect/ESI/CMakeFiles/obj.CIRCTESI.dir/ESIAttributes.cpp.o
[27/605] Building CXX object lib/Dialect/ESI/CMakeFiles/obj.CIRCTESI.dir/ESIFolds.cpp.o
[28/605] Building CXX object lib/Dialect/ESI/CMakeFiles/obj.CIRCTESI.dir/ESIStdServices.cpp.o
[29/605] Building CXX object lib/Dialect/ESI/CMakeFiles/obj.CIRCTESI.dir/ESIPasses.cpp.o
[30/605] Building CXX object lib/Dialect/ESI/CMakeFiles/obj.CIRCTESI.dir/ESITypes.cpp.o
[31/605] Building CXX object lib/Dialect/ESI/CMakeFiles/obj.CIRCTESI.dir/Passes/ESILowerBundles.cpp.o
[32/605] Building CXX object lib/Dialect/ESI/CMakeFiles/obj.CIRCTESI.dir/ESIServices.cpp.o
[33/605] Building CXX object lib/Dialect/ESI/CMakeFiles/obj.CIRCTESI.dir/Passes/ESILowerPhysical.cpp.o
[34/605] Building CXX object lib/Dialect/ESI/CMakeFiles/obj.CIRCTESI.dir/ESIDialect.cpp.o
[35/605] Building CXX object lib/Dialect/ESI/CMakeFiles/obj.CIRCTESI.dir/Passes/ESILowerPorts.cpp.o
[36/605] Building CXX object lib/Dialect/ESI/CMakeFiles/obj.CIRCTESI.dir/Passes/ESILowerToHW.cpp.o
[37/605] Building CXX object lib/Dialect/ESI/CMakeFiles/obj.CIRCTESI.dir/Passes/ESIAppIDHier.cpp.o
[38/605] Building CXX object lib/Dialect/ESI/CMakeFiles/obj.CIRCTESI.dir/Passes/ESICleanMetadata.cpp.o
[39/605] Building CXX object lib/Dialect/ESI/CMakeFiles/obj.CIRCTESI.dir/ESIOps.cpp.o
[40/605] Building CXX object lib/Dialect/ESI/CMakeFiles/obj.CIRCTESI.dir/Passes/ESIBuildManifest.cpp.o
[41/605] Linking CXX static library lib/libCIRCTMSFTTransforms.a
[42/605] Building CXX object lib/Dialect/ESI/CMakeFiles/obj.CIRCTESI.dir/Passes/ESILowerTypes.cpp.o
[43/605] Building CXX object lib/Dialect/FSM/CMakeFiles/obj.CIRCTFSM.dir/FSMDialect.cpp.o
[44/605] Building CXX object lib/Dialect/FSM/CMakeFiles/obj.CIRCTFSM.dir/FSMTypes.cpp.o
[45/605] Building CXX object lib/Dialect/FSM/CMakeFiles/obj.CIRCTFSM.dir/FSMGraph.cpp.o
[46/605] Building CXX object lib/Dialect/ESI/CMakeFiles/obj.CIRCTESI.dir/Passes/ESIVerifyConnections.cpp.o
[47/605] Building CXX object lib/Dialect/OM/CMakeFiles/obj.CIRCTOM.dir/OMAttributes.cpp.o
[48/605] Building CXX object lib/Dialect/OM/CMakeFiles/obj.CIRCTOM.dir/OMOpInterfaces.cpp.o
[49/605] Building CXX object lib/Dialect/OM/CMakeFiles/obj.CIRCTOM.dir/OMUtils.cpp.o
[50/605] Building CXX object lib/Dialect/Synth/CMakeFiles/obj.CIRCTSynth.dir/SynthOpInterfaces.cpp.o
[51/605] Building CalyxPasses.h.inc...
[52/605] Building Passes.h.inc...
[53/605] Building DatapathPasses.h.inc...
[54/605] Building DCPasses.h.inc...
[55/605] Building RTGAttributes.cpp.inc...
[56/605] Building RTGAttributes.h.inc...
[57/605] Building RTGTestEnums.cpp.inc...
[58/605] Building RTGTestEnums.h.inc...
[59/605] Building CXX object lib/Dialect/FSM/CMakeFiles/obj.CIRCTFSM.dir/FSMOps.cpp.o
[60/605] Linking CXX static library lib/libCIRCTOpCountAnalysis.a
[61/605] Building CXX object lib/Dialect/OM/CMakeFiles/obj.CIRCTOM.dir/OMTypes.cpp.o
[62/605] Building CXX object lib/Dialect/Synth/CMakeFiles/obj.CIRCTSynth.dir/SynthAttributes.cpp.o
[63/605] Building CXX object lib/Dialect/OM/CMakeFiles/obj.CIRCTOM.dir/OMDialect.cpp.o
[64/605] Building CXX object lib/Analysis/CMakeFiles/obj.CIRCTDependenceAnalysis.dir/DependenceAnalysis.cpp.o
[65/605] Building CXX object lib/Dialect/Synth/CMakeFiles/obj.CIRCTSynth.dir/SynthDialect.cpp.o
[66/605] Building CXX object lib/Dialect/Datapath/CMakeFiles/obj.CIRCTDatapath.dir/DatapathDialect.cpp.o
[67/605] Building CXX object lib/Dialect/Synth/CMakeFiles/obj.CIRCTSynth.dir/SynthOps.cpp.o
[68/605] Building CXX object lib/Dialect/Datapath/CMakeFiles/obj.CIRCTDatapath.dir/DatapathFolds.cpp.o
[69/605] Building CXX object lib/Dialect/Debug/CMakeFiles/obj.CIRCTDebug.dir/DebugDialect.cpp.o
[70/605] Building CXX object lib/Dialect/OM/CMakeFiles/obj.CIRCTOM.dir/OMOps.cpp.o
[71/605] Building CXX object lib/Dialect/DC/CMakeFiles/obj.CIRCTDC.dir/DCTypes.cpp.o
[72/605] Linking CXX static library lib/libCIRCTESI.a
[73/605] Building CXX object lib/Dialect/Datapath/CMakeFiles/obj.CIRCTDatapath.dir/DatapathOps.cpp.o
[74/605] Building CXX object lib/Dialect/DC/CMakeFiles/obj.CIRCTDC.dir/DCDialect.cpp.o
[75/605] Building CXX object lib/Dialect/DC/CMakeFiles/obj.CIRCTDC.dir/DCOps.cpp.o
[76/605] Building CXX object lib/Dialect/Debug/CMakeFiles/obj.CIRCTDebug.dir/DebugTypes.cpp.o
[77/605] Building CXX object lib/Dialect/FIRRTL/CMakeFiles/obj.CIRCTFIRRTL.dir/CHIRRTLTypes.cpp.o
[78/605] Building CXX object lib/Dialect/Debug/CMakeFiles/obj.CIRCTDebug.dir/DebugOps.cpp.o
[79/605] Building CXX object lib/Dialect/FIRRTL/CMakeFiles/obj.CIRCTFIRRTL.dir/CHIRRTLDialect.cpp.o
[80/605] Building CXX object lib/Dialect/FIRRTL/CMakeFiles/obj.CIRCTFIRRTL.dir/FieldRefCache.cpp.o
[81/605] Building CXX object lib/Dialect/FIRRTL/CMakeFiles/obj.CIRCTFIRRTL.dir/FIRRTLAttributes.cpp.o
[82/605] Building CXX object lib/Dialect/Calyx/CMakeFiles/obj.CIRCTCalyx.dir/CalyxDialect.cpp.o
[83/605] Building CXX object lib/Dialect/Calyx/CMakeFiles/obj.CIRCTCalyx.dir/CalyxOps.cpp.o
[84/605] Building CXX object lib/Dialect/FIRRTL/CMakeFiles/obj.CIRCTFIRRTL.dir/FIRRTLAnnotationHelper.cpp.o
[85/605] Building CXX object lib/Dialect/FIRRTL/CMakeFiles/obj.CIRCTFIRRTL.dir/FIRRTLFieldSource.cpp.o
[86/605] Building CXX object lib/Dialect/FIRRTL/CMakeFiles/obj.CIRCTFIRRTL.dir/FIRRTLInstanceGraph.cpp.o
[87/605] Building CXX object lib/Dialect/FIRRTL/CMakeFiles/obj.CIRCTFIRRTL.dir/FIRRTLAnnotations.cpp.o
[88/605] Building CXX object lib/Dialect/FIRRTL/CMakeFiles/obj.CIRCTFIRRTL.dir/FIRRTLInstanceImplementation.cpp.o
[89/605] Building CXX object lib/Dialect/FIRRTL/CMakeFiles/obj.CIRCTFIRRTL.dir/FIRRTLOpInterfaces.cpp.o
[90/605] Building CXX object lib/Dialect/FIRRTL/CMakeFiles/obj.CIRCTFIRRTL.dir/FIRRTLIntrinsics.cpp.o
[91/605] Linking CXX static library lib/libCIRCTFSM.a
[92/605] Building CXX object lib/Dialect/FIRRTL/CMakeFiles/obj.CIRCTFIRRTL.dir/FIRRTLUtils.cpp.o
[93/605] Building CXX object lib/Dialect/FIRRTL/CMakeFiles/obj.CIRCTFIRRTL.dir/GatedClockConversion.cpp.o
[94/605] Building CXX object lib/Dialect/FIRRTL/CMakeFiles/obj.CIRCTFIRRTL.dir/NLATable.cpp.o
[95/605] Building CXX object lib/Dialect/Handshake/CMakeFiles/obj.CIRCTHandshake.dir/HandshakeExecutableOps.cpp.o
[96/605] Linking CXX static library lib/libCIRCTOM.a
[97/605] Building CXX object lib/Dialect/FIRRTL/CMakeFiles/obj.CIRCTFIRRTL.dir/FIRRTLFolds.cpp.o
[98/605] Linking CXX static library lib/libCIRCTSynth.a
[99/605] Building CXX object lib/Dialect/Handshake/CMakeFiles/obj.CIRCTHandshake.dir/HandshakeDialect.cpp.o
[100/605] Building CXX object lib/Dialect/FIRRTL/CMakeFiles/obj.CIRCTFIRRTL.dir/FIRRTLTypes.cpp.o
[101/605] Building CXX object lib/Dialect/Handshake/CMakeFiles/obj.CIRCTHandshake.dir/HandshakeUtils.cpp.o
[102/605] Building CXX object lib/Dialect/Synth/Analysis/CMakeFiles/obj.CIRCTSynthAnalysis.dir/PrintLongestPathAnalysis.cpp.o
[103/605] Building CXX object lib/Dialect/Handshake/CMakeFiles/obj.CIRCTHandshake.dir/HandshakeOps.cpp.o
[104/605] Building CXX object lib/Dialect/Synth/Analysis/CMakeFiles/obj.CIRCTSynthAnalysis.dir/ResourceUsageAnalysis.cpp.o
[105/605] Building CXX object lib/Dialect/Verif/CMakeFiles/obj.CIRCTVerif.dir/VerifOpInterfaces.cpp.o
[106/605] Building CXX object lib/Dialect/Verif/CMakeFiles/obj.CIRCTVerif.dir/VerifDialect.cpp.o
[107/605] Building CXX object lib/Dialect/Pipeline/CMakeFiles/obj.CIRCTPipelineOps.dir/PipelineOps.cpp.o
[108/605] Building CXX object lib/Scheduling/CMakeFiles/obj.CIRCTScheduling.dir/ASAPScheduler.cpp.o
[109/605] Building CXX object lib/Dialect/Synth/Analysis/CMakeFiles/obj.CIRCTSynthAnalysis.dir/LongestPathAnalysis.cpp.o
[110/605] Building CXX object lib/Scheduling/CMakeFiles/obj.CIRCTScheduling.dir/ChainingSupport.cpp.o
[111/605] Building CXX object lib/Dialect/FIRRTL/CMakeFiles/obj.CIRCTFIRRTL.dir/FIRRTLDialect.cpp.o
[112/605] Building CXX object lib/Scheduling/CMakeFiles/obj.CIRCTScheduling.dir/Utilities.cpp.o
[113/605] Building CXX object lib/Scheduling/CMakeFiles/obj.CIRCTScheduling.dir/Problems.cpp.o
[114/605] Building CXX object lib/Scheduling/CMakeFiles/obj.CIRCTScheduling.dir/SimplexSchedulers.cpp.o
[115/605] Building CXX object lib/Dialect/Verif/CMakeFiles/obj.CIRCTVerif.dir/VerifOps.cpp.o
[116/605] Building CXX object lib/Transforms/CMakeFiles/obj.CIRCTTransforms.dir/CellIFT.cpp.o
[117/605] Building CXX object lib/Transforms/CMakeFiles/obj.CIRCTTransforms.dir/IndexSwitchToIf.cpp.o
[118/605] Building CXX object lib/Transforms/CMakeFiles/obj.CIRCTTransforms.dir/FlattenMemRefs.cpp.o
[119/605] Building CXX object lib/Transforms/CMakeFiles/obj.CIRCTTransforms.dir/InsertMergeBlocks.cpp.o
[120/605] Building CXX object lib/Transforms/CMakeFiles/obj.CIRCTTransforms.dir/HierarchicalRunner.cpp.o
[121/605] Building EmitPasses.h.inc...
[122/605] Building Passes.h.inc...
[123/605] Building MoorePasses.h.inc...
[124/605] Building OMPasses.h.inc...
[125/605] Building PipelinePasses.h.inc...
[126/605] Building RTGPasses.capi.cpp.inc...
[127/605] Building RTGPasses.capi.h.inc...
[128/605] Building RTGPasses.h.inc...
[129/605] Building RTGTestAttributes.cpp.inc...
[130/605] Building RTGTestAttributes.h.inc...
[131/605] Building SSPPasses.h.inc...
[132/605] Building SVPasses.h.inc...
[133/605] Building Passes.h.inc...
[134/605] Building Passes.h.inc...
[135/605] Building BMCTransforms.capi.cpp.inc...
[136/605] Building BMCTransforms.capi.h.inc...
[137/605] Building Passes.h.inc...
[138/605] Building LECTransforms.capi.cpp.inc...
[139/605] Building LECTransforms.capi.h.inc...
[140/605] Building Passes.h.inc...
[141/605] Building CXX object lib/Transforms/CMakeFiles/obj.CIRCTTransforms.dir/ConvertIndexToUInt.cpp.o
[142/605] Building CXX object lib/Transforms/CMakeFiles/obj.CIRCTTransforms.dir/MaximizeSSA.cpp.o
[143/605] Linking CXX static library lib/libCIRCTDependenceAnalysis.a
[144/605] Building CXX object lib/Analysis/CMakeFiles/obj.CIRCTDebugAnalysis.dir/DebugAnalysis.cpp.o
[145/605] Building CXX object lib/Transforms/CMakeFiles/obj.CIRCTTransforms.dir/PrintOpCount.cpp.o
[146/605] Building CXX object lib/Analysis/CMakeFiles/obj.CIRCTDebugAnalysis.dir/DebugInfo.cpp.o
[147/605] Building CXX object lib/Transforms/CMakeFiles/obj.CIRCTTransforms.dir/StripDebugInfoWithPred.cpp.o
[148/605] Building CXX object lib/Transforms/CMakeFiles/obj.CIRCTTransforms.dir/MapArithToComb.cpp.o
[149/605] Building CXX object lib/Analysis/CMakeFiles/obj.CIRCTSchedulingAnalysis.dir/SchedulingAnalysis.cpp.o
[150/605] Building CXX object lib/Conversion/CombToDatapath/CMakeFiles/obj.CIRCTCombToDatapath.dir/CombToDatapath.cpp.o
[151/605] Building CXX object lib/Transforms/CMakeFiles/obj.CIRCTTransforms.dir/MemoryBanking.cpp.o
[152/605] Building CXX object lib/Conversion/CombToArith/CMakeFiles/obj.CIRCTCombToArith.dir/CombToArith.cpp.o
[153/605] Building CXX object lib/Conversion/CombToLLVM/CMakeFiles/obj.CIRCTCombToLLVM.dir/CombToLLVM.cpp.o
[154/605] Building CXX object lib/Analysis/CMakeFiles/obj.CIRCTFIRRTLAnalysis.dir/FIRRTLInstanceInfo.cpp.o
[155/605] Building CXX object lib/Conversion/CFToHandshake/CMakeFiles/obj.CIRCTCFToHandshake.dir/CFToHandshake.cpp.o
[156/605] Building CXX object lib/Conversion/DatapathToComb/CMakeFiles/obj.CIRCTDatapathToComb.dir/DatapathToComb.cpp.o
[157/605] Building CXX object lib/Conversion/CombToSynth/CMakeFiles/obj.CIRCTCombToSynth.dir/CombToSynth.cpp.o
[158/605] Building CXX object lib/Conversion/ExportAIGER/CMakeFiles/obj.CIRCTExportAIGER.dir/ExportAIGER.cpp.o
[159/605] Building CXX object lib/Conversion/HWToSMT/CMakeFiles/obj.CIRCTHWToSMT.dir/HWToSMT.cpp.o
[160/605] Building CXX object lib/Dialect/Arc/CMakeFiles/obj.CIRCTArc.dir/ArcAttributes.cpp.o
[161/605] Building CXX object lib/Conversion/ImportAIGER/CMakeFiles/obj.CIRCTImportAIGER.dir/ImportAIGER.cpp.o
[162/605] Building CXX object lib/Dialect/FIRRTL/CMakeFiles/obj.CIRCTFIRRTL.dir/FIRRTLOps.cpp.o
[163/605] Building CXX object lib/Conversion/Utils/CMakeFiles/obj.CIRCTSVLoweringUtils.dir/SVLoweringUtils.cpp.o
[164/605] Building CXX object lib/Conversion/HandshakeToDC/CMakeFiles/obj.CIRCTHandshakeToDC.dir/HandshakeToDC.cpp.o
[165/605] Building CXX object lib/Conversion/HWToLLVM/CMakeFiles/obj.CIRCTHWToLLVM.dir/HWToLLVM.cpp.o
[166/605] Linking CXX static library lib/libCIRCTCalyx.a
[167/605] Building CXX object lib/Dialect/Arc/CMakeFiles/obj.CIRCTArc.dir/ArcFolds.cpp.o
[168/605] Building CXX object lib/Dialect/Arc/CMakeFiles/obj.CIRCTArc.dir/ArcTypes.cpp.o
[169/605] Building CXX object lib/Dialect/Arc/CMakeFiles/obj.CIRCTArc.dir/ArcCostModel.cpp.o
[170/605] Building CXX object lib/Dialect/Arc/Interfaces/CMakeFiles/obj.CIRCTArcExternalInterfaces.dir/RuntimeCostEstimateInterfaceImpl.cpp.o
[171/605] Building CXX object lib/Dialect/Arc/CMakeFiles/obj.CIRCTArc.dir/ModelInfo.cpp.o
[172/605] Building CXX object lib/Dialect/Calyx/Transforms/CMakeFiles/obj.CIRCTCalyxTransforms.dir/CompileControl.cpp.o
[173/605] Building CXX object lib/Dialect/Calyx/Transforms/CMakeFiles/obj.CIRCTCalyxTransforms.dir/GICM.cpp.o
[174/605] Building CXX object lib/Dialect/Calyx/Transforms/CMakeFiles/obj.CIRCTCalyxTransforms.dir/GoInsertion.cpp.o
[175/605] Building CXX object lib/Dialect/Calyx/Export/CMakeFiles/obj.CIRCTExportCalyx.dir/CalyxEmitter.cpp.o
[176/605] Building CXX object lib/Dialect/Calyx/Transforms/CMakeFiles/obj.CIRCTCalyxTransforms.dir/ClkResetInsertion.cpp.o
[177/605] Building CXX object lib/Dialect/Arc/CMakeFiles/obj.CIRCTArc.dir/ArcDialect.cpp.o
[178/605] Building CXX object lib/Dialect/Calyx/Transforms/CMakeFiles/obj.CIRCTCalyxTransforms.dir/RemoveGroups.cpp.o
[179/605] Building CXX object lib/Dialect/Calyx/Transforms/CMakeFiles/obj.CIRCTCalyxTransforms.dir/RemoveCombGroups.cpp.o
[180/605] Building CXX object lib/Dialect/Calyx/Transforms/CMakeFiles/obj.CIRCTCalyxTransforms.dir/CalyxHelpers.cpp.o
[181/605] Building CXX object lib/Dialect/Arc/CMakeFiles/obj.CIRCTArc.dir/ArcOps.cpp.o
[182/605] Building CXX object lib/Dialect/Calyx/Transforms/CMakeFiles/obj.CIRCTCalyxTransforms.dir/AffineToSCF.cpp.o
[183/605] Building CXX object lib/Dialect/Calyx/Transforms/CMakeFiles/obj.CIRCTCalyxTransforms.dir/AffinePloopUnparallelize.cpp.o
[184/605] Building CXX object lib/Dialect/Calyx/Transforms/CMakeFiles/obj.CIRCTCalyxTransforms.dir/AffineParallelUnroll.cpp.o
[185/605] Building CXX object lib/Dialect/Calyx/Transforms/CMakeFiles/obj.CIRCTCalyxTransforms.dir/CalyxLoweringUtils.cpp.o
[186/605] Linking CXX static library lib/libCIRCTDatapath.a
[187/605] Building CXX object lib/Dialect/Comb/Transforms/CMakeFiles/obj.CIRCTCombTransforms.dir/LowerComb.cpp.o
[188/605] Linking CXX static library lib/libCIRCTDC.a
[189/605] Building CXX object lib/Dialect/Calyx/Transforms/CMakeFiles/obj.CIRCTCalyxTransforms.dir/ExcludeExecuteRegionCanonicalize.cpp.o
[190/605] Building CXX object lib/Dialect/Comb/Transforms/CMakeFiles/obj.CIRCTCombTransforms.dir/IntRangeOptimizations.cpp.o
[191/605] Linking CXX static library lib/libCIRCTDebug.a
[192/605] Linking CXX static library lib/libCIRCTFIRRTL.a
[193/605] Linking CXX static library lib/libCIRCTHandshake.a
[194/605] Building CXX object lib/Dialect/Comb/Transforms/CMakeFiles/obj.CIRCTCombTransforms.dir/IntRangeAnnotations.cpp.o
[195/605] Building CXX object lib/Dialect/Comb/Transforms/CMakeFiles/obj.CIRCTCombTransforms.dir/SimplifyTruthTable.cpp.o
[196/605] Building CXX object lib/Dialect/DC/Transforms/CMakeFiles/obj.CIRCTDCTransforms.dir/DCMaterialization.cpp.o
[197/605] Building CXX object lib/Dialect/Comb/Transforms/CMakeFiles/obj.CIRCTCombTransforms.dir/BalanceMux.cpp.o
[198/605] Building CXX object lib/Dialect/Datapath/Transforms/CMakeFiles/obj.CIRCTDatapathTransforms.dir/ReduceDelay.cpp.o
[199/605] Building CXX object lib/Dialect/DC/Transforms/CMakeFiles/obj.CIRCTDCTransforms.dir/DCPrintDot.cpp.o
[200/605] Building CXX object lib/Dialect/HW/Transforms/CMakeFiles/obj.CIRCTHWTransforms.dir/HWAggregateToComb.cpp.o
[201/605] Building CXX object lib/Dialect/Comb/Transforms/CMakeFiles/obj.CIRCTCombTransforms.dir/AssumeTwoValued.cpp.o
[202/605] Building CXX object lib/Dialect/HW/Transforms/CMakeFiles/obj.CIRCTHWTransforms.dir/HWConvertBitcasts.cpp.o
[203/605] Building CXX object lib/Dialect/HW/Transforms/CMakeFiles/obj.CIRCTHWTransforms.dir/HWBypassInnerSymbols.cpp.o
[204/605] Building CXX object lib/Dialect/HW/Transforms/CMakeFiles/obj.CIRCTHWTransforms.dir/HWPrintInstanceGraph.cpp.o
[205/605] Building CXX object lib/Dialect/HW/Transforms/CMakeFiles/obj.CIRCTHWTransforms.dir/HWParameterizeConstantPorts.cpp.o
[206/605] Building CXX object lib/Dialect/HW/Transforms/CMakeFiles/obj.CIRCTHWTransforms.dir/HWIMDeadCodeElim.cpp.o
[207/605] Building CXX object lib/Dialect/HW/Transforms/CMakeFiles/obj.CIRCTHWTransforms.dir/HWSpecialize.cpp.o
[208/605] Building CXX object lib/Dialect/HW/Transforms/CMakeFiles/obj.CIRCTHWTransforms.dir/VerifyInnerRefNamespace.cpp.o
[209/605] Building CXX object lib/Dialect/HWArith/CMakeFiles/obj.CIRCTHWArith.dir/HWArithDialect.cpp.o
[210/605] Building CXX object lib/Dialect/HW/Transforms/CMakeFiles/obj.CIRCTHWTransforms.dir/PrintHWModuleGraph.cpp.o
[211/605] Building CXX object lib/Dialect/HW/Transforms/CMakeFiles/obj.CIRCTHWTransforms.dir/HWVectorization.cpp.o
[212/605] Building CXX object lib/Dialect/HW/Transforms/CMakeFiles/obj.CIRCTHWTransforms.dir/FlattenModules.cpp.o
[213/605] Building CXX object lib/Dialect/HWArith/CMakeFiles/obj.CIRCTHWArith.dir/HWArithTypes.cpp.o
[214/605] Building CXX object lib/Dialect/HW/Transforms/CMakeFiles/obj.CIRCTHWTransforms.dir/FlattenIO.cpp.o
[215/605] Building CXX object lib/Dialect/HWArith/CMakeFiles/obj.CIRCTHWArith.dir/HWArithOps.cpp.o
[216/605] Building CXX object lib/Dialect/Kanagawa/CMakeFiles/obj.CIRCTKanagawa.dir/KanagawaTypes.cpp.o
[217/605] Building CXX object lib/Dialect/Interop/CMakeFiles/obj.CIRCTInteropDialect.dir/InteropOps.cpp.o
[218/605] Building CXX object lib/Dialect/Interop/CMakeFiles/obj.CIRCTInteropDialect.dir/InteropDialect.cpp.o
[219/605] Building CXX object lib/Dialect/LLHD/IR/CMakeFiles/obj.CIRCTLLHD.dir/LLHDTypes.cpp.o
[220/605] Building CXX object lib/Dialect/Kanagawa/CMakeFiles/obj.CIRCTKanagawa.dir/KanagawaDialect.cpp.o
[221/605] Building CXX object lib/Dialect/Moore/CMakeFiles/obj.CIRCTMoore.dir/MooreAttributes.cpp.o
[222/605] Linking CXX static library lib/libCIRCTPipelineOps.a
[223/605] Building CXX object lib/Dialect/LLHD/IR/CMakeFiles/obj.CIRCTLLHD.dir/LLHDDialect.cpp.o
[224/605] Building CXX object lib/Dialect/LoopSchedule/CMakeFiles/obj.CIRCTLoopSchedule.dir/LoopScheduleOps.cpp.o
[225/605] Building CXX object lib/Dialect/RTG/IR/CMakeFiles/obj.CIRCTRTGDialect.dir/RTGAttrInterfaces.cpp.o
[226/605] Building CXX object lib/Dialect/Kanagawa/CMakeFiles/obj.CIRCTKanagawa.dir/KanagawaOps.cpp.o
[227/605] Building CXX object lib/Dialect/RTG/IR/CMakeFiles/obj.CIRCTRTGDialect.dir/RTGISAAssemblyAttrInterfaces.cpp.o
[228/605] Building CXX object lib/Dialect/RTG/IR/CMakeFiles/obj.CIRCTRTGDialect.dir/RTGISAAssemblyTypeInterfaces.cpp.o
[229/605] Building CXX object lib/Dialect/Moore/CMakeFiles/obj.CIRCTMoore.dir/MooreTypes.cpp.o
[230/605] Building CXX object lib/Dialect/LLHD/IR/CMakeFiles/obj.CIRCTLLHD.dir/LLHDOps.cpp.o
[231/605] Building CXX object lib/Dialect/RTG/IR/CMakeFiles/obj.CIRCTRTGDialect.dir/RTGISAAssemblyOpInterfaces.cpp.o
[232/605] Building CXX object lib/Dialect/RTG/IR/CMakeFiles/obj.CIRCTRTGDialect.dir/RTGOpInterfaces.cpp.o
[233/605] Building CXX object lib/Dialect/RTG/IR/CMakeFiles/obj.CIRCTRTGDialect.dir/RTGTypeInterfaces.cpp.o
[234/605] Building CXX object lib/Dialect/RTG/IR/CMakeFiles/obj.CIRCTRTGDialect.dir/RTGAttributes.cpp.o
[235/605] Building CXX object lib/Dialect/RTG/IR/CMakeFiles/obj.CIRCTRTGDialect.dir/RTGTypes.cpp.o
[236/605] Building CXX object lib/Dialect/Sim/CMakeFiles/obj.CIRCTSim.dir/SimTypes.cpp.o
[237/605] Building CXX object lib/Dialect/SSP/CMakeFiles/obj.CIRCTSSP.dir/SSPAttributes.cpp.o
[238/605] Building CXX object lib/Dialect/SSP/CMakeFiles/obj.CIRCTSSP.dir/SSPDialect.cpp.o
[239/605] Linking CXX static library lib/libCIRCTSynthAnalysis.a
[240/605] Building CXX object lib/Dialect/RTG/IR/CMakeFiles/obj.CIRCTRTGDialect.dir/RTGDialect.cpp.o
[241/605] Building CXX object lib/Dialect/SystemC/CMakeFiles/obj.CIRCTSystemC.dir/SystemCAttributes.cpp.o
[242/605] Building CXX object lib/Dialect/SSP/CMakeFiles/obj.CIRCTSSP.dir/SSPOps.cpp.o
[243/605] Building CXX object lib/Dialect/Sim/CMakeFiles/obj.CIRCTSim.dir/SimDialect.cpp.o
[244/605] Building CXX object lib/Dialect/SystemC/CMakeFiles/obj.CIRCTSystemC.dir/SystemCOpInterfaces.cpp.o
[245/605] Linking CXX static library lib/libCIRCTVerif.a
[246/605] Linking CXX static library lib/libCIRCTScheduling.a
[247/605] Linking CXX static library lib/libCIRCTTransforms.a
[248/605] Linking CXX static library lib/libCIRCTDebugAnalysis.a
[249/605] Linking CXX static library lib/libCIRCTSchedulingAnalysis.a
[250/605] Linking CXX static library lib/libCIRCTFIRRTLAnalysis.a
[251/605] Building CXX object lib/Dialect/RTG/IR/CMakeFiles/obj.CIRCTRTGDialect.dir/RTGOps.cpp.o
[252/605] Building CXX object lib/Dialect/SystemC/CMakeFiles/obj.CIRCTSystemC.dir/SystemCTypes.cpp.o
[253/605] Building CXX object lib/Dialect/SystemC/CMakeFiles/obj.CIRCTSystemC.dir/SystemCDialect.cpp.o
[254/605] Building CXX object lib/Dialect/Sim/CMakeFiles/obj.CIRCTSim.dir/SimOps.cpp.o
[255/605] Building CXX object lib/Dialect/SystemC/CMakeFiles/obj.CIRCTSystemC.dir/SystemCOps.cpp.o
[256/605] Building CXX object lib/Conversion/AffineToLoopSchedule/CMakeFiles/obj.CIRCTAffineToLoopSchedule.dir/AffineToLoopSchedule.cpp.o
[257/605] Building CXX object lib/Analysis/CMakeFiles/obj.CIRCTAnalysisTestPasses.dir/TestPasses.cpp.o
[258/605] Building CXX object lib/Conversion/CalyxNative/CMakeFiles/obj.CIRCTCalyxNative.dir/CalyxNative.cpp.o
[259/605] Linking CXX static library lib/libCIRCTCFToHandshake.a
[260/605] Linking CXX static library lib/libCIRCTCombToArith.a
[261/605] Linking CXX static library lib/libCIRCTCombToDatapath.a
[262/605] Linking CXX static library lib/libCIRCTCombToLLVM.a
[263/605] Building CXX object lib/Conversion/CalyxToFSM/CMakeFiles/obj.CIRCTCalyxToFSM.dir/CalyxToFSM.cpp.o
[264/605] Linking CXX static library lib/libCIRCTCombToSynth.a
[265/605] Building CXX object lib/Conversion/CalyxToFSM/CMakeFiles/obj.CIRCTCalyxToFSM.dir/MaterializeFSM.cpp.o
[266/605] Building CXX object lib/Dialect/Moore/CMakeFiles/obj.CIRCTMoore.dir/MooreDialect.cpp.o
[267/605] Building CXX object lib/Conversion/CombToSMT/CMakeFiles/obj.CIRCTCombToSMT.dir/CombToSMT.cpp.o
[268/605] Linking CXX static library lib/libCIRCTDatapathToComb.a
[269/605] Building CXX object lib/Conversion/CalyxToFSM/CMakeFiles/obj.CIRCTCalyxToFSM.dir/RemoveGroupsFromFSM.cpp.o
[270/605] Building CXX object lib/Conversion/CalyxToHW/CMakeFiles/obj.CIRCTCalyxToHW.dir/CalyxToHW.cpp.o
[271/605] Linking CXX static library lib/libCIRCTExportAIGER.a
[272/605] Building CXX object lib/Conversion/ArcToLLVM/CMakeFiles/obj.CIRCTArcToLLVM.dir/LowerArcToLLVM.cpp.o
[273/605] Building CXX object lib/Conversion/DatapathToSMT/CMakeFiles/obj.CIRCTDatapathToSMT.dir/DatapathToSMT.cpp.o
[274/605] Building CXX object lib/Conversion/ExportVerilog/CMakeFiles/obj.CIRCTExportVerilog.dir/ApplyLoweringOptions.cpp.o
[275/605] Building CXX object lib/Conversion/ConvertToArcs/CMakeFiles/obj.CIRCTConvertToArcs.dir/ConvertToArcs.cpp.o
[276/605] Building CXX object lib/Conversion/CoreToFSM/CMakeFiles/obj.CIRCTCoreToFSM.dir/CoreToFSM.cpp.o
[277/605] Building CXX object lib/Conversion/DCToHW/CMakeFiles/obj.CIRCTDCToHW.dir/DCToHW.cpp.o
[278/605] Building CXX object lib/Conversion/ConvertToLLVM/CMakeFiles/obj.CIRCTConvertToLLVM.dir/ConvertToLLVM.cpp.o
[279/605] Building CXX object lib/Conversion/ExportVerilog/CMakeFiles/obj.CIRCTExportVerilog.dir/LegalizeAnonEnums.cpp.o
[280/605] Building CXX object lib/Conversion/ExportVerilog/CMakeFiles/obj.CIRCTExportVerilog.dir/LegalizeNames.cpp.o
[281/605] Building CXX object lib/Conversion/ExportVerilog/CMakeFiles/obj.CIRCTExportVerilog.dir/PrepareForEmission.cpp.o
[282/605] Building CXX object lib/Conversion/FSMToCore/CMakeFiles/obj.CIRCTFSMToCore.dir/FSMToCore.cpp.o
[283/605] Linking CXX static library lib/libCIRCTHandshakeToDC.a
[284/605] Building CXX object lib/Conversion/ExportVerilog/CMakeFiles/obj.CIRCTExportVerilog.dir/PruneZeroValuedLogic.cpp.o
[285/605] Building CXX object lib/Conversion/FSMToSV/CMakeFiles/obj.CIRCTFSMToSV.dir/FSMToSV.cpp.o
[286/605] Linking CXX static library lib/libCIRCTHWToLLVM.a
[287/605] Linking CXX static library lib/libCIRCTHWToSMT.a
[288/605] Building CXX object lib/Conversion/FSMToSMT/CMakeFiles/obj.CIRCTFSMToSMT.dir/FSMToSMT.cpp.o
[289/605] Building CXX object lib/Conversion/HWToSV/CMakeFiles/obj.CIRCTHWToSV.dir/HWToSV.cpp.o
[290/605] Linking CXX static library lib/libCIRCTImportAIGER.a
[291/605] Building CXX object lib/Conversion/ExportVerilog/CMakeFiles/obj.CIRCTExportVerilog.dir/ExportVerilog.cpp.o
[292/605] Building CXX object lib/Conversion/HWToSystemC/CMakeFiles/obj.CIRCTHWToSystemC.dir/HWToSystemC.cpp.o
[293/605] Building CXX object lib/Dialect/Moore/CMakeFiles/obj.CIRCTMoore.dir/MooreOps.cpp.o
[294/605] Building CXX object lib/Conversion/HWArithToHW/CMakeFiles/obj.CIRCTHWArithToHW.dir/HWArithToHW.cpp.o
[295/605] Building CXX object lib/Conversion/HWToBTOR2/CMakeFiles/obj.CIRCTHWToBTOR2.dir/HWToBTOR2.cpp.o
[296/605] Building CXX object lib/Conversion/PipelineToHW/CMakeFiles/obj.CIRCTPipelineToHW.dir/PipelineToHW.cpp.o
[297/605] Building CXX object lib/Conversion/SeqToSV/CMakeFiles/obj.CIRCTSeqToSV.dir/FirMemLowering.cpp.o
[298/605] Building CXX object lib/Conversion/FIRRTLToHW/CMakeFiles/obj.CIRCTFIRRTLToHW.dir/LowerToHW.cpp.o
[299/605] Building CXX object lib/Conversion/LoopScheduleToCalyx/CMakeFiles/obj.CIRCTLoopScheduleToCalyx.dir/LoopScheduleToCalyx.cpp.o
[300/605] Building CXX object lib/Conversion/LTLToCore/CMakeFiles/obj.CIRCTLTLToCore.dir/LTLToCore.cpp.o
[301/605] Building CXX object lib/Conversion/HandshakeToHW/CMakeFiles/obj.CIRCTHandshakeToHW.dir/HandshakeToHW.cpp.o
[302/605] Building CXX object lib/Conversion/SeqToSV/CMakeFiles/obj.CIRCTSeqToSV.dir/LowerFirMem.cpp.o
[303/605] Linking CXX static library lib/libCIRCTSVLoweringUtils.a
[304/605] Building CXX object lib/Conversion/SeqToSV/CMakeFiles/obj.CIRCTSeqToSV.dir/FirRegLowering.cpp.o
[305/605] Building CXX object lib/Conversion/SynthToComb/CMakeFiles/obj.CIRCTSynthToComb.dir/SynthToComb.cpp.o
[306/605] Linking CXX static library lib/libCIRCTArc.a
[307/605] Linking CXX static library lib/libCIRCTArcExternalInterfaces.a
[308/605] Building CXX object lib/Conversion/SeqToSV/CMakeFiles/obj.CIRCTSeqToSV.dir/SeqToSV.cpp.o
[309/605] Building CXX object lib/Conversion/SCFToCalyx/CMakeFiles/obj.CIRCTSCFToCalyx.dir/SCFToCalyx.cpp.o
[310/605] Building CXX object lib/Conversion/SimToSV/CMakeFiles/obj.CIRCTSimToSV.dir/SimToSV.cpp.o
[311/605] Building CXX object lib/Conversion/VerifToSV/CMakeFiles/obj.CIRCTVerifToSV.dir/VerifToSV.cpp.o
[312/605] Building CXX object lib/Conversion/VerifToSMT/CMakeFiles/obj.CIRCTVerifToSMT.dir/VerifToSMT.cpp.o
[313/605] Building CXX object lib/Dialect/Arc/Transforms/CMakeFiles/obj.CIRCTArcTransforms.dir/AllocateState.cpp.o
[314/605] Building CXX object lib/Dialect/Arc/Transforms/CMakeFiles/obj.CIRCTArcTransforms.dir/AddTaps.cpp.o
[315/605] Building CXX object lib/Dialect/Arc/Transforms/CMakeFiles/obj.CIRCTArcTransforms.dir/FindInitialVectors.cpp.o
[316/605] Building CXX object lib/Dialect/Arc/Transforms/CMakeFiles/obj.CIRCTArcTransforms.dir/GenerateDriver.cpp.o
[317/605] Building CXX object lib/Dialect/Arc/Transforms/CMakeFiles/obj.CIRCTArcTransforms.dir/Dedup.cpp.o
[318/605] Building CXX object lib/Dialect/Arc/Transforms/CMakeFiles/obj.CIRCTArcTransforms.dir/ArcCanonicalizer.cpp.o
[319/605] Building CXX object lib/Dialect/Arc/Transforms/CMakeFiles/obj.CIRCTArcTransforms.dir/InferMemories.cpp.o
[320/605] Building CXX object lib/Dialect/Arc/Transforms/CMakeFiles/obj.CIRCTArcTransforms.dir/InferContext.cpp.o
[321/605] Building CXX object lib/Dialect/Arc/Transforms/CMakeFiles/obj.CIRCTArcTransforms.dir/InlineArcs.cpp.o
[322/605] Building CXX object lib/Dialect/Arc/Transforms/CMakeFiles/obj.CIRCTArcTransforms.dir/InferStateProperties.cpp.o
[323/605] Building CXX object lib/Dialect/Arc/Transforms/CMakeFiles/obj.CIRCTArcTransforms.dir/LatencyRetiming.cpp.o
[324/605] Building CXX object lib/Conversion/SMTToZ3LLVM/CMakeFiles/obj.CIRCTSMTToZ3LLVM.dir/LowerSMTToZ3LLVM.cpp.o
[325/605] Building CXX object lib/Conversion/MooreToCore/CMakeFiles/obj.CIRCTMooreToCore.dir/MooreToCore.cpp.o
[326/605] Building CXX object lib/Dialect/Arc/Transforms/CMakeFiles/obj.CIRCTArcTransforms.dir/InsertRuntime.cpp.o
[327/605] Building CXX object lib/Dialect/Arc/Transforms/CMakeFiles/obj.CIRCTArcTransforms.dir/LowerArrays.cpp.o
[328/605] Building CXX object lib/Dialect/Arc/Transforms/CMakeFiles/obj.CIRCTArcTransforms.dir/LowerClocksToFuncs.cpp.o
[329/605] Building CXX object lib/Dialect/Arc/Transforms/CMakeFiles/obj.CIRCTArcTransforms.dir/LowerLUT.cpp.o
[330/605] Building CXX object lib/Dialect/Arc/Transforms/CMakeFiles/obj.CIRCTArcTransforms.dir/LowerCoroutines.cpp.o
[331/605] Building CXX object lib/Dialect/Arc/Transforms/CMakeFiles/obj.CIRCTArcTransforms.dir/LowerProcesses.cpp.o
[332/605] Building CXX object lib/Dialect/Arc/Transforms/CMakeFiles/obj.CIRCTArcTransforms.dir/LowerArcsToFuncs.cpp.o
[333/605] Building CXX object lib/Dialect/Arc/Transforms/CMakeFiles/obj.CIRCTArcTransforms.dir/MergeTaps.cpp.o
[334/605] Building CXX object lib/Dialect/Arc/Transforms/CMakeFiles/obj.CIRCTArcTransforms.dir/LowerVectorizations.cpp.o
[335/605] Building CXX object lib/Dialect/Arc/Transforms/CMakeFiles/obj.CIRCTArcTransforms.dir/MakeTables.cpp.o
[336/605] Building CXX object lib/Dialect/Arc/Transforms/CMakeFiles/obj.CIRCTArcTransforms.dir/LowerVerifSimulations.cpp.o
[337/605] Building CXX object lib/Dialect/Arc/Transforms/CMakeFiles/obj.CIRCTArcTransforms.dir/MergeIfs.cpp.o
[338/605] Building CXX object lib/Dialect/Arc/Transforms/CMakeFiles/obj.CIRCTArcTransforms.dir/PrintCostModel.cpp.o
[339/605] Building CXX object lib/Dialect/Arc/Transforms/CMakeFiles/obj.CIRCTArcTransforms.dir/MuxToControlFlow.cpp.o
[340/605] Building CXX object lib/Dialect/Arc/Transforms/CMakeFiles/obj.CIRCTArcTransforms.dir/SimplifyVariadicOps.cpp.o
[341/605] Building CXX object lib/Dialect/Arc/Transforms/CMakeFiles/obj.CIRCTArcTransforms.dir/ResolveXMRRef.cpp.o
[342/605] Building CXX object lib/Dialect/AXI4/CMakeFiles/obj.CIRCTAXI4.dir/AXI4Attributes.cpp.o
[343/605] Building CXX object lib/Dialect/Arc/Transforms/CMakeFiles/obj.CIRCTArcTransforms.dir/SplitFuncs.cpp.o
[344/605] Linking CXX static library lib/libCIRCTExportCalyx.a
[345/605] Linking CXX static library lib/libCIRCTCalyxTransforms.a
[346/605] Linking CXX static library lib/libCIRCTCombTransforms.a
[347/605] Linking CXX static library lib/libCIRCTDatapathTransforms.a
[348/605] Linking CXX static library lib/libCIRCTDCTransforms.a
[349/605] Building CXX object lib/Dialect/Arc/Transforms/CMakeFiles/obj.CIRCTArcTransforms.dir/RemoveI0Types.cpp.o
[350/605] Building CXX object lib/Dialect/Arc/Transforms/CMakeFiles/obj.CIRCTArcTransforms.dir/LowerState.cpp.o
[351/605] Building CXX object lib/Dialect/AXI4/CMakeFiles/obj.CIRCTAXI4.dir/AXI4Dialect.cpp.o
[352/605] Building CXX object lib/Dialect/Arc/Transforms/CMakeFiles/obj.CIRCTArcTransforms.dir/SplitLoops.cpp.o
[353/605] Building CXX object lib/Dialect/AXI4/CMakeFiles/obj.CIRCTAXI4.dir/AXI4Types.cpp.o
[354/605] Building CXX object lib/Dialect/Arc/Transforms/CMakeFiles/obj.CIRCTArcTransforms.dir/StripSV.cpp.o
[355/605] Building CXX object lib/Dialect/AXI4/CMakeFiles/obj.CIRCTAXI4.dir/AXI4Ops.cpp.o
[356/605] Building CXX object lib/Dialect/Emit/Transforms/CMakeFiles/obj.CIRCTEmitTransforms.dir/StripEmit.cpp.o
[357/605] Building CXX object lib/Dialect/FIRRTL/Transforms/CMakeFiles/obj.CIRCTFIRRTLTransforms.dir/PopulateInstanceChoiceSymbols.cpp.o
[358/605] Building CXX object lib/Dialect/FIRRTL/Transforms/CMakeFiles/obj.CIRCTFIRRTLTransforms.dir/CheckLayers.cpp.o
[359/605] Building CXX object lib/Dialect/FIRRTL/Transforms/CMakeFiles/obj.CIRCTFIRRTLTransforms.dir/AddSeqMemPorts.cpp.o
[360/605] Building CXX object lib/Dialect/FIRRTL/Transforms/CMakeFiles/obj.CIRCTFIRRTLTransforms.dir/AssignOutputDirs.cpp.o
[361/605] Building CXX object lib/Dialect/FIRRTL/Transforms/CMakeFiles/obj.CIRCTFIRRTLTransforms.dir/BlackBoxReader.cpp.o
[362/605] Building CXX object lib/Dialect/FIRRTL/Transforms/CMakeFiles/obj.CIRCTFIRRTLTransforms.dir/AnnotateInputOnlyModules.cpp.o
[363/605] Building CXX object lib/Dialect/FIRRTL/Transforms/CMakeFiles/obj.CIRCTFIRRTLTransforms.dir/CheckCombLoops.cpp.o
[364/605] Building CXX object lib/Dialect/FIRRTL/Transforms/CMakeFiles/obj.CIRCTFIRRTLTransforms.dir/CheckRecursiveInstantiation.cpp.o
[365/605] Building CXX object lib/Dialect/FIRRTL/Transforms/CMakeFiles/obj.CIRCTFIRRTLTransforms.dir/DropConst.cpp.o
[366/605] Building CXX object lib/Dialect/FIRRTL/Transforms/CMakeFiles/obj.CIRCTFIRRTLTransforms.dir/DropName.cpp.o
[367/605] Building CXX object lib/Dialect/FIRRTL/Transforms/CMakeFiles/obj.CIRCTFIRRTLTransforms.dir/EliminateWires.cpp.o
[368/605] Building CXX object lib/Dialect/FIRRTL/Transforms/CMakeFiles/obj.CIRCTFIRRTLTransforms.dir/CreateSiFiveMetadata.cpp.o
[369/605] Building CXX object lib/Dialect/FIRRTL/Transforms/CMakeFiles/obj.CIRCTFIRRTLTransforms.dir/Dedup.cpp.o
[370/605] Building CXX object lib/Dialect/FIRRTL/Transforms/CMakeFiles/obj.CIRCTFIRRTLTransforms.dir/ExtractInstances.cpp.o
[371/605] Building CXX object lib/Dialect/FIRRTL/Transforms/CMakeFiles/obj.CIRCTFIRRTLTransforms.dir/ExpandWhens.cpp.o
[372/605] Building CXX object lib/Dialect/FIRRTL/Transforms/CMakeFiles/obj.CIRCTFIRRTLTransforms.dir/FinalizeIR.cpp.o
[373/605] Building CXX object lib/Dialect/FIRRTL/Transforms/CMakeFiles/obj.CIRCTFIRRTLTransforms.dir/FlattenMemory.cpp.o
[374/605] Building CXX object lib/Dialect/FIRRTL/Transforms/CMakeFiles/obj.CIRCTFIRRTLTransforms.dir/FullReset.cpp.o
[375/605] Building CXX object lib/Dialect/FIRRTL/Transforms/CMakeFiles/obj.CIRCTFIRRTLTransforms.dir/IMConstProp.cpp.o
[376/605] Building CXX object lib/Dialect/FIRRTL/Transforms/CMakeFiles/obj.CIRCTFIRRTLTransforms.dir/IMDeadCodeElim.cpp.o
[377/605] Building CXX object lib/Dialect/FIRRTL/Transforms/CMakeFiles/obj.CIRCTFIRRTLTransforms.dir/InferReadWrite.cpp.o
[378/605] Building CXX object lib/Dialect/FIRRTL/Transforms/CMakeFiles/obj.CIRCTFIRRTLTransforms.dir/GrandCentral.cpp.o
[379/605] Building CXX object lib/Dialect/FIRRTL/Transforms/CMakeFiles/obj.CIRCTFIRRTLTransforms.dir/InferResets.cpp.o
[380/605] Building CXX object lib/Dialect/FIRRTL/Transforms/CMakeFiles/obj.CIRCTFIRRTLTransforms.dir/InferDomains.cpp.o
[381/605] Building CXX object lib/Dialect/FIRRTL/Transforms/CMakeFiles/obj.CIRCTFIRRTLTransforms.dir/InferWidths.cpp.o
[382/605] Building CXX object lib/Dialect/FIRRTL/Transforms/CMakeFiles/obj.CIRCTFIRRTLTransforms.dir/LegacyWiring.cpp.o
[383/605] Building CXX object lib/Dialect/FIRRTL/Transforms/CMakeFiles/obj.CIRCTFIRRTLTransforms.dir/InjectDUTHierarchy.cpp.o
[384/605] Building CXX object lib/Dialect/FIRRTL/Transforms/CMakeFiles/obj.CIRCTFIRRTLTransforms.dir/Lint.cpp.o
[385/605] Building CXX object lib/Dialect/FIRRTL/Transforms/CMakeFiles/obj.CIRCTFIRRTLTransforms.dir/LayerMerge.cpp.o
[386/605] Building CXX object lib/Dialect/FIRRTL/Transforms/CMakeFiles/obj.CIRCTFIRRTLTransforms.dir/LinkCircuits.cpp.o
[387/605] Building CXX object lib/Dialect/FIRRTL/Transforms/CMakeFiles/obj.CIRCTFIRRTLTransforms.dir/InnerSymbolDCE.cpp.o
[388/605] Building CXX object lib/Dialect/FIRRTL/Transforms/CMakeFiles/obj.CIRCTFIRRTLTransforms.dir/LayerSink.cpp.o
[389/605] Building CXX object lib/Dialect/FIRRTL/Transforms/CMakeFiles/obj.CIRCTFIRRTLTransforms.dir/LowerAnnotations.cpp.o
[390/605] Building CXX object lib/Dialect/FIRRTL/Transforms/CMakeFiles/obj.CIRCTFIRRTLTransforms.dir/LowerDPI.cpp.o
[391/605] Building CXX object lib/Dialect/FIRRTL/Transforms/CMakeFiles/obj.CIRCTFIRRTLTransforms.dir/LowerIntmodules.cpp.o
[392/605] Building CXX object lib/Dialect/FIRRTL/Transforms/CMakeFiles/obj.CIRCTFIRRTLTransforms.dir/LowerIntrinsics.cpp.o
[393/605] Building CXX object lib/Dialect/FIRRTL/Transforms/CMakeFiles/obj.CIRCTFIRRTLTransforms.dir/LowerCHIRRTL.cpp.o
[394/605] Building CXX object lib/Dialect/FIRRTL/Transforms/CMakeFiles/obj.CIRCTFIRRTLTransforms.dir/LowerDomains.cpp.o
[395/605] Building CXX object lib/Dialect/FIRRTL/Transforms/CMakeFiles/obj.CIRCTFIRRTLTransforms.dir/LowerClasses.cpp.o
[396/605] Building CXX object lib/Dialect/FIRRTL/Transforms/CMakeFiles/obj.CIRCTFIRRTLTransforms.dir/LowerMatches.cpp.o
[397/605] Building CXX object lib/Dialect/FIRRTL/Transforms/CMakeFiles/obj.CIRCTFIRRTLTransforms.dir/LowerLayers.cpp.o
[398/605] Building CXX object lib/Dialect/FIRRTL/Transforms/CMakeFiles/obj.CIRCTFIRRTLTransforms.dir/LowerMemory.cpp.o
[399/605] Building CXX object lib/Dialect/FIRRTL/Transforms/CMakeFiles/obj.CIRCTFIRRTLTransforms.dir/LowerSignatures.cpp.o
[400/605] Building CXX object lib/Dialect/FIRRTL/Transforms/CMakeFiles/obj.CIRCTFIRRTLTransforms.dir/LowerOpenAggs.cpp.o
[401/605] Building CXX object lib/Dialect/FIRRTL/Transforms/CMakeFiles/obj.CIRCTFIRRTLTransforms.dir/MaterializeDebugInfo.cpp.o
[402/605] Building CXX object lib/Dialect/FIRRTL/Transforms/CMakeFiles/obj.CIRCTFIRRTLTransforms.dir/MergeConnections.cpp.o
[403/605] Building CXX object lib/Dialect/FIRRTL/Transforms/CMakeFiles/obj.CIRCTFIRRTLTransforms.dir/LowerXMR.cpp.o
[404/605] Building CXX object lib/Dialect/FIRRTL/Transforms/CMakeFiles/obj.CIRCTFIRRTLTransforms.dir/LowerTypes.cpp.o
[405/605] Building CXX object lib/Dialect/FIRRTL/Transforms/CMakeFiles/obj.CIRCTFIRRTLTransforms.dir/PassiveWires.cpp.o
[406/605] Building CXX object lib/Dialect/FIRRTL/Transforms/CMakeFiles/obj.CIRCTFIRRTLTransforms.dir/ModuleSummary.cpp.o
[407/605] Building CXX object lib/Dialect/FIRRTL/Transforms/CMakeFiles/obj.CIRCTFIRRTLTransforms.dir/PrintFIRRTLFieldSource.cpp.o
[408/605] Building CXX object lib/Dialect/FIRRTL/Transforms/CMakeFiles/obj.CIRCTFIRRTLTransforms.dir/PrintInstanceGraph.cpp.o
[409/605] Building CXX object lib/Dialect/FIRRTL/Transforms/CMakeFiles/obj.CIRCTFIRRTLTransforms.dir/RandomizeRegisterInit.cpp.o
[410/605] Building CXX object lib/Dialect/FIRRTL/Transforms/CMakeFiles/obj.CIRCTFIRRTLTransforms.dir/PrintNLATable.cpp.o
[411/605] Building CXX object lib/Dialect/FIRRTL/Transforms/CMakeFiles/obj.CIRCTFIRRTLTransforms.dir/RegisterOptimizer.cpp.o
[412/605] Building CXX object lib/Dialect/FIRRTL/Transforms/CMakeFiles/obj.CIRCTFIRRTLTransforms.dir/ModuleInliner.cpp.o
[413/605] Building CXX object lib/Dialect/FIRRTL/Transforms/CMakeFiles/obj.CIRCTFIRRTLTransforms.dir/ResolvePaths.cpp.o
[414/605] Building CXX object lib/Dialect/FIRRTL/Transforms/CMakeFiles/obj.CIRCTFIRRTLTransforms.dir/ProbesToSignals.cpp.o
[415/605] Building CXX object lib/Dialect/FIRRTL/Transforms/CMakeFiles/obj.CIRCTFIRRTLTransforms.dir/ResolveTraces.cpp.o
[416/605] Building CXX object lib/Dialect/FIRRTL/Transforms/CMakeFiles/obj.CIRCTFIRRTLTransforms.dir/SFCCompat.cpp.o
[417/605] Building CXX object lib/Dialect/FIRRTL/Transforms/CMakeFiles/obj.CIRCTFIRRTLTransforms.dir/SpecializeOption.cpp.o
[418/605] Building CXX object lib/Dialect/FIRRTL/Transforms/CMakeFiles/obj.CIRCTFIRRTLTransforms.dir/SpecializeLayers.cpp.o
[419/605] Building CXX object lib/Dialect/FSM/Transforms/CMakeFiles/obj.CIRCTFSMTransforms.dir/PrintFSMGraph.cpp.o
[420/605] Building CXX object lib/Dialect/FIRRTL/Transforms/CMakeFiles/obj.CIRCTFIRRTLTransforms.dir/Vectorization.cpp.o
[421/605] Building CXX object lib/Dialect/Handshake/Transforms/CMakeFiles/obj.CIRCTHandshakeTransforms.dir/LegalizeMemrefs.cpp.o
[422/605] Linking CXX static library lib/libCIRCTHWTransforms.a
[423/605] Linking CXX static library lib/libCIRCTHWArith.a
[424/605] Linking CXX static library lib/libCIRCTKanagawa.a
[425/605] Building CXX object lib/Dialect/Handshake/Transforms/CMakeFiles/obj.CIRCTHandshakeTransforms.dir/Buffers.cpp.o
[426/605] Building CXX object lib/Dialect/Handshake/Transforms/CMakeFiles/obj.CIRCTHandshakeTransforms.dir/Analysis.cpp.o
[427/605] Building CXX object lib/Dialect/Handshake/Transforms/CMakeFiles/obj.CIRCTHandshakeTransforms.dir/LockFunctions.cpp.o
[428/605] Building CXX object lib/Dialect/FIRRTL/Transforms/CMakeFiles/obj.CIRCTFIRRTLTransforms.dir/VBToBV.cpp.o
[429/605] Building CXX object lib/Dialect/Handshake/Transforms/CMakeFiles/obj.CIRCTHandshakeTransforms.dir/Materialization.cpp.o
[430/605] Building CXX object lib/Dialect/Handshake/Transforms/CMakeFiles/obj.CIRCTHandshakeTransforms.dir/SplitMerges.cpp.o
[431/605] Building CXX object lib/Dialect/Kanagawa/Transforms/CMakeFiles/obj.CIRCTKanagawaTransforms.dir/KanagawaContainerize.cpp.o
[432/605] Building CXX object lib/Dialect/Kanagawa/Transforms/CMakeFiles/obj.CIRCTKanagawaTransforms.dir/KanagawaCallPrep.cpp.o
[433/605] Building CXX object lib/Dialect/Kanagawa/Transforms/CMakeFiles/obj.CIRCTKanagawaTransforms.dir/KanagawaTunneling.cpp.o
[434/605] Building CXX object lib/Dialect/Kanagawa/Transforms/CMakeFiles/obj.CIRCTKanagawaTransforms.dir/KanagawaPortrefLowering.cpp.o
[435/605] Building CXX object lib/Dialect/Handshake/Transforms/CMakeFiles/obj.CIRCTHandshakeTransforms.dir/LowerExtmemToHW.cpp.o
[436/605] Building CXX object lib/Dialect/Kanagawa/Transforms/CMakeFiles/obj.CIRCTKanagawaTransforms.dir/KanagawaReblockPass.cpp.o
[437/605] Building CXX object lib/Dialect/Kanagawa/Transforms/CMakeFiles/obj.CIRCTKanagawaTransforms.dir/KanagawaCleanSelfdrivers.cpp.o
[438/605] Building CXX object lib/Dialect/Kanagawa/Transforms/CMakeFiles/obj.CIRCTKanagawaTransforms.dir/KanagawaArgifyBlocksPass.cpp.o
[439/605] Building CXX object lib/Dialect/Kanagawa/Transforms/CMakeFiles/obj.CIRCTKanagawaTransforms.dir/KanagawaInlineSBlocksPass.cpp.o
[440/605] Building CXX object lib/Dialect/Kanagawa/Transforms/CMakeFiles/obj.CIRCTKanagawaTransforms.dir/KanagawaContainersToHW.cpp.o
[441/605] Linking CXX static library lib/libCIRCTInteropDialect.a
[442/605] Linking CXX static library lib/libCIRCTLLHD.a
[443/605] Building CXX object lib/Dialect/Kanagawa/Transforms/CMakeFiles/obj.CIRCTKanagawaTransforms.dir/KanagawaPassPipelines.cpp.o
[444/605] Building CXX object lib/Dialect/Kanagawa/Transforms/CMakeFiles/obj.CIRCTKanagawaTransforms.dir/KanagawaPrepareScheduling.cpp.o
[445/605] Building CXX object lib/Dialect/Kanagawa/Transforms/CMakeFiles/obj.CIRCTKanagawaTransforms.dir/KanagawaConvertCFToHandshake.cpp.o
[446/605] Building CXX object lib/Dialect/Kanagawa/Transforms/CMakeFiles/obj.CIRCTKanagawaTransforms.dir/KanagawaEliminateRedundantOps.cpp.o
[447/605] Building CXX object lib/Dialect/LLHD/Transforms/CMakeFiles/obj.CIRCTLLHDTransforms.dir/DeseqUtils.cpp.o
[448/605] Building CXX object lib/Dialect/Kanagawa/Transforms/CMakeFiles/obj.CIRCTKanagawaTransforms.dir/KanagawaConvertHandshakeToDC.cpp.o
[449/605] Building CXX object lib/Dialect/Kanagawa/Transforms/CMakeFiles/obj.CIRCTKanagawaTransforms.dir/KanagawaAddOperatorLibrary.cpp.o
[450/605] Building CXX object lib/Dialect/Kanagawa/Transforms/CMakeFiles/obj.CIRCTKanagawaTransforms.dir/KanagawaMethodsToContainers.cpp.o
[451/605] Building CXX object lib/Dialect/LLHD/Transforms/CMakeFiles/obj.CIRCTLLHDTransforms.dir/CombineDrives.cpp.o
[452/605] Building CXX object lib/Dialect/LLHD/Transforms/CMakeFiles/obj.CIRCTLLHDTransforms.dir/Deseq.cpp.o
[453/605] Building CXX object lib/Dialect/LLHD/Transforms/CMakeFiles/obj.CIRCTLLHDTransforms.dir/HoistSignals.cpp.o
[454/605] Linking CXX static library lib/libCIRCTLoopSchedule.a
[455/605] Linking CXX static library lib/libCIRCTMoore.a
[456/605] Building CXX object lib/Dialect/LLHD/Transforms/CMakeFiles/obj.CIRCTLLHDTransforms.dir/InlineCalls.cpp.o
[457/605] Building CXX object lib/Dialect/LLHD/Transforms/CMakeFiles/obj.CIRCTLLHDTransforms.dir/RemoveControlFlow.cpp.o
[458/605] Building CXX object lib/Dialect/LLHD/Transforms/CMakeFiles/obj.CIRCTLLHDTransforms.dir/Sig2RegPass.cpp.o
[459/605] Building CXX object lib/Dialect/LLHD/Transforms/CMakeFiles/obj.CIRCTLLHDTransforms.dir/LowerProcesses.cpp.o
[460/605] Building CXX object lib/Dialect/LLHD/Transforms/CMakeFiles/obj.CIRCTLLHDTransforms.dir/UnrollLoops.cpp.o
[461/605] Building CXX object lib/Dialect/LLHD/Transforms/CMakeFiles/obj.CIRCTLLHDTransforms.dir/Mem2Reg.cpp.o
[462/605] Building CXX object lib/Dialect/LLHD/Transforms/CMakeFiles/obj.CIRCTLLHDTransforms.dir/WrapProceduralOps.cpp.o
[463/605] Building CXX object lib/Dialect/Moore/Transforms/CMakeFiles/obj.CIRCTMooreTransforms.dir/SimplifyProcedures.cpp.o
[464/605] Building CXX object lib/Dialect/Moore/Transforms/CMakeFiles/obj.CIRCTMooreTransforms.dir/CreateVTables.cpp.o
[465/605] Building CXX object lib/Dialect/Moore/Transforms/CMakeFiles/obj.CIRCTMooreTransforms.dir/SimplifyRefs.cpp.o
[466/605] Building CXX object lib/Dialect/OM/Transforms/CMakeFiles/obj.CIRCTOMTransforms.dir/StripOM.cpp.o
[467/605] Building CXX object lib/Dialect/OM/Transforms/CMakeFiles/obj.CIRCTOMTransforms.dir/FreezePaths.cpp.o
[468/605] Linking CXX static library lib/libCIRCTRTGDialect.a
[469/605] Building CXX object lib/Dialect/Pipeline/Transforms/CMakeFiles/obj.CIRCTPipelineTransforms.dir/ExplicitRegs.cpp.o
[470/605] Building CXX object lib/Dialect/OM/Transforms/CMakeFiles/obj.CIRCTOMTransforms.dir/ElaborateObject.cpp.o
[471/605] Building CXX object lib/Dialect/Probe/CMakeFiles/obj.CIRCTProbe.dir/ProbeDialect.cpp.o
[472/605] Building CXX object lib/Dialect/OM/Transforms/CMakeFiles/obj.CIRCTOMTransforms.dir/LinkModules.cpp.o
[473/605] Building CXX object lib/Dialect/Probe/CMakeFiles/obj.CIRCTProbe.dir/ProbeTypes.cpp.o
[474/605] Building CXX object lib/Dialect/Probe/CMakeFiles/obj.CIRCTProbe.dir/ProbeOps.cpp.o
[475/605] Building CXX object lib/Dialect/RTG/Transforms/CMakeFiles/obj.CIRCTRTGTransforms.dir/EmitRTGISAAssemblyPass.cpp.o
[476/605] Building CXX object lib/Dialect/Pipeline/Transforms/CMakeFiles/obj.CIRCTPipelineTransforms.dir/ScheduleLinearPipeline.cpp.o
[477/605] Building CXX object lib/Dialect/RTG/Transforms/CMakeFiles/obj.CIRCTRTGTransforms.dir/EmbedValidationValuesPass.cpp.o
[478/605] Building CXX object lib/Dialect/RTG/Transforms/CMakeFiles/obj.CIRCTRTGTransforms.dir/InsertTestToFileMappingPass.cpp.o
[479/605] Building CXX object lib/Dialect/RTG/Transforms/CMakeFiles/obj.CIRCTRTGTransforms.dir/LowerUniqueLabelsPass.cpp.o
[480/605] Building CXX object lib/Dialect/RTG/Transforms/CMakeFiles/obj.CIRCTRTGTransforms.dir/InlineSequencesPass.cpp.o
[481/605] Building CXX object lib/Dialect/RTG/Transforms/CMakeFiles/obj.CIRCTRTGTransforms.dir/MaterializeConstraintsPass.cpp.o
[482/605] Building CXX object lib/Dialect/RTG/Transforms/CMakeFiles/obj.CIRCTRTGTransforms.dir/LinearScanRegisterAllocationPass.cpp.o
[483/605] Building CXX object lib/Dialect/RTG/Transforms/CMakeFiles/obj.CIRCTRTGTransforms.dir/LowerValidateToLabelsPass.cpp.o
[484/605] Building CXX object lib/Dialect/RTG/Transforms/CMakeFiles/obj.CIRCTRTGTransforms.dir/MemoryAllocationPass.cpp.o
[485/605] Building CXX object lib/Dialect/RTG/Transforms/CMakeFiles/obj.CIRCTRTGTransforms.dir/PrintTestNamesPass.cpp.o
[486/605] Building CXX object lib/Dialect/RTG/Transforms/CMakeFiles/obj.CIRCTRTGTransforms.dir/RTGPassPipelines.cpp.o
[487/605] Building CXX object lib/Dialect/RTG/Transforms/CMakeFiles/obj.CIRCTRTGTransforms.dir/SimpleTestInlinerPass.cpp.o
[488/605] Building CXX object lib/Dialect/RTG/Transforms/CMakeFiles/obj.CIRCTRTGTransforms.dir/UniqueValidateOpsPass.cpp.o
[489/605] Building CXX object lib/Dialect/RTGTest/IR/CMakeFiles/obj.CIRCTRTGTestDialect.dir/RTGTestAttributes.cpp.o
[490/605] Building CXX object lib/Dialect/RTGTest/IR/CMakeFiles/obj.CIRCTRTGTestDialect.dir/RTGTestTypes.cpp.o
[491/605] Building CXX object lib/Dialect/Seq/Transforms/CMakeFiles/obj.CIRCTSeqTransforms.dir/ExternalizeClockGate.cpp.o
[492/605] Building CXX object lib/Dialect/Seq/Transforms/CMakeFiles/obj.CIRCTSeqTransforms.dir/RegOfVecToMem.cpp.o
[493/605] Building CXX object lib/Dialect/Seq/Transforms/CMakeFiles/obj.CIRCTSeqTransforms.dir/LowerSeqCompRegCE.cpp.o
[494/605] Linking CXX static library lib/libCIRCTSim.a
[495/605] Building CXX object lib/Dialect/RTGTest/IR/CMakeFiles/obj.CIRCTRTGTestDialect.dir/RTGTestDialect.cpp.o
[496/605] Building CXX object lib/Dialect/Seq/Transforms/CMakeFiles/obj.CIRCTSeqTransforms.dir/LowerSeqHLMem.cpp.o
[497/605] Building CXX object lib/Dialect/Seq/Transforms/CMakeFiles/obj.CIRCTSeqTransforms.dir/HWMemSimImpl.cpp.o
[498/605] Building CXX object lib/Dialect/RTGTest/IR/CMakeFiles/obj.CIRCTRTGTestDialect.dir/RTGTestOps.cpp.o
[499/605] Linking CXX static library lib/libCIRCTSSP.a
[500/605] Building CXX object lib/Dialect/RTG/Transforms/CMakeFiles/obj.CIRCTRTGTransforms.dir/ElaborationPass.cpp.o
[501/605] Building CXX object lib/Dialect/Sim/Transforms/CMakeFiles/obj.CIRCTSimTransforms.dir/FoldValueFormatters.cpp.o
[502/605] Building CXX object lib/Dialect/Seq/Transforms/CMakeFiles/obj.CIRCTSeqTransforms.dir/LowerSeqShiftReg.cpp.o
[503/605] Building CXX object lib/Dialect/Seq/Transforms/CMakeFiles/obj.CIRCTSeqTransforms.dir/LowerSeqFIFO.cpp.o
[504/605] Building CXX object lib/Dialect/Sim/Transforms/CMakeFiles/obj.CIRCTSimTransforms.dir/SquashSimTriggered.cpp.o
[505/605] Building CXX object lib/Dialect/Sim/Transforms/CMakeFiles/obj.CIRCTSimTransforms.dir/ProceduralizeSim.cpp.o
[506/605] Building CXX object lib/Dialect/SSP/Transforms/CMakeFiles/obj.CIRCTSSPTransforms.dir/Print.cpp.o
[507/605] Building CXX object lib/Dialect/Sim/Transforms/CMakeFiles/obj.CIRCTSimTransforms.dir/LowerDPIFunc.cpp.o
[508/605] Building CXX object lib/Dialect/SV/Transforms/CMakeFiles/obj.CIRCTSVTransforms.dir/HWCleanup.cpp.o
[509/605] Building CXX object lib/Dialect/SV/Transforms/CMakeFiles/obj.CIRCTSVTransforms.dir/GeneratorCallout.cpp.o
[510/605] Building CXX object lib/Dialect/SSP/Transforms/CMakeFiles/obj.CIRCTSSPTransforms.dir/Roundtrip.cpp.o
[511/605] Building CXX object lib/Dialect/SSP/Transforms/CMakeFiles/obj.CIRCTSSPTransforms.dir/Schedule.cpp.o
[512/605] Building CXX object lib/Dialect/SV/Transforms/CMakeFiles/obj.CIRCTSVTransforms.dir/HWStubExternalModules.cpp.o
[513/605] Building CXX object lib/Dialect/SV/Transforms/CMakeFiles/obj.CIRCTSVTransforms.dir/HWExportModuleHierarchy.cpp.o
[514/605] Building CXX object lib/Dialect/SV/Transforms/CMakeFiles/obj.CIRCTSVTransforms.dir/HWLegalizeModules.cpp.o
[515/605] Building CXX object lib/Dialect/SV/Transforms/CMakeFiles/obj.CIRCTSVTransforms.dir/PrettifyVerilog.cpp.o
[516/605] Building CXX object lib/Dialect/SV/Transforms/CMakeFiles/obj.CIRCTSVTransforms.dir/SVMaskNonSynthesizable.cpp.o
[517/605] Building CXX object lib/Dialect/SV/Transforms/CMakeFiles/obj.CIRCTSVTransforms.dir/SVTraceIVerilog.cpp.o
[518/605] Building CXX object lib/Dialect/SV/Transforms/CMakeFiles/obj.CIRCTSVTransforms.dir/HWEliminateInOutPorts.cpp.o
[519/605] Building CXX object lib/Dialect/Synth/Transforms/CMakeFiles/obj.CIRCTSynthTransforms.dir/AIGERRunner.cpp.o
[520/605] Building CXX object lib/Dialect/Synth/Transforms/CMakeFiles/obj.CIRCTSynthTransforms.dir/GenericLUTMapper.cpp.o
[521/605] Building CXX object lib/Dialect/Synth/Transforms/CMakeFiles/obj.CIRCTSynthTransforms.dir/LowerWordToBits.cpp.o
[522/605] Building CXX object lib/Dialect/Synth/Transforms/CMakeFiles/obj.CIRCTSynthTransforms.dir/CutRewriter.cpp.o
[523/605] Building CXX object lib/Dialect/Synth/Transforms/CMakeFiles/obj.CIRCTSynthTransforms.dir/MaximumAndCover.cpp.o
[524/605] Building CXX object lib/Dialect/Synth/Transforms/CMakeFiles/obj.CIRCTSynthTransforms.dir/ExactSynthesis.cpp.o
[525/605] Linking CXX static library lib/libCIRCTSystemC.a
[526/605] Building CXX object lib/Dialect/Synth/Transforms/CMakeFiles/obj.CIRCTSynthTransforms.dir/LowerVariadic.cpp.o
[527/605] Building CXX object lib/Dialect/Synth/Transforms/CMakeFiles/obj.CIRCTSynthTransforms.dir/FunctionalReduction.cpp.o
[528/605] Building CXX object lib/Dialect/Synth/Transforms/CMakeFiles/obj.CIRCTSynthTransforms.dir/SOPBalancing.cpp.o
[529/605] Building CXX object lib/Dialect/Synth/Transforms/CMakeFiles/obj.CIRCTSynthTransforms.dir/TestPriorityCuts.cpp.o
[530/605] Building CXX object lib/Dialect/Synth/Transforms/CMakeFiles/obj.CIRCTSynthTransforms.dir/TechMapper.cpp.o
[531/605] Building CXX object lib/Dialect/Synth/Transforms/CMakeFiles/obj.CIRCTSynthTransforms.dir/StructuralHash.cpp.o
[532/605] Building CXX object lib/Dialect/Synth/Transforms/CMakeFiles/obj.CIRCTSynthTransforms.dir/SynthesisPipeline.cpp.o
[533/605] Building CXX object lib/Dialect/Verif/Transforms/CMakeFiles/obj.CIRCTVerifTransforms.dir/FoldAssume.cpp.o
[534/605] Building CXX object lib/Dialect/SystemC/Transforms/CMakeFiles/obj.CIRCTSystemCTransforms.dir/SystemCLowerInstanceInterop.cpp.o
[535/605] Building CXX object lib/Dialect/Verif/Transforms/CMakeFiles/obj.CIRCTVerifTransforms.dir/CombineAssertLike.cpp.o
[536/605] Building CXX object lib/Dialect/Verif/Transforms/CMakeFiles/obj.CIRCTVerifTransforms.dir/LowerContracts.cpp.o
[537/605] Building CXX object lib/Dialect/Verif/Transforms/CMakeFiles/obj.CIRCTVerifTransforms.dir/LowerTests.cpp.o
[538/605] Building CXX object lib/Dialect/Verif/Transforms/CMakeFiles/obj.CIRCTVerifTransforms.dir/PrepareForFormal.cpp.o
[539/605] Building CXX object lib/Dialect/Verif/Transforms/CMakeFiles/obj.CIRCTVerifTransforms.dir/LowerSymbolicValues.cpp.o
[540/605] Building CXX object lib/Dialect/Verif/Transforms/CMakeFiles/obj.CIRCTVerifTransforms.dir/SimplifyAssumeEq.cpp.o
[541/605] Linking CXX static library lib/libCIRCTAnalysisTestPasses.a
[542/605] Linking CXX static library lib/libCIRCTAffineToLoopSchedule.a
[543/605] Linking CXX static library lib/libCIRCTArcToLLVM.a
[544/605] Linking CXX static library lib/libCIRCTCalyxNative.a
[545/605] Linking CXX static library lib/libCIRCTCalyxToFSM.a
[546/605] Linking CXX static library lib/libCIRCTCalyxToHW.a
[547/605] Linking CXX static library lib/libCIRCTCombToSMT.a
[548/605] Linking CXX static library lib/libCIRCTConvertToArcs.a
[549/605] Linking CXX static library lib/libCIRCTConvertToLLVM.a
[550/605] Linking CXX static library lib/libCIRCTCoreToFSM.a
[551/605] Linking CXX static library lib/libCIRCTDatapathToSMT.a
[552/605] Linking CXX static library lib/libCIRCTDCToHW.a
[553/605] Linking CXX static library lib/libCIRCTExportVerilog.a
[554/605] Linking CXX static library lib/libCIRCTFIRRTLToHW.a
[555/605] Linking CXX static library lib/libCIRCTFSMToCore.a
[556/605] Linking CXX static library lib/libCIRCTFSMToSV.a
[557/605] Linking CXX static library lib/libCIRCTFSMToSMT.a
[558/605] Linking CXX static library lib/libCIRCTHandshakeToHW.a
[559/605] Linking CXX static library lib/libCIRCTHWArithToHW.a
[560/605] Linking CXX static library lib/libCIRCTHWToBTOR2.a
[561/605] Linking CXX static library lib/libCIRCTHWToSV.a
[562/605] Linking CXX static library lib/libCIRCTHWToSystemC.a
[563/605] Linking CXX static library lib/libCIRCTLoopScheduleToCalyx.a
[564/605] Linking CXX static library lib/libCIRCTLTLToCore.a
[565/605] Linking CXX static library lib/libCIRCTMooreToCore.a
[566/605] Linking CXX static library lib/libCIRCTPipelineToHW.a
[567/605] Linking CXX static library lib/libCIRCTSCFToCalyx.a
[568/605] Linking CXX static library lib/libCIRCTSeqToSV.a
[569/605] Linking CXX static library lib/libCIRCTSimToSV.a
[570/605] Linking CXX static library lib/libCIRCTSMTToZ3LLVM.a
[571/605] Linking CXX static library lib/libCIRCTSynthToComb.a
[572/605] Linking CXX static library lib/libCIRCTVerifToSMT.a
[573/605] Linking CXX static library lib/libCIRCTVerifToSV.a
[574/605] Linking CXX static library lib/libCIRCTArcTransforms.a
[575/605] Linking CXX static library lib/libCIRCTAXI4.a
[576/605] Linking CXX static library lib/libCIRCTEmitTransforms.a
[577/605] Linking CXX static library lib/libCIRCTFIRRTLTransforms.a
[578/605] Linking CXX static library lib/libCIRCTFSMTransforms.a
[579/605] Linking CXX static library lib/libCIRCTHandshakeTransforms.a
[580/605] Linking CXX static library lib/libCIRCTKanagawaTransforms.a
[581/605] Linking CXX static library lib/libCIRCTLLHDTransforms.a
[582/605] Linking CXX static library lib/libCIRCTMooreTransforms.a
[583/605] Linking CXX static library lib/libCIRCTOMTransforms.a
[584/605] Linking CXX static library lib/libCIRCTPipelineTransforms.a
[585/605] Linking CXX static library lib/libCIRCTProbe.a
[586/605] Linking CXX static library lib/libCIRCTRTGTransforms.a
[587/605] Linking CXX static library lib/libCIRCTRTGTestDialect.a
[588/605] Linking CXX static library lib/libCIRCTSeqTransforms.a
[589/605] Linking CXX static library lib/libCIRCTSimTransforms.a
[590/605] Linking CXX static library lib/libCIRCTSSPTransforms.a
[591/605] Linking CXX static library lib/libCIRCTSVTransforms.a
[592/605] Linking CXX static library lib/libCIRCTSynthTransforms.a
[593/605] Linking CXX static library lib/libCIRCTSystemCTransforms.a
[594/605] Building CXX object lib/Dialect/Verif/Transforms/CMakeFiles/obj.CIRCTVerifTransforms.dir/StripContracts.cpp.o
[595/605] Building CXX object lib/Dialect/Verif/Transforms/CMakeFiles/obj.CIRCTVerifTransforms.dir/VerifyClockedAssertLike.cpp.o
[596/605] Linking CXX static library lib/libCIRCTVerifTransforms.a
[597/605] Building CXX object lib/Tools/circt-bmc/CMakeFiles/obj.CIRCTBMCTransforms.dir/MaterializeDebugVariables.cpp.o
[598/605] Building CXX object lib/Tools/circt-bmc/CMakeFiles/obj.CIRCTBMCTransforms.dir/PrepareForBMC.cpp.o
[599/605] Building CXX object lib/Tools/circt-bmc/CMakeFiles/obj.CIRCTBMCTransforms.dir/ExternalizeRegisters.cpp.o
[600/605] Building CXX object lib/Tools/circt-bmc/CMakeFiles/obj.CIRCTBMCTransforms.dir/LowerToBMC.cpp.o
[601/605] Linking CXX static library lib/libCIRCTBMCTransforms.a
[602/605] Building CXX object lib/Tools/circt-lec/CMakeFiles/obj.CIRCTLECTransforms.dir/ConstructLEC.cpp.o
[603/605] Linking CXX static library lib/libCIRCTLECTransforms.a
[604/605] Building CXX object tools/circt-opt/CMakeFiles/circt-opt.dir/circt-opt.cpp.o
[605/605] Linking CXX executable bin/circt-opt
